-- The C compiler identification is GNU 11.4.0
-- The CXX compiler identification is GNU 11.4.0
-- Detecting C compiler ABI info
-- Detecting C compiler ABI info - done
-- Check for working C compiler: /usr/bin/cc - skipped
-- Detecting C compile features
-- Detecting C compile features - done
-- Detecting CXX compiler ABI info
-- Detecting CXX compiler ABI info - done
-- Check for working CXX compiler: /usr/bin/c++ - skipped
-- Detecting CXX compile features
-- Detecting CXX compile features - done
-- Found std_msgs: 4.9.0 (/opt/ros/humble/share/std_msgs/cmake)
-- Found Python3: /usr/bin/python3 (found version "3.10.12") found components: Interpreter 
-- Found rosidl_generator_c: 3.1.8 (/opt/ros/humble/share/rosidl_generator_c/cmake)
-- Found rosidl_adapter: 3.1.8 (/opt/ros/humble/share/rosidl_adapter/cmake)
-- Found rosidl_generator_cpp: 3.1.8 (/opt/ros/humble/share/rosidl_generator_cpp/cmake)
-- Using all available rosidl_typesupport_c: rosidl_typesupport_fastrtps_c;rosidl_typesupport_introspection_c
-- Using all available rosidl_typesupport_cpp: rosidl_typesupport_fastrtps_cpp;rosidl_typesupport_introspection_cpp
-- Found pluginlib: 5.1.3 (/opt/ros/humble/share/pluginlib/cmake)
-- Found controller_interface: 2.53.0 (/opt/ros/humble/share/controller_interface/cmake)
-- Found rmw_implementation_cmake: 6.1.2 (/opt/ros/humble/share/rmw_implementation_cmake/cmake)
-- Found rmw_fastrtps_cpp: 6.2.9 (/opt/ros/humble/share/rmw_fastrtps_cpp/cmake)
-- Found TinyXML2 via Config file: TinyXML2_DIR-NOTFOUND
-- Found OpenSSL: /usr/lib/x86_64-linux-gnu/libcrypto.so (found version "3.0.2")  
-- Found TinyXML2 via Config file: TinyXML2_DIR-NOTFOUND
-- Found FastRTPS: /opt/ros/humble/include  
-- Found TinyXML2 via Config file: TinyXML2_DIR-NOTFOUND
-- Found TinyXML2 via Config file: TinyXML2_DIR-NOTFOUND
-- Using RMW implementation 'rmw_fastrtps_cpp' as default
-- Performing Test CMAKE_HAVE_LIBC_PTHREAD
-- Performing Test CMAKE_HAVE_LIBC_PTHREAD - Success
-- Found Threads: TRUE  
-- Found realtime_tools: 2.15.0 (/opt/ros/humble/share/realtime_tools/cmake)
-- Found urdf: 2.6.1 (/opt/ros/humble/share/urdf/cmake)
-- Found tf2_ros: 0.25.18 (/opt/ros/humble/share/tf2_ros/cmake)
-- Found ament_lint_auto: 0.12.14 (/opt/ros/humble/share/ament_lint_auto/cmake)
-- Found python_cmake_module: 0.10.0 (/opt/ros/humble/share/python_cmake_module/cmake)
-- Found PythonInterp: /usr/bin/python3 (found suitable version "3.10.12", minimum required is "3.6") 
-- Found PythonLibs: /usr/lib/x86_64-linux-gnu/libpython3.10.so (found suitable version "3.10.12", minimum required is "3.5") 
-- Using PYTHON_EXECUTABLE: /usr/bin/python3
-- Using PYTHON_INCLUDE_DIRS: /usr/include/python3.10
-- Using PYTHON_LIBRARIES: /usr/lib/x86_64-linux-gnu/libpython3.10.so
-- Found PythonExtra: .so  
-- Added test 'cppcheck' to perform static code analysis on C / C++ code
-- Configured cppcheck include dirs: $<BUILD_INTERFACE:/home/suzumiyaharuhi/rl_deploy_v2/deploy/rl_controllers/include>;$<BUILD_INTERFACE:/home/suzumiyaharuhi/rl_deploy_v2/deploy/rl_controllers/../deploy_assets/thirdparty/onnxruntime-linux-x64-1.19.2/include>
-- Configured cppcheck exclude dirs and/or files: 
-- Added test 'flake8' to check Python code syntax and style conventions
-- Added test 'lint_cmake' to check CMake code style
-- Added test 'pep257' to check Python code against some of the docstring style conventions in PEP 257
-- Added test 'uncrustify' to check C / C++ code style
-- Configured uncrustify additional arguments: 
-- Added test 'xmllint' to check XML markup files
-- Configuring done
-- Generating done
-- Build files have been written to: /home/suzumiyaharuhi/rl_deploy_v2/deploy/build/rl_controllers
[ 25%] [32mBuilding CXX object CMakeFiles/rl_controllers.dir/src/RLControllerBase.cpp.o[0m
[ 50%] [32mBuilding CXX object CMakeFiles/rl_controllers.dir/src/AcController.cpp.o[0m
[ 75%] [32mBuilding CXX object CMakeFiles/rl_controllers.dir/src/Utilities.cpp.o[0m
[01m[K/home/suzumiyaharuhi/rl_deploy_v2/deploy/rl_controllers/src/RLControllerBase.cpp:[m[K In member function ‘[01m[Kvirtual void legged::RLControllerBase::updateStateEstimation(const rclcpp::Time&, const rclcpp::Duration&)[m[K’:
[01m[K/home/suzumiyaharuhi/rl_deploy_v2/deploy/rl_controllers/src/RLControllerBase.cpp:517:66:[m[K [01;35m[Kwarning: [m[Kunused parameter ‘[01m[Ktime[m[K’ [[01;35m[K]8;;https://gcc.gnu.org/onlinedocs/gcc/Warning-Options.html#index-Wunused-parameter-Wunused-parameter]8;;[m[K]
  517 | void RLControllerBase::updateStateEstimation([01;35m[Kconst rclcpp::Time &time[m[K, const rclcpp::Duration &period [[maybe_unused]]) {
      |                                              [01;35m[K~~~~~~~~~~~~~~~~~~~~^~~~[m[K
[100%] [32m[1mLinking CXX shared library librl_controllers.so[0m
[100%] Built target rl_controllers
-- Install configuration: ""
-- Installing: /home/suzumiyaharuhi/rl_deploy_v2/deploy/install/rl_controllers/share/rl_controllers/rl_controllers.xml
-- Installing: /home/suzumiyaharuhi/rl_deploy_v2/deploy/install/rl_controllers/share/rl_controllers/config
-- Installing: /home/suzumiyaharuhi/rl_deploy_v2/deploy/install/rl_controllers/share/rl_controllers/config/x2_baseline.yaml
-- Installing: /home/suzumiyaharuhi/rl_deploy_v2/deploy/install/rl_controllers/share/rl_controllers/config/joy.yaml
-- Installing: /home/suzumiyaharuhi/rl_deploy_v2/deploy/install/rl_controllers/share/rl_controllers/launch
-- Installing: /home/suzumiyaharuhi/rl_deploy_v2/deploy/install/rl_controllers/share/rl_controllers/launch/rl_control_real.launch.py
-- Installing: /home/suzumiyaharuhi/rl_deploy_v2/deploy/install/rl_controllers/share/rl_controllers/launch/__pycache__
-- Installing: /home/suzumiyaharuhi/rl_deploy_v2/deploy/install/rl_controllers/share/rl_controllers/launch/__pycache__/rl_control_real.launch.cpython-310.pyc
-- Installing: /home/suzumiyaharuhi/rl_deploy_v2/deploy/install/rl_controllers/share/rl_controllers/policy
-- Installing: /home/suzumiyaharuhi/rl_deploy_v2/deploy/install/rl_controllers/share/rl_controllers/policy/X2
-- Installing: /home/suzumiyaharuhi/rl_deploy_v2/deploy/install/rl_controllers/share/rl_controllers/policy/X2/model.onnx
-- Up-to-date: /home/suzumiyaharuhi/rl_deploy_v2/deploy/install/rl_controllers/share/rl_controllers/rl_controllers.xml
-- Installing: /home/suzumiyaharuhi/rl_deploy_v2/deploy/install/rl_controllers/lib/librl_controllers.so
-- Set runtime path of "/home/suzumiyaharuhi/rl_deploy_v2/deploy/install/rl_controllers/lib/librl_controllers.so" to ""
-- Installing: /home/suzumiyaharuhi/rl_deploy_v2/deploy/install/rl_controllers/share/rl_controllers/environment/library_path.sh
-- Installing: /home/suzumiyaharuhi/rl_deploy_v2/deploy/install/rl_controllers/share/rl_controllers/environment/library_path.dsv
-- Installing: /home/suzumiyaharuhi/rl_deploy_v2/deploy/install/rl_controllers/share/ament_index/resource_index/package_run_dependencies/rl_controllers
-- Installing: /home/suzumiyaharuhi/rl_deploy_v2/deploy/install/rl_controllers/share/ament_index/resource_index/parent_prefix_path/rl_controllers
-- Installing: /home/suzumiyaharuhi/rl_deploy_v2/deploy/install/rl_controllers/share/rl_controllers/environment/ament_prefix_path.sh
-- Installing: /home/suzumiyaharuhi/rl_deploy_v2/deploy/install/rl_controllers/share/rl_controllers/environment/ament_prefix_path.dsv
-- Installing: /home/suzumiyaharuhi/rl_deploy_v2/deploy/install/rl_controllers/share/rl_controllers/environment/path.sh
-- Installing: /home/suzumiyaharuhi/rl_deploy_v2/deploy/install/rl_controllers/share/rl_controllers/environment/path.dsv
-- Installing: /home/suzumiyaharuhi/rl_deploy_v2/deploy/install/rl_controllers/share/rl_controllers/local_setup.bash
-- Installing: /home/suzumiyaharuhi/rl_deploy_v2/deploy/install/rl_controllers/share/rl_controllers/local_setup.sh
-- Installing: /home/suzumiyaharuhi/rl_deploy_v2/deploy/install/rl_controllers/share/rl_controllers/local_setup.zsh
-- Installing: /home/suzumiyaharuhi/rl_deploy_v2/deploy/install/rl_controllers/share/rl_controllers/local_setup.dsv
-- Installing: /home/suzumiyaharuhi/rl_deploy_v2/deploy/install/rl_controllers/share/rl_controllers/package.dsv
-- Installing: /home/suzumiyaharuhi/rl_deploy_v2/deploy/install/rl_controllers/share/ament_index/resource_index/packages/rl_controllers
-- Installing: /home/suzumiyaharuhi/rl_deploy_v2/deploy/install/rl_controllers/share/ament_index/resource_index/controller_interface__pluginlib__plugin/rl_controllers
-- Installing: /home/suzumiyaharuhi/rl_deploy_v2/deploy/install/rl_controllers/share/rl_controllers/cmake/export_rl_controllersExport.cmake
-- Installing: /home/suzumiyaharuhi/rl_deploy_v2/deploy/install/rl_controllers/share/rl_controllers/cmake/export_rl_controllersExport-noconfig.cmake
-- Installing: /home/suzumiyaharuhi/rl_deploy_v2/deploy/install/rl_controllers/share/rl_controllers/cmake/ament_cmake_export_targets-extras.cmake
-- Installing: /home/suzumiyaharuhi/rl_deploy_v2/deploy/install/rl_controllers/share/rl_controllers/cmake/ament_cmake_export_dependencies-extras.cmake
-- Installing: /home/suzumiyaharuhi/rl_deploy_v2/deploy/install/rl_controllers/share/rl_controllers/cmake/rl_controllersConfig.cmake
-- Installing: /home/suzumiyaharuhi/rl_deploy_v2/deploy/install/rl_controllers/share/rl_controllers/cmake/rl_controllersConfig-version.cmake
-- Installing: /home/suzumiyaharuhi/rl_deploy_v2/deploy/install/rl_controllers/share/rl_controllers/package.xml
