[0.010s] Invoking command in '/home/suzumiyaharuhi/rl_deploy_v2/deploy/build/robot_descriptions_public': CMAKE_PREFIX_PATH=${CMAKE_PREFIX_PATH}:/opt/ros/humble /home/suzumiyaharuhi/.local/bin/cmake /home/suzumiyaharuhi/rl_deploy_v2/deploy/robot_descriptions_public -DCMAKE_INSTALL_PREFIX=/home/suzumiyaharuhi/rl_deploy_v2/deploy/install/robot_descriptions_public
[0.064s] -- The C compiler identification is GNU 11.4.0
[0.103s] -- The CXX compiler identification is GNU 11.4.0
[0.111s] -- Detecting C compiler ABI info
[0.150s] -- Detecting C compiler ABI info - done
[0.159s] -- Check for working C compiler: /usr/bin/cc - skipped
[0.159s] -- Detecting C compile features
[0.160s] -- Detecting C compile features - done
[0.163s] -- Detecting CXX compiler ABI info
[0.209s] -- Detecting CXX compiler ABI info - done
[0.215s] -- Check for working CXX compiler: /usr/bin/c++ - skipped
[0.215s] -- Detecting CXX compile features
[0.215s] -- Detecting CXX compile features - done
[0.218s] -- Found ament_cmake: 1.3.12 (/opt/ros/humble/share/ament_cmake/cmake)
[0.446s] -- Found Python3: /usr/bin/python3 (found version "3.10.12") found components: Interpreter 
[0.561s] -- Configuring done
[0.564s] -- Generating done
[0.565s] -- Build files have been written to: /home/suzumiyaharuhi/rl_deploy_v2/deploy/build/robot_descriptions_public
[0.570s] Invoked command in '/home/suzumiyaharuhi/rl_deploy_v2/deploy/build/robot_descriptions_public' returned '0': CMAKE_PREFIX_PATH=${CMAKE_PREFIX_PATH}:/opt/ros/humble /home/suzumiyaharuhi/.local/bin/cmake /home/suzumiyaharuhi/rl_deploy_v2/deploy/robot_descriptions_public -DCMAKE_INSTALL_PREFIX=/home/suzumiyaharuhi/rl_deploy_v2/deploy/install/robot_descriptions_public
[0.571s] Invoking command in '/home/suzumiyaharuhi/rl_deploy_v2/deploy/build/robot_descriptions_public': CMAKE_PREFIX_PATH=${CMAKE_PREFIX_PATH}:/opt/ros/humble /home/suzumiyaharuhi/.local/bin/cmake --build /home/suzumiyaharuhi/rl_deploy_v2/deploy/build/robot_descriptions_public -- -j32 -l32
[0.613s] Invoked command in '/home/suzumiyaharuhi/rl_deploy_v2/deploy/build/robot_descriptions_public' returned '0': CMAKE_PREFIX_PATH=${CMAKE_PREFIX_PATH}:/opt/ros/humble /home/suzumiyaharuhi/.local/bin/cmake --build /home/suzumiyaharuhi/rl_deploy_v2/deploy/build/robot_descriptions_public -- -j32 -l32
[0.614s] Invoking command in '/home/suzumiyaharuhi/rl_deploy_v2/deploy/build/robot_descriptions_public': CMAKE_PREFIX_PATH=${CMAKE_PREFIX_PATH}:/opt/ros/humble /home/suzumiyaharuhi/.local/bin/cmake --install /home/suzumiyaharuhi/rl_deploy_v2/deploy/build/robot_descriptions_public
[0.637s] -- Install configuration: ""
[0.637s] -- Installing: /home/suzumiyaharuhi/rl_deploy_v2/deploy/install/robot_descriptions_public/share/robot_descriptions_public/launch
[0.637s] -- Installing: /home/suzumiyaharuhi/rl_deploy_v2/deploy/install/robot_descriptions_public/share/robot_descriptions_public/launch/display.launch.py
[0.637s] -- Installing: /home/suzumiyaharuhi/rl_deploy_v2/deploy/install/robot_descriptions_public/share/robot_descriptions_public/urdf
[0.637s] -- Installing: /home/suzumiyaharuhi/rl_deploy_v2/deploy/install/robot_descriptions_public/share/robot_descriptions_public/urdf/x2_ultra.urdf
[0.638s] -- Installing: /home/suzumiyaharuhi/rl_deploy_v2/deploy/install/robot_descriptions_public/share/robot_descriptions_public/urdf/model.urdf
[0.638s] -- Installing: /home/suzumiyaharuhi/rl_deploy_v2/deploy/install/robot_descriptions_public/share/robot_descriptions_public/mesh
[0.638s] -- Installing: /home/suzumiyaharuhi/rl_deploy_v2/deploy/install/robot_descriptions_public/share/robot_descriptions_public/mesh/right_hip_pitch_link.STL
[0.642s] -- Installing: /home/suzumiyaharuhi/rl_deploy_v2/deploy/install/robot_descriptions_public/share/robot_descriptions_public/mesh/right_wrist_yaw_link.STL
[0.645s] -- Installing: /home/suzumiyaharuhi/rl_deploy_v2/deploy/install/robot_descriptions_public/share/robot_descriptions_public/mesh/torso_link.STL
[0.657s] -- Installing: /home/suzumiyaharuhi/rl_deploy_v2/deploy/install/robot_descriptions_public/share/robot_descriptions_public/mesh/right_ankle_roll_link.STL
[0.661s] -- Installing: /home/suzumiyaharuhi/rl_deploy_v2/deploy/install/robot_descriptions_public/share/robot_descriptions_public/mesh/left_shoulder_yaw_link.STL
[0.663s] -- Installing: /home/suzumiyaharuhi/rl_deploy_v2/deploy/install/robot_descriptions_public/share/robot_descriptions_public/mesh/left_wrist_fist_link.STL
[0.667s] -- Installing: /home/suzumiyaharuhi/rl_deploy_v2/deploy/install/robot_descriptions_public/share/robot_descriptions_public/mesh/lidar_link.STL
[0.667s] -- Installing: /home/suzumiyaharuhi/rl_deploy_v2/deploy/install/robot_descriptions_public/share/robot_descriptions_public/mesh/waist_yaw_link.STL
[0.669s] -- Installing: /home/suzumiyaharuhi/rl_deploy_v2/deploy/install/robot_descriptions_public/share/robot_descriptions_public/mesh/left_hip_roll_link.STL
[0.671s] -- Installing: /home/suzumiyaharuhi/rl_deploy_v2/deploy/install/robot_descriptions_public/share/robot_descriptions_public/mesh/rgbd_head_front_link.STL
[0.671s] -- Installing: /home/suzumiyaharuhi/rl_deploy_v2/deploy/install/robot_descriptions_public/share/robot_descriptions_public/mesh/pelvis.STL
[0.672s] -- Installing: /home/suzumiyaharuhi/rl_deploy_v2/deploy/install/robot_descriptions_public/share/robot_descriptions_public/mesh/waist_pitch_link.STL
[0.673s] -- Installing: /home/suzumiyaharuhi/rl_deploy_v2/deploy/install/robot_descriptions_public/share/robot_descriptions_public/mesh/left_shoulder_roll_link.STL
[0.674s] -- Installing: /home/suzumiyaharuhi/rl_deploy_v2/deploy/install/robot_descriptions_public/share/robot_descriptions_public/mesh/left_wrist_yaw_link.STL
[0.675s] -- Installing: /home/suzumiyaharuhi/rl_deploy_v2/deploy/install/robot_descriptions_public/share/robot_descriptions_public/mesh/left_hip_yaw_link.STL
[0.678s] -- Installing: /home/suzumiyaharuhi/rl_deploy_v2/deploy/install/robot_descriptions_public/share/robot_descriptions_public/mesh/right_shoulder_pitch_link.STL
[0.679s] -- Installing: /home/suzumiyaharuhi/rl_deploy_v2/deploy/install/robot_descriptions_public/share/robot_descriptions_public/mesh/right_wrist_fist_link.STL
[0.681s] -- Installing: /home/suzumiyaharuhi/rl_deploy_v2/deploy/install/robot_descriptions_public/share/robot_descriptions_public/mesh/left_wrist_roll_link.STL
[0.683s] -- Installing: /home/suzumiyaharuhi/rl_deploy_v2/deploy/install/robot_descriptions_public/share/robot_descriptions_public/mesh/head_yaw_link.STL
[0.683s] -- Installing: /home/suzumiyaharuhi/rl_deploy_v2/deploy/install/robot_descriptions_public/share/robot_descriptions_public/mesh/right_hip_yaw_link.STL
[0.685s] -- Installing: /home/suzumiyaharuhi/rl_deploy_v2/deploy/install/robot_descriptions_public/share/robot_descriptions_public/mesh/right_hip_roll_link.STL
[0.688s] -- Installing: /home/suzumiyaharuhi/rl_deploy_v2/deploy/install/robot_descriptions_public/share/robot_descriptions_public/mesh/right_knee_link.STL
[0.691s] -- Installing: /home/suzumiyaharuhi/rl_deploy_v2/deploy/install/robot_descriptions_public/share/robot_descriptions_public/mesh/right_wrist_hand_link.STL
[0.693s] -- Installing: /home/suzumiyaharuhi/rl_deploy_v2/deploy/install/robot_descriptions_public/share/robot_descriptions_public/mesh/imu_in_head_link.STL
[0.694s] -- Installing: /home/suzumiyaharuhi/rl_deploy_v2/deploy/install/robot_descriptions_public/share/robot_descriptions_public/mesh/left_elbow_link.STL
[0.695s] -- Installing: /home/suzumiyaharuhi/rl_deploy_v2/deploy/install/robot_descriptions_public/share/robot_descriptions_public/mesh/imu_in_pelvis_link.STL
[0.696s] -- Installing: /home/suzumiyaharuhi/rl_deploy_v2/deploy/install/robot_descriptions_public/share/robot_descriptions_public/mesh/imu_in_torso_link.STL
[0.698s] -- Installing: /home/suzumiyaharuhi/rl_deploy_v2/deploy/install/robot_descriptions_public/share/robot_descriptions_public/mesh/left_wrist_pitch_link.STL
[0.699s] -- Installing: /home/suzumiyaharuhi/rl_deploy_v2/deploy/install/robot_descriptions_public/share/robot_descriptions_public/mesh/right_shoulder_yaw_link.STL
[0.700s] -- Installing: /home/suzumiyaharuhi/rl_deploy_v2/deploy/install/robot_descriptions_public/share/robot_descriptions_public/mesh/right_wrist_roll_link.STL
[0.701s] -- Installing: /home/suzumiyaharuhi/rl_deploy_v2/deploy/install/robot_descriptions_public/share/robot_descriptions_public/mesh/left_ankle_pitch_link.STL
[0.702s] -- Installing: /home/suzumiyaharuhi/rl_deploy_v2/deploy/install/robot_descriptions_public/share/robot_descriptions_public/mesh/right_elbow_link.STL
[0.703s] -- Installing: /home/suzumiyaharuhi/rl_deploy_v2/deploy/install/robot_descriptions_public/share/robot_descriptions_public/mesh/right_shoulder_roll_link.STL
[0.704s] -- Installing: /home/suzumiyaharuhi/rl_deploy_v2/deploy/install/robot_descriptions_public/share/robot_descriptions_public/mesh/left_knee_link.STL
[0.707s] -- Installing: /home/suzumiyaharuhi/rl_deploy_v2/deploy/install/robot_descriptions_public/share/robot_descriptions_public/mesh/rgb_head_rear_link.STL
[0.708s] -- Installing: /home/suzumiyaharuhi/rl_deploy_v2/deploy/install/robot_descriptions_public/share/robot_descriptions_public/mesh/right_wrist_pitch_link.STL
[0.709s] -- Installing: /home/suzumiyaharuhi/rl_deploy_v2/deploy/install/robot_descriptions_public/share/robot_descriptions_public/mesh/rgb_head_center_link.STL
[0.710s] -- Installing: /home/suzumiyaharuhi/rl_deploy_v2/deploy/install/robot_descriptions_public/share/robot_descriptions_public/mesh/left_ankle_roll_link.STL
[0.712s] -- Installing: /home/suzumiyaharuhi/rl_deploy_v2/deploy/install/robot_descriptions_public/share/robot_descriptions_public/mesh/torso_plus_link.STL
[0.718s] -- Installing: /home/suzumiyaharuhi/rl_deploy_v2/deploy/install/robot_descriptions_public/share/robot_descriptions_public/mesh/left_shoulder_pitch_link.STL
[0.718s] -- Installing: /home/suzumiyaharuhi/rl_deploy_v2/deploy/install/robot_descriptions_public/share/robot_descriptions_public/mesh/left_wrist_hand_link.STL
[0.720s] -- Installing: /home/suzumiyaharuhi/rl_deploy_v2/deploy/install/robot_descriptions_public/share/robot_descriptions_public/mesh/left_hip_pitch_link.STL
[0.721s] -- Installing: /home/suzumiyaharuhi/rl_deploy_v2/deploy/install/robot_descriptions_public/share/robot_descriptions_public/mesh/stereo_head_front_link.STL
[0.723s] -- Installing: /home/suzumiyaharuhi/rl_deploy_v2/deploy/install/robot_descriptions_public/share/robot_descriptions_public/mesh/right_ankle_pitch_link.STL
[0.723s] -- Installing: /home/suzumiyaharuhi/rl_deploy_v2/deploy/install/robot_descriptions_public/share/robot_descriptions_public/mesh/head_pitch_link.STL
[0.725s] -- Installing: /home/suzumiyaharuhi/rl_deploy_v2/deploy/install/robot_descriptions_public/share/robot_descriptions_public/convex
[0.725s] -- Installing: /home/suzumiyaharuhi/rl_deploy_v2/deploy/install/robot_descriptions_public/share/robot_descriptions_public/convex/right_hip_pitch_link.STL
[0.727s] -- Installing: /home/suzumiyaharuhi/rl_deploy_v2/deploy/install/robot_descriptions_public/share/robot_descriptions_public/convex/right_wrist_yaw_link.STL
[0.728s] -- Installing: /home/suzumiyaharuhi/rl_deploy_v2/deploy/install/robot_descriptions_public/share/robot_descriptions_public/convex/torso_link.STL
[0.733s] -- Installing: /home/suzumiyaharuhi/rl_deploy_v2/deploy/install/robot_descriptions_public/share/robot_descriptions_public/convex/right_ankle_roll_link.STL
[0.735s] -- Installing: /home/suzumiyaharuhi/rl_deploy_v2/deploy/install/robot_descriptions_public/share/robot_descriptions_public/convex/left_shoulder_yaw_link.STL
[0.736s] -- Installing: /home/suzumiyaharuhi/rl_deploy_v2/deploy/install/robot_descriptions_public/share/robot_descriptions_public/convex/left_wrist_fist_link.STL
[0.738s] -- Installing: /home/suzumiyaharuhi/rl_deploy_v2/deploy/install/robot_descriptions_public/share/robot_descriptions_public/convex/lidar_link.STL
[0.739s] -- Installing: /home/suzumiyaharuhi/rl_deploy_v2/deploy/install/robot_descriptions_public/share/robot_descriptions_public/convex/waist_yaw_link.STL
[0.739s] -- Installing: /home/suzumiyaharuhi/rl_deploy_v2/deploy/install/robot_descriptions_public/share/robot_descriptions_public/convex/left_hip_roll_link.STL
[0.742s] -- Installing: /home/suzumiyaharuhi/rl_deploy_v2/deploy/install/robot_descriptions_public/share/robot_descriptions_public/convex/rgbd_head_front_link.STL
[0.742s] -- Installing: /home/suzumiyaharuhi/rl_deploy_v2/deploy/install/robot_descriptions_public/share/robot_descriptions_public/convex/pelvis.STL
[0.743s] -- Installing: /home/suzumiyaharuhi/rl_deploy_v2/deploy/install/robot_descriptions_public/share/robot_descriptions_public/convex/waist_pitch_link.STL
[0.744s] -- Installing: /home/suzumiyaharuhi/rl_deploy_v2/deploy/install/robot_descriptions_public/share/robot_descriptions_public/convex/left_shoulder_roll_link.STL
[0.745s] -- Installing: /home/suzumiyaharuhi/rl_deploy_v2/deploy/install/robot_descriptions_public/share/robot_descriptions_public/convex/left_wrist_yaw_link.STL
[0.747s] -- Installing: /home/suzumiyaharuhi/rl_deploy_v2/deploy/install/robot_descriptions_public/share/robot_descriptions_public/convex/left_hip_yaw_link.STL
[0.749s] -- Installing: /home/suzumiyaharuhi/rl_deploy_v2/deploy/install/robot_descriptions_public/share/robot_descriptions_public/convex/right_shoulder_pitch_link.STL
[0.750s] -- Installing: /home/suzumiyaharuhi/rl_deploy_v2/deploy/install/robot_descriptions_public/share/robot_descriptions_public/convex/right_wrist_fist_link.STL
[0.752s] -- Installing: /home/suzumiyaharuhi/rl_deploy_v2/deploy/install/robot_descriptions_public/share/robot_descriptions_public/convex/left_wrist_roll_link.STL
[0.753s] -- Installing: /home/suzumiyaharuhi/rl_deploy_v2/deploy/install/robot_descriptions_public/share/robot_descriptions_public/convex/head_yaw_link.STL
[0.753s] -- Installing: /home/suzumiyaharuhi/rl_deploy_v2/deploy/install/robot_descriptions_public/share/robot_descriptions_public/convex/right_hip_yaw_link.STL
[0.756s] -- Installing: /home/suzumiyaharuhi/rl_deploy_v2/deploy/install/robot_descriptions_public/share/robot_descriptions_public/convex/right_hip_roll_link.STL
[0.758s] -- Installing: /home/suzumiyaharuhi/rl_deploy_v2/deploy/install/robot_descriptions_public/share/robot_descriptions_public/convex/right_knee_link.STL
[0.762s] -- Installing: /home/suzumiyaharuhi/rl_deploy_v2/deploy/install/robot_descriptions_public/share/robot_descriptions_public/convex/right_wrist_hand_link.STL
[0.763s] -- Installing: /home/suzumiyaharuhi/rl_deploy_v2/deploy/install/robot_descriptions_public/share/robot_descriptions_public/convex/imu_in_head_link.STL
[0.764s] -- Installing: /home/suzumiyaharuhi/rl_deploy_v2/deploy/install/robot_descriptions_public/share/robot_descriptions_public/convex/left_elbow_link.STL
[0.765s] -- Installing: /home/suzumiyaharuhi/rl_deploy_v2/deploy/install/robot_descriptions_public/share/robot_descriptions_public/convex/imu_in_pelvis_link.STL
[0.767s] -- Installing: /home/suzumiyaharuhi/rl_deploy_v2/deploy/install/robot_descriptions_public/share/robot_descriptions_public/convex/imu_in_torso_link.STL
[0.768s] -- Installing: /home/suzumiyaharuhi/rl_deploy_v2/deploy/install/robot_descriptions_public/share/robot_descriptions_public/convex/left_wrist_pitch_link.STL
[0.769s] -- Installing: /home/suzumiyaharuhi/rl_deploy_v2/deploy/install/robot_descriptions_public/share/robot_descriptions_public/convex/right_shoulder_yaw_link.STL
[0.770s] -- Installing: /home/suzumiyaharuhi/rl_deploy_v2/deploy/install/robot_descriptions_public/share/robot_descriptions_public/convex/right_wrist_roll_link.STL
[0.771s] -- Installing: /home/suzumiyaharuhi/rl_deploy_v2/deploy/install/robot_descriptions_public/share/robot_descriptions_public/convex/left_ankle_pitch_link.STL
[0.772s] -- Installing: /home/suzumiyaharuhi/rl_deploy_v2/deploy/install/robot_descriptions_public/share/robot_descriptions_public/convex/right_elbow_link.STL
[0.772s] -- Installing: /home/suzumiyaharuhi/rl_deploy_v2/deploy/install/robot_descriptions_public/share/robot_descriptions_public/convex/right_shoulder_roll_link.STL
[0.774s] -- Installing: /home/suzumiyaharuhi/rl_deploy_v2/deploy/install/robot_descriptions_public/share/robot_descriptions_public/convex/left_knee_link.STL
[0.777s] -- Installing: /home/suzumiyaharuhi/rl_deploy_v2/deploy/install/robot_descriptions_public/share/robot_descriptions_public/convex/rgb_head_rear_link.STL
[0.777s] -- Installing: /home/suzumiyaharuhi/rl_deploy_v2/deploy/install/robot_descriptions_public/share/robot_descriptions_public/convex/right_wrist_pitch_link.STL
[0.778s] -- Installing: /home/suzumiyaharuhi/rl_deploy_v2/deploy/install/robot_descriptions_public/share/robot_descriptions_public/convex/rgb_head_center_link.STL
[0.779s] -- Installing: /home/suzumiyaharuhi/rl_deploy_v2/deploy/install/robot_descriptions_public/share/robot_descriptions_public/convex/left_ankle_roll_link.STL
[0.781s] -- Installing: /home/suzumiyaharuhi/rl_deploy_v2/deploy/install/robot_descriptions_public/share/robot_descriptions_public/convex/torso_plus_link.STL
[0.785s] -- Installing: /home/suzumiyaharuhi/rl_deploy_v2/deploy/install/robot_descriptions_public/share/robot_descriptions_public/convex/left_shoulder_pitch_link.STL
[0.786s] -- Installing: /home/suzumiyaharuhi/rl_deploy_v2/deploy/install/robot_descriptions_public/share/robot_descriptions_public/convex/left_wrist_hand_link.STL
[0.787s] -- Installing: /home/suzumiyaharuhi/rl_deploy_v2/deploy/install/robot_descriptions_public/share/robot_descriptions_public/convex/left_hip_pitch_link.STL
[0.789s] -- Installing: /home/suzumiyaharuhi/rl_deploy_v2/deploy/install/robot_descriptions_public/share/robot_descriptions_public/convex/stereo_head_front_link.STL
[0.790s] -- Installing: /home/suzumiyaharuhi/rl_deploy_v2/deploy/install/robot_descriptions_public/share/robot_descriptions_public/convex/right_ankle_pitch_link.STL
[0.790s] -- Installing: /home/suzumiyaharuhi/rl_deploy_v2/deploy/install/robot_descriptions_public/share/robot_descriptions_public/convex/head_pitch_link.STL
[0.792s] -- Installing: /home/suzumiyaharuhi/rl_deploy_v2/deploy/install/robot_descriptions_public/share/robot_descriptions_public/rviz
[0.792s] -- Installing: /home/suzumiyaharuhi/rl_deploy_v2/deploy/install/robot_descriptions_public/share/robot_descriptions_public/rviz/display.rviz
[0.793s] -- Installing: /home/suzumiyaharuhi/rl_deploy_v2/deploy/install/robot_descriptions_public/share/ament_index/resource_index/package_run_dependencies/robot_descriptions_public
[0.793s] -- Installing: /home/suzumiyaharuhi/rl_deploy_v2/deploy/install/robot_descriptions_public/share/ament_index/resource_index/parent_prefix_path/robot_descriptions_public
[0.793s] -- Installing: /home/suzumiyaharuhi/rl_deploy_v2/deploy/install/robot_descriptions_public/share/robot_descriptions_public/environment/ament_prefix_path.sh
[0.793s] -- Installing: /home/suzumiyaharuhi/rl_deploy_v2/deploy/install/robot_descriptions_public/share/robot_descriptions_public/environment/ament_prefix_path.dsv
[0.793s] -- Installing: /home/suzumiyaharuhi/rl_deploy_v2/deploy/install/robot_descriptions_public/share/robot_descriptions_public/environment/path.sh
[0.793s] -- Installing: /home/suzumiyaharuhi/rl_deploy_v2/deploy/install/robot_descriptions_public/share/robot_descriptions_public/environment/path.dsv
[0.793s] -- Installing: /home/suzumiyaharuhi/rl_deploy_v2/deploy/install/robot_descriptions_public/share/robot_descriptions_public/local_setup.bash
[0.793s] -- Installing: /home/suzumiyaharuhi/rl_deploy_v2/deploy/install/robot_descriptions_public/share/robot_descriptions_public/local_setup.sh
[0.793s] -- Installing: /home/suzumiyaharuhi/rl_deploy_v2/deploy/install/robot_descriptions_public/share/robot_descriptions_public/local_setup.zsh
[0.793s] -- Installing: /home/suzumiyaharuhi/rl_deploy_v2/deploy/install/robot_descriptions_public/share/robot_descriptions_public/local_setup.dsv
[0.793s] -- Installing: /home/suzumiyaharuhi/rl_deploy_v2/deploy/install/robot_descriptions_public/share/robot_descriptions_public/package.dsv
[0.793s] -- Installing: /home/suzumiyaharuhi/rl_deploy_v2/deploy/install/robot_descriptions_public/share/ament_index/resource_index/packages/robot_descriptions_public
[0.793s] -- Installing: /home/suzumiyaharuhi/rl_deploy_v2/deploy/install/robot_descriptions_public/share/robot_descriptions_public/cmake/robot_descriptions_publicConfig.cmake
[0.793s] -- Installing: /home/suzumiyaharuhi/rl_deploy_v2/deploy/install/robot_descriptions_public/share/robot_descriptions_public/cmake/robot_descriptions_publicConfig-version.cmake
[0.793s] -- Installing: /home/suzumiyaharuhi/rl_deploy_v2/deploy/install/robot_descriptions_public/share/robot_descriptions_public/package.xml
[0.797s] Invoked command in '/home/suzumiyaharuhi/rl_deploy_v2/deploy/build/robot_descriptions_public' returned '0': CMAKE_PREFIX_PATH=${CMAKE_PREFIX_PATH}:/opt/ros/humble /home/suzumiyaharuhi/.local/bin/cmake --install /home/suzumiyaharuhi/rl_deploy_v2/deploy/build/robot_descriptions_public
