The system is: Linux - 6.8.0-110-generic - x86_64
Compiling the C compiler identification source file "CMakeCCompilerId.c" succeeded.
Compiler: /usr/bin/cc 
Build flags: 
Id flags:  

The output was:
0


Compilation of the C compiler identification source "CMakeCCompilerId.c" produced "a.out"

The C compiler identification is GNU, found in "/home/suzumiyaharuhi/rl_deploy_v2/deploy/build/legged_system/CMakeFiles/3.25.0/CompilerIdC/a.out"

Compiling the CXX compiler identification source file "CMakeCXXCompilerId.cpp" succeeded.
Compiler: /usr/bin/c++ 
Build flags: 
Id flags:  

The output was:
0


Compilation of the CXX compiler identification source "CMakeCXXCompilerId.cpp" produced "a.out"

The CXX compiler identification is GNU, found in "/home/suzumiyaharuhi/rl_deploy_v2/deploy/build/legged_system/CMakeFiles/3.25.0/CompilerIdCXX/a.out"

Detecting C compiler ABI info compiled with the following output:
Change Dir: /home/suzumiyaharuhi/rl_deploy_v2/deploy/build/legged_system/CMakeFiles/CMakeScratch/TryCompile-IhcPDa

Run Build Command(s):/usr/bin/gmake -f Makefile cmTC_c4961/fast && /usr/bin/gmake  -f CMakeFiles/cmTC_c4961.dir/build.make CMakeFiles/cmTC_c4961.dir/build
gmake[1]: Entering directory '/home/suzumiyaharuhi/rl_deploy_v2/deploy/build/legged_system/CMakeFiles/CMakeScratch/TryCompile-IhcPDa'
Building C object CMakeFiles/cmTC_c4961.dir/CMakeCCompilerABI.c.o
/usr/bin/cc   -v -o CMakeFiles/cmTC_c4961.dir/CMakeCCompilerABI.c.o -c /home/suzumiyaharuhi/.local/lib/python3.10/site-packages/cmake/data/share/cmake-3.25/Modules/CMakeCCompilerABI.c
Using built-in specs.
COLLECT_GCC=/usr/bin/cc
OFFLOAD_TARGET_NAMES=nvptx-none:amdgcn-amdhsa
OFFLOAD_TARGET_DEFAULT=1
Target: x86_64-linux-gnu
Configured with: ../src/configure -v --with-pkgversion='Ubuntu 11.4.0-1ubuntu1~22.04.3' --with-bugurl=file:///usr/share/doc/gcc-11/README.Bugs --enable-languages=c,ada,c++,go,brig,d,fortran,objc,obj-c++,m2 --prefix=/usr --with-gcc-major-version-only --program-suffix=-11 --program-prefix=x86_64-linux-gnu- --enable-shared --enable-linker-build-id --libexecdir=/usr/lib --without-included-gettext --enable-threads=posix --libdir=/usr/lib --enable-nls --enable-bootstrap --enable-clocale=gnu --enable-libstdcxx-debug --enable-libstdcxx-time=yes --with-default-libstdcxx-abi=new --enable-gnu-unique-object --disable-vtable-verify --enable-plugin --enable-default-pie --with-system-zlib --enable-libphobos-checking=release --with-target-system-zlib=auto --enable-objc-gc=auto --enable-multiarch --disable-werror --enable-cet --with-arch-32=i686 --with-abi=m64 --with-multilib-list=m32,m64,mx32 --enable-multilib --with-tune=generic --enable-offload-targets=nvptx-none=/build/gcc-11-0odw26/gcc-11-11.4.0/debian/tmp-nvptx/usr,amdgcn-amdhsa=/build/gcc-11-0odw26/gcc-11-11.4.0/debian/tmp-gcn/usr --without-cuda-driver --enable-checking=release --build=x86_64-linux-gnu --host=x86_64-linux-gnu --target=x86_64-linux-gnu --with-build-config=bootstrap-lto-lean --enable-link-serialization=2
Thread model: posix
Supported LTO compression algorithms: zlib zstd
gcc version 11.4.0 (Ubuntu 11.4.0-1ubuntu1~22.04.3) 
COLLECT_GCC_OPTIONS='-v' '-o' 'CMakeFiles/cmTC_c4961.dir/CMakeCCompilerABI.c.o' '-c' '-mtune=generic' '-march=x86-64' '-dumpdir' 'CMakeFiles/cmTC_c4961.dir/'
 /usr/lib/gcc/x86_64-linux-gnu/11/cc1 -quiet -v -imultiarch x86_64-linux-gnu /home/suzumiyaharuhi/.local/lib/python3.10/site-packages/cmake/data/share/cmake-3.25/Modules/CMakeCCompilerABI.c -quiet -dumpdir CMakeFiles/cmTC_c4961.dir/ -dumpbase CMakeCCompilerABI.c.c -dumpbase-ext .c -mtune=generic -march=x86-64 -version -fasynchronous-unwind-tables -fstack-protector-strong -Wformat -Wformat-security -fstack-clash-protection -fcf-protection -o /tmp/ccUfV6Ci.s
GNU C17 (Ubuntu 11.4.0-1ubuntu1~22.04.3) version 11.4.0 (x86_64-linux-gnu)
	compiled by GNU C version 11.4.0, GMP version 6.2.1, MPFR version 4.1.0, MPC version 1.2.1, isl version isl-0.24-GMP

GGC heuristics: --param ggc-min-expand=100 --param ggc-min-heapsize=131072
ignoring nonexistent directory "/usr/local/include/x86_64-linux-gnu"
ignoring nonexistent directory "/usr/lib/gcc/x86_64-linux-gnu/11/include-fixed"
ignoring nonexistent directory "/usr/lib/gcc/x86_64-linux-gnu/11/../../../../x86_64-linux-gnu/include"
#include "..." search starts here:
#include <...> search starts here:
 /usr/lib/gcc/x86_64-linux-gnu/11/include
 /usr/local/include
 /usr/include/x86_64-linux-gnu
 /usr/include
End of search list.
GNU C17 (Ubuntu 11.4.0-1ubuntu1~22.04.3) version 11.4.0 (x86_64-linux-gnu)
	compiled by GNU C version 11.4.0, GMP version 6.2.1, MPFR version 4.1.0, MPC version 1.2.1, isl version isl-0.24-GMP

GGC heuristics: --param ggc-min-expand=100 --param ggc-min-heapsize=131072
Compiler executable checksum: 46ebede1f5b795a957a1e85cb61af9d8
COLLECT_GCC_OPTIONS='-v' '-o' 'CMakeFiles/cmTC_c4961.dir/CMakeCCompilerABI.c.o' '-c' '-mtune=generic' '-march=x86-64' '-dumpdir' 'CMakeFiles/cmTC_c4961.dir/'
 as -v --64 -o CMakeFiles/cmTC_c4961.dir/CMakeCCompilerABI.c.o /tmp/ccUfV6Ci.s
GNU assembler version 2.38 (x86_64-linux-gnu) using BFD version (GNU Binutils for Ubuntu) 2.38
COMPILER_PATH=/usr/lib/gcc/x86_64-linux-gnu/11/:/usr/lib/gcc/x86_64-linux-gnu/11/:/usr/lib/gcc/x86_64-linux-gnu/:/usr/lib/gcc/x86_64-linux-gnu/11/:/usr/lib/gcc/x86_64-linux-gnu/
LIBRARY_PATH=/usr/lib/gcc/x86_64-linux-gnu/11/:/usr/lib/gcc/x86_64-linux-gnu/11/../../../x86_64-linux-gnu/:/usr/lib/gcc/x86_64-linux-gnu/11/../../../../lib/:/lib/x86_64-linux-gnu/:/lib/../lib/:/usr/lib/x86_64-linux-gnu/:/usr/lib/../lib/:/usr/lib/gcc/x86_64-linux-gnu/11/../../../:/lib/:/usr/lib/
COLLECT_GCC_OPTIONS='-v' '-o' 'CMakeFiles/cmTC_c4961.dir/CMakeCCompilerABI.c.o' '-c' '-mtune=generic' '-march=x86-64' '-dumpdir' 'CMakeFiles/cmTC_c4961.dir/CMakeCCompilerABI.c.'
Linking C executable cmTC_c4961
/home/suzumiyaharuhi/.local/lib/python3.10/site-packages/cmake/data/bin/cmake -E cmake_link_script CMakeFiles/cmTC_c4961.dir/link.txt --verbose=1
/usr/bin/cc  -v CMakeFiles/cmTC_c4961.dir/CMakeCCompilerABI.c.o -o cmTC_c4961 
Using built-in specs.
COLLECT_GCC=/usr/bin/cc
COLLECT_LTO_WRAPPER=/usr/lib/gcc/x86_64-linux-gnu/11/lto-wrapper
OFFLOAD_TARGET_NAMES=nvptx-none:amdgcn-amdhsa
OFFLOAD_TARGET_DEFAULT=1
Target: x86_64-linux-gnu
Configured with: ../src/configure -v --with-pkgversion='Ubuntu 11.4.0-1ubuntu1~22.04.3' --with-bugurl=file:///usr/share/doc/gcc-11/README.Bugs --enable-languages=c,ada,c++,go,brig,d,fortran,objc,obj-c++,m2 --prefix=/usr --with-gcc-major-version-only --program-suffix=-11 --program-prefix=x86_64-linux-gnu- --enable-shared --enable-linker-build-id --libexecdir=/usr/lib --without-included-gettext --enable-threads=posix --libdir=/usr/lib --enable-nls --enable-bootstrap --enable-clocale=gnu --enable-libstdcxx-debug --enable-libstdcxx-time=yes --with-default-libstdcxx-abi=new --enable-gnu-unique-object --disable-vtable-verify --enable-plugin --enable-default-pie --with-system-zlib --enable-libphobos-checking=release --with-target-system-zlib=auto --enable-objc-gc=auto --enable-multiarch --disable-werror --enable-cet --with-arch-32=i686 --with-abi=m64 --with-multilib-list=m32,m64,mx32 --enable-multilib --with-tune=generic --enable-offload-targets=nvptx-none=/build/gcc-11-0odw26/gcc-11-11.4.0/debian/tmp-nvptx/usr,amdgcn-amdhsa=/build/gcc-11-0odw26/gcc-11-11.4.0/debian/tmp-gcn/usr --without-cuda-driver --enable-checking=release --build=x86_64-linux-gnu --host=x86_64-linux-gnu --target=x86_64-linux-gnu --with-build-config=bootstrap-lto-lean --enable-link-serialization=2
Thread model: posix
Supported LTO compression algorithms: zlib zstd
gcc version 11.4.0 (Ubuntu 11.4.0-1ubuntu1~22.04.3) 
COMPILER_PATH=/usr/lib/gcc/x86_64-linux-gnu/11/:/usr/lib/gcc/x86_64-linux-gnu/11/:/usr/lib/gcc/x86_64-linux-gnu/:/usr/lib/gcc/x86_64-linux-gnu/11/:/usr/lib/gcc/x86_64-linux-gnu/
LIBRARY_PATH=/usr/lib/gcc/x86_64-linux-gnu/11/:/usr/lib/gcc/x86_64-linux-gnu/11/../../../x86_64-linux-gnu/:/usr/lib/gcc/x86_64-linux-gnu/11/../../../../lib/:/lib/x86_64-linux-gnu/:/lib/../lib/:/usr/lib/x86_64-linux-gnu/:/usr/lib/../lib/:/usr/lib/gcc/x86_64-linux-gnu/11/../../../:/lib/:/usr/lib/
COLLECT_GCC_OPTIONS='-v' '-o' 'cmTC_c4961' '-mtune=generic' '-march=x86-64' '-dumpdir' 'cmTC_c4961.'
 /usr/lib/gcc/x86_64-linux-gnu/11/collect2 -plugin /usr/lib/gcc/x86_64-linux-gnu/11/liblto_plugin.so -plugin-opt=/usr/lib/gcc/x86_64-linux-gnu/11/lto-wrapper -plugin-opt=-fresolution=/tmp/ccOwVBFx.res -plugin-opt=-pass-through=-lgcc -plugin-opt=-pass-through=-lgcc_s -plugin-opt=-pass-through=-lc -plugin-opt=-pass-through=-lgcc -plugin-opt=-pass-through=-lgcc_s --build-id --eh-frame-hdr -m elf_x86_64 --hash-style=gnu --as-needed -dynamic-linker /lib64/ld-linux-x86-64.so.2 -pie -z now -z relro -o cmTC_c4961 /usr/lib/gcc/x86_64-linux-gnu/11/../../../x86_64-linux-gnu/Scrt1.o /usr/lib/gcc/x86_64-linux-gnu/11/../../../x86_64-linux-gnu/crti.o /usr/lib/gcc/x86_64-linux-gnu/11/crtbeginS.o -L/usr/lib/gcc/x86_64-linux-gnu/11 -L/usr/lib/gcc/x86_64-linux-gnu/11/../../../x86_64-linux-gnu -L/usr/lib/gcc/x86_64-linux-gnu/11/../../../../lib -L/lib/x86_64-linux-gnu -L/lib/../lib -L/usr/lib/x86_64-linux-gnu -L/usr/lib/../lib -L/usr/lib/gcc/x86_64-linux-gnu/11/../../.. CMakeFiles/cmTC_c4961.dir/CMakeCCompilerABI.c.o -lgcc --push-state --as-needed -lgcc_s --pop-state -lc -lgcc --push-state --as-needed -lgcc_s --pop-state /usr/lib/gcc/x86_64-linux-gnu/11/crtendS.o /usr/lib/gcc/x86_64-linux-gnu/11/../../../x86_64-linux-gnu/crtn.o
COLLECT_GCC_OPTIONS='-v' '-o' 'cmTC_c4961' '-mtune=generic' '-march=x86-64' '-dumpdir' 'cmTC_c4961.'
gmake[1]: Leaving directory '/home/suzumiyaharuhi/rl_deploy_v2/deploy/build/legged_system/CMakeFiles/CMakeScratch/TryCompile-IhcPDa'



Parsed C implicit include dir info from above output: rv=done
  found start of include info
  found start of implicit include info
    add: [/usr/lib/gcc/x86_64-linux-gnu/11/include]
    add: [/usr/local/include]
    add: [/usr/include/x86_64-linux-gnu]
    add: [/usr/include]
  end of search list found
  collapse include dir [/usr/lib/gcc/x86_64-linux-gnu/11/include] ==> [/usr/lib/gcc/x86_64-linux-gnu/11/include]
  collapse include dir [/usr/local/include] ==> [/usr/local/include]
  collapse include dir [/usr/include/x86_64-linux-gnu] ==> [/usr/include/x86_64-linux-gnu]
  collapse include dir [/usr/include] ==> [/usr/include]
  implicit include dirs: [/usr/lib/gcc/x86_64-linux-gnu/11/include;/usr/local/include;/usr/include/x86_64-linux-gnu;/usr/include]


Parsed C implicit link information from above output:
  link line regex: [^( *|.*[/\])(ld|CMAKE_LINK_STARTFILE-NOTFOUND|([^/\]+-)?ld|collect2)[^/\]*( |$)]
  ignore line: [Change Dir: /home/suzumiyaharuhi/rl_deploy_v2/deploy/build/legged_system/CMakeFiles/CMakeScratch/TryCompile-IhcPDa]
  ignore line: []
  ignore line: [Run Build Command(s):/usr/bin/gmake -f Makefile cmTC_c4961/fast && /usr/bin/gmake  -f CMakeFiles/cmTC_c4961.dir/build.make CMakeFiles/cmTC_c4961.dir/build]
  ignore line: [gmake[1]: Entering directory '/home/suzumiyaharuhi/rl_deploy_v2/deploy/build/legged_system/CMakeFiles/CMakeScratch/TryCompile-IhcPDa']
  ignore line: [Building C object CMakeFiles/cmTC_c4961.dir/CMakeCCompilerABI.c.o]
  ignore line: [/usr/bin/cc   -v -o CMakeFiles/cmTC_c4961.dir/CMakeCCompilerABI.c.o -c /home/suzumiyaharuhi/.local/lib/python3.10/site-packages/cmake/data/share/cmake-3.25/Modules/CMakeCCompilerABI.c]
  ignore line: [Using built-in specs.]
  ignore line: [COLLECT_GCC=/usr/bin/cc]
  ignore line: [OFFLOAD_TARGET_NAMES=nvptx-none:amdgcn-amdhsa]
  ignore line: [OFFLOAD_TARGET_DEFAULT=1]
  ignore line: [Target: x86_64-linux-gnu]
  ignore line: [Configured with: ../src/configure -v --with-pkgversion='Ubuntu 11.4.0-1ubuntu1~22.04.3' --with-bugurl=file:///usr/share/doc/gcc-11/README.Bugs --enable-languages=c ada c++ go brig d fortran objc obj-c++ m2 --prefix=/usr --with-gcc-major-version-only --program-suffix=-11 --program-prefix=x86_64-linux-gnu- --enable-shared --enable-linker-build-id --libexecdir=/usr/lib --without-included-gettext --enable-threads=posix --libdir=/usr/lib --enable-nls --enable-bootstrap --enable-clocale=gnu --enable-libstdcxx-debug --enable-libstdcxx-time=yes --with-default-libstdcxx-abi=new --enable-gnu-unique-object --disable-vtable-verify --enable-plugin --enable-default-pie --with-system-zlib --enable-libphobos-checking=release --with-target-system-zlib=auto --enable-objc-gc=auto --enable-multiarch --disable-werror --enable-cet --with-arch-32=i686 --with-abi=m64 --with-multilib-list=m32 m64 mx32 --enable-multilib --with-tune=generic --enable-offload-targets=nvptx-none=/build/gcc-11-0odw26/gcc-11-11.4.0/debian/tmp-nvptx/usr amdgcn-amdhsa=/build/gcc-11-0odw26/gcc-11-11.4.0/debian/tmp-gcn/usr --without-cuda-driver --enable-checking=release --build=x86_64-linux-gnu --host=x86_64-linux-gnu --target=x86_64-linux-gnu --with-build-config=bootstrap-lto-lean --enable-link-serialization=2]
  ignore line: [Thread model: posix]
  ignore line: [Supported LTO compression algorithms: zlib zstd]
  ignore line: [gcc version 11.4.0 (Ubuntu 11.4.0-1ubuntu1~22.04.3) ]
  ignore line: [COLLECT_GCC_OPTIONS='-v' '-o' 'CMakeFiles/cmTC_c4961.dir/CMakeCCompilerABI.c.o' '-c' '-mtune=generic' '-march=x86-64' '-dumpdir' 'CMakeFiles/cmTC_c4961.dir/']
  ignore line: [ /usr/lib/gcc/x86_64-linux-gnu/11/cc1 -quiet -v -imultiarch x86_64-linux-gnu /home/suzumiyaharuhi/.local/lib/python3.10/site-packages/cmake/data/share/cmake-3.25/Modules/CMakeCCompilerABI.c -quiet -dumpdir CMakeFiles/cmTC_c4961.dir/ -dumpbase CMakeCCompilerABI.c.c -dumpbase-ext .c -mtune=generic -march=x86-64 -version -fasynchronous-unwind-tables -fstack-protector-strong -Wformat -Wformat-security -fstack-clash-protection -fcf-protection -o /tmp/ccUfV6Ci.s]
  ignore line: [GNU C17 (Ubuntu 11.4.0-1ubuntu1~22.04.3) version 11.4.0 (x86_64-linux-gnu)]
  ignore line: [	compiled by GNU C version 11.4.0  GMP version 6.2.1  MPFR version 4.1.0  MPC version 1.2.1  isl version isl-0.24-GMP]
  ignore line: []
  ignore line: [GGC heuristics: --param ggc-min-expand=100 --param ggc-min-heapsize=131072]
  ignore line: [ignoring nonexistent directory "/usr/local/include/x86_64-linux-gnu"]
  ignore line: [ignoring nonexistent directory "/usr/lib/gcc/x86_64-linux-gnu/11/include-fixed"]
  ignore line: [ignoring nonexistent directory "/usr/lib/gcc/x86_64-linux-gnu/11/../../../../x86_64-linux-gnu/include"]
  ignore line: [#include "..." search starts here:]
  ignore line: [#include <...> search starts here:]
  ignore line: [ /usr/lib/gcc/x86_64-linux-gnu/11/include]
  ignore line: [ /usr/local/include]
  ignore line: [ /usr/include/x86_64-linux-gnu]
  ignore line: [ /usr/include]
  ignore line: [End of search list.]
  ignore line: [GNU C17 (Ubuntu 11.4.0-1ubuntu1~22.04.3) version 11.4.0 (x86_64-linux-gnu)]
  ignore line: [	compiled by GNU C version 11.4.0  GMP version 6.2.1  MPFR version 4.1.0  MPC version 1.2.1  isl version isl-0.24-GMP]
  ignore line: []
  ignore line: [GGC heuristics: --param ggc-min-expand=100 --param ggc-min-heapsize=131072]
  ignore line: [Compiler executable checksum: 46ebede1f5b795a957a1e85cb61af9d8]
  ignore line: [COLLECT_GCC_OPTIONS='-v' '-o' 'CMakeFiles/cmTC_c4961.dir/CMakeCCompilerABI.c.o' '-c' '-mtune=generic' '-march=x86-64' '-dumpdir' 'CMakeFiles/cmTC_c4961.dir/']
  ignore line: [ as -v --64 -o CMakeFiles/cmTC_c4961.dir/CMakeCCompilerABI.c.o /tmp/ccUfV6Ci.s]
  ignore line: [GNU assembler version 2.38 (x86_64-linux-gnu) using BFD version (GNU Binutils for Ubuntu) 2.38]
  ignore line: [COMPILER_PATH=/usr/lib/gcc/x86_64-linux-gnu/11/:/usr/lib/gcc/x86_64-linux-gnu/11/:/usr/lib/gcc/x86_64-linux-gnu/:/usr/lib/gcc/x86_64-linux-gnu/11/:/usr/lib/gcc/x86_64-linux-gnu/]
  ignore line: [LIBRARY_PATH=/usr/lib/gcc/x86_64-linux-gnu/11/:/usr/lib/gcc/x86_64-linux-gnu/11/../../../x86_64-linux-gnu/:/usr/lib/gcc/x86_64-linux-gnu/11/../../../../lib/:/lib/x86_64-linux-gnu/:/lib/../lib/:/usr/lib/x86_64-linux-gnu/:/usr/lib/../lib/:/usr/lib/gcc/x86_64-linux-gnu/11/../../../:/lib/:/usr/lib/]
  ignore line: [COLLECT_GCC_OPTIONS='-v' '-o' 'CMakeFiles/cmTC_c4961.dir/CMakeCCompilerABI.c.o' '-c' '-mtune=generic' '-march=x86-64' '-dumpdir' 'CMakeFiles/cmTC_c4961.dir/CMakeCCompilerABI.c.']
  ignore line: [Linking C executable cmTC_c4961]
  ignore line: [/home/suzumiyaharuhi/.local/lib/python3.10/site-packages/cmake/data/bin/cmake -E cmake_link_script CMakeFiles/cmTC_c4961.dir/link.txt --verbose=1]
  ignore line: [/usr/bin/cc  -v CMakeFiles/cmTC_c4961.dir/CMakeCCompilerABI.c.o -o cmTC_c4961 ]
  ignore line: [Using built-in specs.]
  ignore line: [COLLECT_GCC=/usr/bin/cc]
  ignore line: [COLLECT_LTO_WRAPPER=/usr/lib/gcc/x86_64-linux-gnu/11/lto-wrapper]
  ignore line: [OFFLOAD_TARGET_NAMES=nvptx-none:amdgcn-amdhsa]
  ignore line: [OFFLOAD_TARGET_DEFAULT=1]
  ignore line: [Target: x86_64-linux-gnu]
  ignore line: [Configured with: ../src/configure -v --with-pkgversion='Ubuntu 11.4.0-1ubuntu1~22.04.3' --with-bugurl=file:///usr/share/doc/gcc-11/README.Bugs --enable-languages=c ada c++ go brig d fortran objc obj-c++ m2 --prefix=/usr --with-gcc-major-version-only --program-suffix=-11 --program-prefix=x86_64-linux-gnu- --enable-shared --enable-linker-build-id --libexecdir=/usr/lib --without-included-gettext --enable-threads=posix --libdir=/usr/lib --enable-nls --enable-bootstrap --enable-clocale=gnu --enable-libstdcxx-debug --enable-libstdcxx-time=yes --with-default-libstdcxx-abi=new --enable-gnu-unique-object --disable-vtable-verify --enable-plugin --enable-default-pie --with-system-zlib --enable-libphobos-checking=release --with-target-system-zlib=auto --enable-objc-gc=auto --enable-multiarch --disable-werror --enable-cet --with-arch-32=i686 --with-abi=m64 --with-multilib-list=m32 m64 mx32 --enable-multilib --with-tune=generic --enable-offload-targets=nvptx-none=/build/gcc-11-0odw26/gcc-11-11.4.0/debian/tmp-nvptx/usr amdgcn-amdhsa=/build/gcc-11-0odw26/gcc-11-11.4.0/debian/tmp-gcn/usr --without-cuda-driver --enable-checking=release --build=x86_64-linux-gnu --host=x86_64-linux-gnu --target=x86_64-linux-gnu --with-build-config=bootstrap-lto-lean --enable-link-serialization=2]
  ignore line: [Thread model: posix]
  ignore line: [Supported LTO compression algorithms: zlib zstd]
  ignore line: [gcc version 11.4.0 (Ubuntu 11.4.0-1ubuntu1~22.04.3) ]
  ignore line: [COMPILER_PATH=/usr/lib/gcc/x86_64-linux-gnu/11/:/usr/lib/gcc/x86_64-linux-gnu/11/:/usr/lib/gcc/x86_64-linux-gnu/:/usr/lib/gcc/x86_64-linux-gnu/11/:/usr/lib/gcc/x86_64-linux-gnu/]
  ignore line: [LIBRARY_PATH=/usr/lib/gcc/x86_64-linux-gnu/11/:/usr/lib/gcc/x86_64-linux-gnu/11/../../../x86_64-linux-gnu/:/usr/lib/gcc/x86_64-linux-gnu/11/../../../../lib/:/lib/x86_64-linux-gnu/:/lib/../lib/:/usr/lib/x86_64-linux-gnu/:/usr/lib/../lib/:/usr/lib/gcc/x86_64-linux-gnu/11/../../../:/lib/:/usr/lib/]
  ignore line: [COLLECT_GCC_OPTIONS='-v' '-o' 'cmTC_c4961' '-mtune=generic' '-march=x86-64' '-dumpdir' 'cmTC_c4961.']
  link line: [ /usr/lib/gcc/x86_64-linux-gnu/11/collect2 -plugin /usr/lib/gcc/x86_64-linux-gnu/11/liblto_plugin.so -plugin-opt=/usr/lib/gcc/x86_64-linux-gnu/11/lto-wrapper -plugin-opt=-fresolution=/tmp/ccOwVBFx.res -plugin-opt=-pass-through=-lgcc -plugin-opt=-pass-through=-lgcc_s -plugin-opt=-pass-through=-lc -plugin-opt=-pass-through=-lgcc -plugin-opt=-pass-through=-lgcc_s --build-id --eh-frame-hdr -m elf_x86_64 --hash-style=gnu --as-needed -dynamic-linker /lib64/ld-linux-x86-64.so.2 -pie -z now -z relro -o cmTC_c4961 /usr/lib/gcc/x86_64-linux-gnu/11/../../../x86_64-linux-gnu/Scrt1.o /usr/lib/gcc/x86_64-linux-gnu/11/../../../x86_64-linux-gnu/crti.o /usr/lib/gcc/x86_64-linux-gnu/11/crtbeginS.o -L/usr/lib/gcc/x86_64-linux-gnu/11 -L/usr/lib/gcc/x86_64-linux-gnu/11/../../../x86_64-linux-gnu -L/usr/lib/gcc/x86_64-linux-gnu/11/../../../../lib -L/lib/x86_64-linux-gnu -L/lib/../lib -L/usr/lib/x86_64-linux-gnu -L/usr/lib/../lib -L/usr/lib/gcc/x86_64-linux-gnu/11/../../.. CMakeFiles/cmTC_c4961.dir/CMakeCCompilerABI.c.o -lgcc --push-state --as-needed -lgcc_s --pop-state -lc -lgcc --push-state --as-needed -lgcc_s --pop-state /usr/lib/gcc/x86_64-linux-gnu/11/crtendS.o /usr/lib/gcc/x86_64-linux-gnu/11/../../../x86_64-linux-gnu/crtn.o]
    arg [/usr/lib/gcc/x86_64-linux-gnu/11/collect2] ==> ignore
    arg [-plugin] ==> ignore
    arg [/usr/lib/gcc/x86_64-linux-gnu/11/liblto_plugin.so] ==> ignore
    arg [-plugin-opt=/usr/lib/gcc/x86_64-linux-gnu/11/lto-wrapper] ==> ignore
    arg [-plugin-opt=-fresolution=/tmp/ccOwVBFx.res] ==> ignore
    arg [-plugin-opt=-pass-through=-lgcc] ==> ignore
    arg [-plugin-opt=-pass-through=-lgcc_s] ==> ignore
    arg [-plugin-opt=-pass-through=-lc] ==> ignore
    arg [-plugin-opt=-pass-through=-lgcc] ==> ignore
    arg [-plugin-opt=-pass-through=-lgcc_s] ==> ignore
    arg [--build-id] ==> ignore
    arg [--eh-frame-hdr] ==> ignore
    arg [-m] ==> ignore
    arg [elf_x86_64] ==> ignore
    arg [--hash-style=gnu] ==> ignore
    arg [--as-needed] ==> ignore
    arg [-dynamic-linker] ==> ignore
    arg [/lib64/ld-linux-x86-64.so.2] ==> ignore
    arg [-pie] ==> ignore
    arg [-znow] ==> ignore
    arg [-zrelro] ==> ignore
    arg [-o] ==> ignore
    arg [cmTC_c4961] ==> ignore
    arg [/usr/lib/gcc/x86_64-linux-gnu/11/../../../x86_64-linux-gnu/Scrt1.o] ==> obj [/usr/lib/gcc/x86_64-linux-gnu/11/../../../x86_64-linux-gnu/Scrt1.o]
    arg [/usr/lib/gcc/x86_64-linux-gnu/11/../../../x86_64-linux-gnu/crti.o] ==> obj [/usr/lib/gcc/x86_64-linux-gnu/11/../../../x86_64-linux-gnu/crti.o]
    arg [/usr/lib/gcc/x86_64-linux-gnu/11/crtbeginS.o] ==> obj [/usr/lib/gcc/x86_64-linux-gnu/11/crtbeginS.o]
    arg [-L/usr/lib/gcc/x86_64-linux-gnu/11] ==> dir [/usr/lib/gcc/x86_64-linux-gnu/11]
    arg [-L/usr/lib/gcc/x86_64-linux-gnu/11/../../../x86_64-linux-gnu] ==> dir [/usr/lib/gcc/x86_64-linux-gnu/11/../../../x86_64-linux-gnu]
    arg [-L/usr/lib/gcc/x86_64-linux-gnu/11/../../../../lib] ==> dir [/usr/lib/gcc/x86_64-linux-gnu/11/../../../../lib]
    arg [-L/lib/x86_64-linux-gnu] ==> dir [/lib/x86_64-linux-gnu]
    arg [-L/lib/../lib] ==> dir [/lib/../lib]
    arg [-L/usr/lib/x86_64-linux-gnu] ==> dir [/usr/lib/x86_64-linux-gnu]
    arg [-L/usr/lib/../lib] ==> dir [/usr/lib/../lib]
    arg [-L/usr/lib/gcc/x86_64-linux-gnu/11/../../..] ==> dir [/usr/lib/gcc/x86_64-linux-gnu/11/../../..]
    arg [CMakeFiles/cmTC_c4961.dir/CMakeCCompilerABI.c.o] ==> ignore
    arg [-lgcc] ==> lib [gcc]
    arg [--push-state] ==> ignore
    arg [--as-needed] ==> ignore
    arg [-lgcc_s] ==> lib [gcc_s]
    arg [--pop-state] ==> ignore
    arg [-lc] ==> lib [c]
    arg [-lgcc] ==> lib [gcc]
    arg [--push-state] ==> ignore
    arg [--as-needed] ==> ignore
    arg [-lgcc_s] ==> lib [gcc_s]
    arg [--pop-state] ==> ignore
    arg [/usr/lib/gcc/x86_64-linux-gnu/11/crtendS.o] ==> obj [/usr/lib/gcc/x86_64-linux-gnu/11/crtendS.o]
    arg [/usr/lib/gcc/x86_64-linux-gnu/11/../../../x86_64-linux-gnu/crtn.o] ==> obj [/usr/lib/gcc/x86_64-linux-gnu/11/../../../x86_64-linux-gnu/crtn.o]
  collapse obj [/usr/lib/gcc/x86_64-linux-gnu/11/../../../x86_64-linux-gnu/Scrt1.o] ==> [/usr/lib/x86_64-linux-gnu/Scrt1.o]
  collapse obj [/usr/lib/gcc/x86_64-linux-gnu/11/../../../x86_64-linux-gnu/crti.o] ==> [/usr/lib/x86_64-linux-gnu/crti.o]
  collapse obj [/usr/lib/gcc/x86_64-linux-gnu/11/../../../x86_64-linux-gnu/crtn.o] ==> [/usr/lib/x86_64-linux-gnu/crtn.o]
  collapse library dir [/usr/lib/gcc/x86_64-linux-gnu/11] ==> [/usr/lib/gcc/x86_64-linux-gnu/11]
  collapse library dir [/usr/lib/gcc/x86_64-linux-gnu/11/../../../x86_64-linux-gnu] ==> [/usr/lib/x86_64-linux-gnu]
  collapse library dir [/usr/lib/gcc/x86_64-linux-gnu/11/../../../../lib] ==> [/usr/lib]
  collapse library dir [/lib/x86_64-linux-gnu] ==> [/lib/x86_64-linux-gnu]
  collapse library dir [/lib/../lib] ==> [/lib]
  collapse library dir [/usr/lib/x86_64-linux-gnu] ==> [/usr/lib/x86_64-linux-gnu]
  collapse library dir [/usr/lib/../lib] ==> [/usr/lib]
  collapse library dir [/usr/lib/gcc/x86_64-linux-gnu/11/../../..] ==> [/usr/lib]
  implicit libs: [gcc;gcc_s;c;gcc;gcc_s]
  implicit objs: [/usr/lib/x86_64-linux-gnu/Scrt1.o;/usr/lib/x86_64-linux-gnu/crti.o;/usr/lib/gcc/x86_64-linux-gnu/11/crtbeginS.o;/usr/lib/gcc/x86_64-linux-gnu/11/crtendS.o;/usr/lib/x86_64-linux-gnu/crtn.o]
  implicit dirs: [/usr/lib/gcc/x86_64-linux-gnu/11;/usr/lib/x86_64-linux-gnu;/usr/lib;/lib/x86_64-linux-gnu;/lib]
  implicit fwks: []


Detecting CXX compiler ABI info compiled with the following output:
Change Dir: /home/suzumiyaharuhi/rl_deploy_v2/deploy/build/legged_system/CMakeFiles/CMakeScratch/TryCompile-0xXZ6L

Run Build Command(s):/usr/bin/gmake -f Makefile cmTC_454ab/fast && /usr/bin/gmake  -f CMakeFiles/cmTC_454ab.dir/build.make CMakeFiles/cmTC_454ab.dir/build
gmake[1]: Entering directory '/home/suzumiyaharuhi/rl_deploy_v2/deploy/build/legged_system/CMakeFiles/CMakeScratch/TryCompile-0xXZ6L'
Building CXX object CMakeFiles/cmTC_454ab.dir/CMakeCXXCompilerABI.cpp.o
/usr/bin/c++   -v -o CMakeFiles/cmTC_454ab.dir/CMakeCXXCompilerABI.cpp.o -c /home/suzumiyaharuhi/.local/lib/python3.10/site-packages/cmake/data/share/cmake-3.25/Modules/CMakeCXXCompilerABI.cpp
Using built-in specs.
COLLECT_GCC=/usr/bin/c++
OFFLOAD_TARGET_NAMES=nvptx-none:amdgcn-amdhsa
OFFLOAD_TARGET_DEFAULT=1
Target: x86_64-linux-gnu
Configured with: ../src/configure -v --with-pkgversion='Ubuntu 11.4.0-1ubuntu1~22.04.3' --with-bugurl=file:///usr/share/doc/gcc-11/README.Bugs --enable-languages=c,ada,c++,go,brig,d,fortran,objc,obj-c++,m2 --prefix=/usr --with-gcc-major-version-only --program-suffix=-11 --program-prefix=x86_64-linux-gnu- --enable-shared --enable-linker-build-id --libexecdir=/usr/lib --without-included-gettext --enable-threads=posix --libdir=/usr/lib --enable-nls --enable-bootstrap --enable-clocale=gnu --enable-libstdcxx-debug --enable-libstdcxx-time=yes --with-default-libstdcxx-abi=new --enable-gnu-unique-object --disable-vtable-verify --enable-plugin --enable-default-pie --with-system-zlib --enable-libphobos-checking=release --with-target-system-zlib=auto --enable-objc-gc=auto --enable-multiarch --disable-werror --enable-cet --with-arch-32=i686 --with-abi=m64 --with-multilib-list=m32,m64,mx32 --enable-multilib --with-tune=generic --enable-offload-targets=nvptx-none=/build/gcc-11-0odw26/gcc-11-11.4.0/debian/tmp-nvptx/usr,amdgcn-amdhsa=/build/gcc-11-0odw26/gcc-11-11.4.0/debian/tmp-gcn/usr --without-cuda-driver --enable-checking=release --build=x86_64-linux-gnu --host=x86_64-linux-gnu --target=x86_64-linux-gnu --with-build-config=bootstrap-lto-lean --enable-link-serialization=2
Thread model: posix
Supported LTO compression algorithms: zlib zstd
gcc version 11.4.0 (Ubuntu 11.4.0-1ubuntu1~22.04.3) 
COLLECT_GCC_OPTIONS='-v' '-o' 'CMakeFiles/cmTC_454ab.dir/CMakeCXXCompilerABI.cpp.o' '-c' '-shared-libgcc' '-mtune=generic' '-march=x86-64' '-dumpdir' 'CMakeFiles/cmTC_454ab.dir/'
 /usr/lib/gcc/x86_64-linux-gnu/11/cc1plus -quiet -v -imultiarch x86_64-linux-gnu -D_GNU_SOURCE /home/suzumiyaharuhi/.local/lib/python3.10/site-packages/cmake/data/share/cmake-3.25/Modules/CMakeCXXCompilerABI.cpp -quiet -dumpdir CMakeFiles/cmTC_454ab.dir/ -dumpbase CMakeCXXCompilerABI.cpp.cpp -dumpbase-ext .cpp -mtune=generic -march=x86-64 -version -fasynchronous-unwind-tables -fstack-protector-strong -Wformat -Wformat-security -fstack-clash-protection -fcf-protection -o /tmp/cc6WKD12.s
GNU C++17 (Ubuntu 11.4.0-1ubuntu1~22.04.3) version 11.4.0 (x86_64-linux-gnu)
	compiled by GNU C version 11.4.0, GMP version 6.2.1, MPFR version 4.1.0, MPC version 1.2.1, isl version isl-0.24-GMP

GGC heuristics: --param ggc-min-expand=100 --param ggc-min-heapsize=131072
ignoring duplicate directory "/usr/include/x86_64-linux-gnu/c++/11"
ignoring nonexistent directory "/usr/local/include/x86_64-linux-gnu"
ignoring nonexistent directory "/usr/lib/gcc/x86_64-linux-gnu/11/include-fixed"
ignoring nonexistent directory "/usr/lib/gcc/x86_64-linux-gnu/11/../../../../x86_64-linux-gnu/include"
#include "..." search starts here:
#include <...> search starts here:
 /usr/include/c++/11
 /usr/include/x86_64-linux-gnu/c++/11
 /usr/include/c++/11/backward
 /usr/lib/gcc/x86_64-linux-gnu/11/include
 /usr/local/include
 /usr/include/x86_64-linux-gnu
 /usr/include
End of search list.
GNU C++17 (Ubuntu 11.4.0-1ubuntu1~22.04.3) version 11.4.0 (x86_64-linux-gnu)
	compiled by GNU C version 11.4.0, GMP version 6.2.1, MPFR version 4.1.0, MPC version 1.2.1, isl version isl-0.24-GMP

GGC heuristics: --param ggc-min-expand=100 --param ggc-min-heapsize=131072
Compiler executable checksum: ac7fa628ee459f217e6fdb88b3db0bde
COLLECT_GCC_OPTIONS='-v' '-o' 'CMakeFiles/cmTC_454ab.dir/CMakeCXXCompilerABI.cpp.o' '-c' '-shared-libgcc' '-mtune=generic' '-march=x86-64' '-dumpdir' 'CMakeFiles/cmTC_454ab.dir/'
 as -v --64 -o CMakeFiles/cmTC_454ab.dir/CMakeCXXCompilerABI.cpp.o /tmp/cc6WKD12.s
GNU assembler version 2.38 (x86_64-linux-gnu) using BFD version (GNU Binutils for Ubuntu) 2.38
COMPILER_PATH=/usr/lib/gcc/x86_64-linux-gnu/11/:/usr/lib/gcc/x86_64-linux-gnu/11/:/usr/lib/gcc/x86_64-linux-gnu/:/usr/lib/gcc/x86_64-linux-gnu/11/:/usr/lib/gcc/x86_64-linux-gnu/
LIBRARY_PATH=/usr/lib/gcc/x86_64-linux-gnu/11/:/usr/lib/gcc/x86_64-linux-gnu/11/../../../x86_64-linux-gnu/:/usr/lib/gcc/x86_64-linux-gnu/11/../../../../lib/:/lib/x86_64-linux-gnu/:/lib/../lib/:/usr/lib/x86_64-linux-gnu/:/usr/lib/../lib/:/usr/lib/gcc/x86_64-linux-gnu/11/../../../:/lib/:/usr/lib/
COLLECT_GCC_OPTIONS='-v' '-o' 'CMakeFiles/cmTC_454ab.dir/CMakeCXXCompilerABI.cpp.o' '-c' '-shared-libgcc' '-mtune=generic' '-march=x86-64' '-dumpdir' 'CMakeFiles/cmTC_454ab.dir/CMakeCXXCompilerABI.cpp.'
Linking CXX executable cmTC_454ab
/home/suzumiyaharuhi/.local/lib/python3.10/site-packages/cmake/data/bin/cmake -E cmake_link_script CMakeFiles/cmTC_454ab.dir/link.txt --verbose=1
/usr/bin/c++  -v CMakeFiles/cmTC_454ab.dir/CMakeCXXCompilerABI.cpp.o -o cmTC_454ab 
Using built-in specs.
COLLECT_GCC=/usr/bin/c++
COLLECT_LTO_WRAPPER=/usr/lib/gcc/x86_64-linux-gnu/11/lto-wrapper
OFFLOAD_TARGET_NAMES=nvptx-none:amdgcn-amdhsa
OFFLOAD_TARGET_DEFAULT=1
Target: x86_64-linux-gnu
Configured with: ../src/configure -v --with-pkgversion='Ubuntu 11.4.0-1ubuntu1~22.04.3' --with-bugurl=file:///usr/share/doc/gcc-11/README.Bugs --enable-languages=c,ada,c++,go,brig,d,fortran,objc,obj-c++,m2 --prefix=/usr --with-gcc-major-version-only --program-suffix=-11 --program-prefix=x86_64-linux-gnu- --enable-shared --enable-linker-build-id --libexecdir=/usr/lib --without-included-gettext --enable-threads=posix --libdir=/usr/lib --enable-nls --enable-bootstrap --enable-clocale=gnu --enable-libstdcxx-debug --enable-libstdcxx-time=yes --with-default-libstdcxx-abi=new --enable-gnu-unique-object --disable-vtable-verify --enable-plugin --enable-default-pie --with-system-zlib --enable-libphobos-checking=release --with-target-system-zlib=auto --enable-objc-gc=auto --enable-multiarch --disable-werror --enable-cet --with-arch-32=i686 --with-abi=m64 --with-multilib-list=m32,m64,mx32 --enable-multilib --with-tune=generic --enable-offload-targets=nvptx-none=/build/gcc-11-0odw26/gcc-11-11.4.0/debian/tmp-nvptx/usr,amdgcn-amdhsa=/build/gcc-11-0odw26/gcc-11-11.4.0/debian/tmp-gcn/usr --without-cuda-driver --enable-checking=release --build=x86_64-linux-gnu --host=x86_64-linux-gnu --target=x86_64-linux-gnu --with-build-config=bootstrap-lto-lean --enable-link-serialization=2
Thread model: posix
Supported LTO compression algorithms: zlib zstd
gcc version 11.4.0 (Ubuntu 11.4.0-1ubuntu1~22.04.3) 
COMPILER_PATH=/usr/lib/gcc/x86_64-linux-gnu/11/:/usr/lib/gcc/x86_64-linux-gnu/11/:/usr/lib/gcc/x86_64-linux-gnu/:/usr/lib/gcc/x86_64-linux-gnu/11/:/usr/lib/gcc/x86_64-linux-gnu/
LIBRARY_PATH=/usr/lib/gcc/x86_64-linux-gnu/11/:/usr/lib/gcc/x86_64-linux-gnu/11/../../../x86_64-linux-gnu/:/usr/lib/gcc/x86_64-linux-gnu/11/../../../../lib/:/lib/x86_64-linux-gnu/:/lib/../lib/:/usr/lib/x86_64-linux-gnu/:/usr/lib/../lib/:/usr/lib/gcc/x86_64-linux-gnu/11/../../../:/lib/:/usr/lib/
COLLECT_GCC_OPTIONS='-v' '-o' 'cmTC_454ab' '-shared-libgcc' '-mtune=generic' '-march=x86-64' '-dumpdir' 'cmTC_454ab.'
 /usr/lib/gcc/x86_64-linux-gnu/11/collect2 -plugin /usr/lib/gcc/x86_64-linux-gnu/11/liblto_plugin.so -plugin-opt=/usr/lib/gcc/x86_64-linux-gnu/11/lto-wrapper -plugin-opt=-fresolution=/tmp/ccuDVsRu.res -plugin-opt=-pass-through=-lgcc_s -plugin-opt=-pass-through=-lgcc -plugin-opt=-pass-through=-lc -plugin-opt=-pass-through=-lgcc_s -plugin-opt=-pass-through=-lgcc --build-id --eh-frame-hdr -m elf_x86_64 --hash-style=gnu --as-needed -dynamic-linker /lib64/ld-linux-x86-64.so.2 -pie -z now -z relro -o cmTC_454ab /usr/lib/gcc/x86_64-linux-gnu/11/../../../x86_64-linux-gnu/Scrt1.o /usr/lib/gcc/x86_64-linux-gnu/11/../../../x86_64-linux-gnu/crti.o /usr/lib/gcc/x86_64-linux-gnu/11/crtbeginS.o -L/usr/lib/gcc/x86_64-linux-gnu/11 -L/usr/lib/gcc/x86_64-linux-gnu/11/../../../x86_64-linux-gnu -L/usr/lib/gcc/x86_64-linux-gnu/11/../../../../lib -L/lib/x86_64-linux-gnu -L/lib/../lib -L/usr/lib/x86_64-linux-gnu -L/usr/lib/../lib -L/usr/lib/gcc/x86_64-linux-gnu/11/../../.. CMakeFiles/cmTC_454ab.dir/CMakeCXXCompilerABI.cpp.o -lstdc++ -lm -lgcc_s -lgcc -lc -lgcc_s -lgcc /usr/lib/gcc/x86_64-linux-gnu/11/crtendS.o /usr/lib/gcc/x86_64-linux-gnu/11/../../../x86_64-linux-gnu/crtn.o
COLLECT_GCC_OPTIONS='-v' '-o' 'cmTC_454ab' '-shared-libgcc' '-mtune=generic' '-march=x86-64' '-dumpdir' 'cmTC_454ab.'
gmake[1]: Leaving directory '/home/suzumiyaharuhi/rl_deploy_v2/deploy/build/legged_system/CMakeFiles/CMakeScratch/TryCompile-0xXZ6L'



Parsed CXX implicit include dir info from above output: rv=done
  found start of include info
  found start of implicit include info
    add: [/usr/include/c++/11]
    add: [/usr/include/x86_64-linux-gnu/c++/11]
    add: [/usr/include/c++/11/backward]
    add: [/usr/lib/gcc/x86_64-linux-gnu/11/include]
    add: [/usr/local/include]
    add: [/usr/include/x86_64-linux-gnu]
    add: [/usr/include]
  end of search list found
  collapse include dir [/usr/include/c++/11] ==> [/usr/include/c++/11]
  collapse include dir [/usr/include/x86_64-linux-gnu/c++/11] ==> [/usr/include/x86_64-linux-gnu/c++/11]
  collapse include dir [/usr/include/c++/11/backward] ==> [/usr/include/c++/11/backward]
  collapse include dir [/usr/lib/gcc/x86_64-linux-gnu/11/include] ==> [/usr/lib/gcc/x86_64-linux-gnu/11/include]
  collapse include dir [/usr/local/include] ==> [/usr/local/include]
  collapse include dir [/usr/include/x86_64-linux-gnu] ==> [/usr/include/x86_64-linux-gnu]
  collapse include dir [/usr/include] ==> [/usr/include]
  implicit include dirs: [/usr/include/c++/11;/usr/include/x86_64-linux-gnu/c++/11;/usr/include/c++/11/backward;/usr/lib/gcc/x86_64-linux-gnu/11/include;/usr/local/include;/usr/include/x86_64-linux-gnu;/usr/include]


Parsed CXX implicit link information from above output:
  link line regex: [^( *|.*[/\])(ld|CMAKE_LINK_STARTFILE-NOTFOUND|([^/\]+-)?ld|collect2)[^/\]*( |$)]
  ignore line: [Change Dir: /home/suzumiyaharuhi/rl_deploy_v2/deploy/build/legged_system/CMakeFiles/CMakeScratch/TryCompile-0xXZ6L]
  ignore line: []
  ignore line: [Run Build Command(s):/usr/bin/gmake -f Makefile cmTC_454ab/fast && /usr/bin/gmake  -f CMakeFiles/cmTC_454ab.dir/build.make CMakeFiles/cmTC_454ab.dir/build]
  ignore line: [gmake[1]: Entering directory '/home/suzumiyaharuhi/rl_deploy_v2/deploy/build/legged_system/CMakeFiles/CMakeScratch/TryCompile-0xXZ6L']
  ignore line: [Building CXX object CMakeFiles/cmTC_454ab.dir/CMakeCXXCompilerABI.cpp.o]
  ignore line: [/usr/bin/c++   -v -o CMakeFiles/cmTC_454ab.dir/CMakeCXXCompilerABI.cpp.o -c /home/suzumiyaharuhi/.local/lib/python3.10/site-packages/cmake/data/share/cmake-3.25/Modules/CMakeCXXCompilerABI.cpp]
  ignore line: [Using built-in specs.]
  ignore line: [COLLECT_GCC=/usr/bin/c++]
  ignore line: [OFFLOAD_TARGET_NAMES=nvptx-none:amdgcn-amdhsa]
  ignore line: [OFFLOAD_TARGET_DEFAULT=1]
  ignore line: [Target: x86_64-linux-gnu]
  ignore line: [Configured with: ../src/configure -v --with-pkgversion='Ubuntu 11.4.0-1ubuntu1~22.04.3' --with-bugurl=file:///usr/share/doc/gcc-11/README.Bugs --enable-languages=c ada c++ go brig d fortran objc obj-c++ m2 --prefix=/usr --with-gcc-major-version-only --program-suffix=-11 --program-prefix=x86_64-linux-gnu- --enable-shared --enable-linker-build-id --libexecdir=/usr/lib --without-included-gettext --enable-threads=posix --libdir=/usr/lib --enable-nls --enable-bootstrap --enable-clocale=gnu --enable-libstdcxx-debug --enable-libstdcxx-time=yes --with-default-libstdcxx-abi=new --enable-gnu-unique-object --disable-vtable-verify --enable-plugin --enable-default-pie --with-system-zlib --enable-libphobos-checking=release --with-target-system-zlib=auto --enable-objc-gc=auto --enable-multiarch --disable-werror --enable-cet --with-arch-32=i686 --with-abi=m64 --with-multilib-list=m32 m64 mx32 --enable-multilib --with-tune=generic --enable-offload-targets=nvptx-none=/build/gcc-11-0odw26/gcc-11-11.4.0/debian/tmp-nvptx/usr amdgcn-amdhsa=/build/gcc-11-0odw26/gcc-11-11.4.0/debian/tmp-gcn/usr --without-cuda-driver --enable-checking=release --build=x86_64-linux-gnu --host=x86_64-linux-gnu --target=x86_64-linux-gnu --with-build-config=bootstrap-lto-lean --enable-link-serialization=2]
  ignore line: [Thread model: posix]
  ignore line: [Supported LTO compression algorithms: zlib zstd]
  ignore line: [gcc version 11.4.0 (Ubuntu 11.4.0-1ubuntu1~22.04.3) ]
  ignore line: [COLLECT_GCC_OPTIONS='-v' '-o' 'CMakeFiles/cmTC_454ab.dir/CMakeCXXCompilerABI.cpp.o' '-c' '-shared-libgcc' '-mtune=generic' '-march=x86-64' '-dumpdir' 'CMakeFiles/cmTC_454ab.dir/']
  ignore line: [ /usr/lib/gcc/x86_64-linux-gnu/11/cc1plus -quiet -v -imultiarch x86_64-linux-gnu -D_GNU_SOURCE /home/suzumiyaharuhi/.local/lib/python3.10/site-packages/cmake/data/share/cmake-3.25/Modules/CMakeCXXCompilerABI.cpp -quiet -dumpdir CMakeFiles/cmTC_454ab.dir/ -dumpbase CMakeCXXCompilerABI.cpp.cpp -dumpbase-ext .cpp -mtune=generic -march=x86-64 -version -fasynchronous-unwind-tables -fstack-protector-strong -Wformat -Wformat-security -fstack-clash-protection -fcf-protection -o /tmp/cc6WKD12.s]
  ignore line: [GNU C++17 (Ubuntu 11.4.0-1ubuntu1~22.04.3) version 11.4.0 (x86_64-linux-gnu)]
  ignore line: [	compiled by GNU C version 11.4.0  GMP version 6.2.1  MPFR version 4.1.0  MPC version 1.2.1  isl version isl-0.24-GMP]
  ignore line: []
  ignore line: [GGC heuristics: --param ggc-min-expand=100 --param ggc-min-heapsize=131072]
  ignore line: [ignoring duplicate directory "/usr/include/x86_64-linux-gnu/c++/11"]
  ignore line: [ignoring nonexistent directory "/usr/local/include/x86_64-linux-gnu"]
  ignore line: [ignoring nonexistent directory "/usr/lib/gcc/x86_64-linux-gnu/11/include-fixed"]
  ignore line: [ignoring nonexistent directory "/usr/lib/gcc/x86_64-linux-gnu/11/../../../../x86_64-linux-gnu/include"]
  ignore line: [#include "..." search starts here:]
  ignore line: [#include <...> search starts here:]
  ignore line: [ /usr/include/c++/11]
  ignore line: [ /usr/include/x86_64-linux-gnu/c++/11]
  ignore line: [ /usr/include/c++/11/backward]
  ignore line: [ /usr/lib/gcc/x86_64-linux-gnu/11/include]
  ignore line: [ /usr/local/include]
  ignore line: [ /usr/include/x86_64-linux-gnu]
  ignore line: [ /usr/include]
  ignore line: [End of search list.]
  ignore line: [GNU C++17 (Ubuntu 11.4.0-1ubuntu1~22.04.3) version 11.4.0 (x86_64-linux-gnu)]
  ignore line: [	compiled by GNU C version 11.4.0  GMP version 6.2.1  MPFR version 4.1.0  MPC version 1.2.1  isl version isl-0.24-GMP]
  ignore line: []
  ignore line: [GGC heuristics: --param ggc-min-expand=100 --param ggc-min-heapsize=131072]
  ignore line: [Compiler executable checksum: ac7fa628ee459f217e6fdb88b3db0bde]
  ignore line: [COLLECT_GCC_OPTIONS='-v' '-o' 'CMakeFiles/cmTC_454ab.dir/CMakeCXXCompilerABI.cpp.o' '-c' '-shared-libgcc' '-mtune=generic' '-march=x86-64' '-dumpdir' 'CMakeFiles/cmTC_454ab.dir/']
  ignore line: [ as -v --64 -o CMakeFiles/cmTC_454ab.dir/CMakeCXXCompilerABI.cpp.o /tmp/cc6WKD12.s]
  ignore line: [GNU assembler version 2.38 (x86_64-linux-gnu) using BFD version (GNU Binutils for Ubuntu) 2.38]
  ignore line: [COMPILER_PATH=/usr/lib/gcc/x86_64-linux-gnu/11/:/usr/lib/gcc/x86_64-linux-gnu/11/:/usr/lib/gcc/x86_64-linux-gnu/:/usr/lib/gcc/x86_64-linux-gnu/11/:/usr/lib/gcc/x86_64-linux-gnu/]
  ignore line: [LIBRARY_PATH=/usr/lib/gcc/x86_64-linux-gnu/11/:/usr/lib/gcc/x86_64-linux-gnu/11/../../../x86_64-linux-gnu/:/usr/lib/gcc/x86_64-linux-gnu/11/../../../../lib/:/lib/x86_64-linux-gnu/:/lib/../lib/:/usr/lib/x86_64-linux-gnu/:/usr/lib/../lib/:/usr/lib/gcc/x86_64-linux-gnu/11/../../../:/lib/:/usr/lib/]
  ignore line: [COLLECT_GCC_OPTIONS='-v' '-o' 'CMakeFiles/cmTC_454ab.dir/CMakeCXXCompilerABI.cpp.o' '-c' '-shared-libgcc' '-mtune=generic' '-march=x86-64' '-dumpdir' 'CMakeFiles/cmTC_454ab.dir/CMakeCXXCompilerABI.cpp.']
  ignore line: [Linking CXX executable cmTC_454ab]
  ignore line: [/home/suzumiyaharuhi/.local/lib/python3.10/site-packages/cmake/data/bin/cmake -E cmake_link_script CMakeFiles/cmTC_454ab.dir/link.txt --verbose=1]
  ignore line: [/usr/bin/c++  -v CMakeFiles/cmTC_454ab.dir/CMakeCXXCompilerABI.cpp.o -o cmTC_454ab ]
  ignore line: [Using built-in specs.]
  ignore line: [COLLECT_GCC=/usr/bin/c++]
  ignore line: [COLLECT_LTO_WRAPPER=/usr/lib/gcc/x86_64-linux-gnu/11/lto-wrapper]
  ignore line: [OFFLOAD_TARGET_NAMES=nvptx-none:amdgcn-amdhsa]
  ignore line: [OFFLOAD_TARGET_DEFAULT=1]
  ignore line: [Target: x86_64-linux-gnu]
  ignore line: [Configured with: ../src/configure -v --with-pkgversion='Ubuntu 11.4.0-1ubuntu1~22.04.3' --with-bugurl=file:///usr/share/doc/gcc-11/README.Bugs --enable-languages=c ada c++ go brig d fortran objc obj-c++ m2 --prefix=/usr --with-gcc-major-version-only --program-suffix=-11 --program-prefix=x86_64-linux-gnu- --enable-shared --enable-linker-build-id --libexecdir=/usr/lib --without-included-gettext --enable-threads=posix --libdir=/usr/lib --enable-nls --enable-bootstrap --enable-clocale=gnu --enable-libstdcxx-debug --enable-libstdcxx-time=yes --with-default-libstdcxx-abi=new --enable-gnu-unique-object --disable-vtable-verify --enable-plugin --enable-default-pie --with-system-zlib --enable-libphobos-checking=release --with-target-system-zlib=auto --enable-objc-gc=auto --enable-multiarch --disable-werror --enable-cet --with-arch-32=i686 --with-abi=m64 --with-multilib-list=m32 m64 mx32 --enable-multilib --with-tune=generic --enable-offload-targets=nvptx-none=/build/gcc-11-0odw26/gcc-11-11.4.0/debian/tmp-nvptx/usr amdgcn-amdhsa=/build/gcc-11-0odw26/gcc-11-11.4.0/debian/tmp-gcn/usr --without-cuda-driver --enable-checking=release --build=x86_64-linux-gnu --host=x86_64-linux-gnu --target=x86_64-linux-gnu --with-build-config=bootstrap-lto-lean --enable-link-serialization=2]
  ignore line: [Thread model: posix]
  ignore line: [Supported LTO compression algorithms: zlib zstd]
  ignore line: [gcc version 11.4.0 (Ubuntu 11.4.0-1ubuntu1~22.04.3) ]
  ignore line: [COMPILER_PATH=/usr/lib/gcc/x86_64-linux-gnu/11/:/usr/lib/gcc/x86_64-linux-gnu/11/:/usr/lib/gcc/x86_64-linux-gnu/:/usr/lib/gcc/x86_64-linux-gnu/11/:/usr/lib/gcc/x86_64-linux-gnu/]
  ignore line: [LIBRARY_PATH=/usr/lib/gcc/x86_64-linux-gnu/11/:/usr/lib/gcc/x86_64-linux-gnu/11/../../../x86_64-linux-gnu/:/usr/lib/gcc/x86_64-linux-gnu/11/../../../../lib/:/lib/x86_64-linux-gnu/:/lib/../lib/:/usr/lib/x86_64-linux-gnu/:/usr/lib/../lib/:/usr/lib/gcc/x86_64-linux-gnu/11/../../../:/lib/:/usr/lib/]
  ignore line: [COLLECT_GCC_OPTIONS='-v' '-o' 'cmTC_454ab' '-shared-libgcc' '-mtune=generic' '-march=x86-64' '-dumpdir' 'cmTC_454ab.']
  link line: [ /usr/lib/gcc/x86_64-linux-gnu/11/collect2 -plugin /usr/lib/gcc/x86_64-linux-gnu/11/liblto_plugin.so -plugin-opt=/usr/lib/gcc/x86_64-linux-gnu/11/lto-wrapper -plugin-opt=-fresolution=/tmp/ccuDVsRu.res -plugin-opt=-pass-through=-lgcc_s -plugin-opt=-pass-through=-lgcc -plugin-opt=-pass-through=-lc -plugin-opt=-pass-through=-lgcc_s -plugin-opt=-pass-through=-lgcc --build-id --eh-frame-hdr -m elf_x86_64 --hash-style=gnu --as-needed -dynamic-linker /lib64/ld-linux-x86-64.so.2 -pie -z now -z relro -o cmTC_454ab /usr/lib/gcc/x86_64-linux-gnu/11/../../../x86_64-linux-gnu/Scrt1.o /usr/lib/gcc/x86_64-linux-gnu/11/../../../x86_64-linux-gnu/crti.o /usr/lib/gcc/x86_64-linux-gnu/11/crtbeginS.o -L/usr/lib/gcc/x86_64-linux-gnu/11 -L/usr/lib/gcc/x86_64-linux-gnu/11/../../../x86_64-linux-gnu -L/usr/lib/gcc/x86_64-linux-gnu/11/../../../../lib -L/lib/x86_64-linux-gnu -L/lib/../lib -L/usr/lib/x86_64-linux-gnu -L/usr/lib/../lib -L/usr/lib/gcc/x86_64-linux-gnu/11/../../.. CMakeFiles/cmTC_454ab.dir/CMakeCXXCompilerABI.cpp.o -lstdc++ -lm -lgcc_s -lgcc -lc -lgcc_s -lgcc /usr/lib/gcc/x86_64-linux-gnu/11/crtendS.o /usr/lib/gcc/x86_64-linux-gnu/11/../../../x86_64-linux-gnu/crtn.o]
    arg [/usr/lib/gcc/x86_64-linux-gnu/11/collect2] ==> ignore
    arg [-plugin] ==> ignore
    arg [/usr/lib/gcc/x86_64-linux-gnu/11/liblto_plugin.so] ==> ignore
    arg [-plugin-opt=/usr/lib/gcc/x86_64-linux-gnu/11/lto-wrapper] ==> ignore
    arg [-plugin-opt=-fresolution=/tmp/ccuDVsRu.res] ==> ignore
    arg [-plugin-opt=-pass-through=-lgcc_s] ==> ignore
    arg [-plugin-opt=-pass-through=-lgcc] ==> ignore
    arg [-plugin-opt=-pass-through=-lc] ==> ignore
    arg [-plugin-opt=-pass-through=-lgcc_s] ==> ignore
    arg [-plugin-opt=-pass-through=-lgcc] ==> ignore
    arg [--build-id] ==> ignore
    arg [--eh-frame-hdr] ==> ignore
    arg [-m] ==> ignore
    arg [elf_x86_64] ==> ignore
    arg [--hash-style=gnu] ==> ignore
    arg [--as-needed] ==> ignore
    arg [-dynamic-linker] ==> ignore
    arg [/lib64/ld-linux-x86-64.so.2] ==> ignore
    arg [-pie] ==> ignore
    arg [-znow] ==> ignore
    arg [-zrelro] ==> ignore
    arg [-o] ==> ignore
    arg [cmTC_454ab] ==> ignore
    arg [/usr/lib/gcc/x86_64-linux-gnu/11/../../../x86_64-linux-gnu/Scrt1.o] ==> obj [/usr/lib/gcc/x86_64-linux-gnu/11/../../../x86_64-linux-gnu/Scrt1.o]
    arg [/usr/lib/gcc/x86_64-linux-gnu/11/../../../x86_64-linux-gnu/crti.o] ==> obj [/usr/lib/gcc/x86_64-linux-gnu/11/../../../x86_64-linux-gnu/crti.o]
    arg [/usr/lib/gcc/x86_64-linux-gnu/11/crtbeginS.o] ==> obj [/usr/lib/gcc/x86_64-linux-gnu/11/crtbeginS.o]
    arg [-L/usr/lib/gcc/x86_64-linux-gnu/11] ==> dir [/usr/lib/gcc/x86_64-linux-gnu/11]
    arg [-L/usr/lib/gcc/x86_64-linux-gnu/11/../../../x86_64-linux-gnu] ==> dir [/usr/lib/gcc/x86_64-linux-gnu/11/../../../x86_64-linux-gnu]
    arg [-L/usr/lib/gcc/x86_64-linux-gnu/11/../../../../lib] ==> dir [/usr/lib/gcc/x86_64-linux-gnu/11/../../../../lib]
    arg [-L/lib/x86_64-linux-gnu] ==> dir [/lib/x86_64-linux-gnu]
    arg [-L/lib/../lib] ==> dir [/lib/../lib]
    arg [-L/usr/lib/x86_64-linux-gnu] ==> dir [/usr/lib/x86_64-linux-gnu]
    arg [-L/usr/lib/../lib] ==> dir [/usr/lib/../lib]
    arg [-L/usr/lib/gcc/x86_64-linux-gnu/11/../../..] ==> dir [/usr/lib/gcc/x86_64-linux-gnu/11/../../..]
    arg [CMakeFiles/cmTC_454ab.dir/CMakeCXXCompilerABI.cpp.o] ==> ignore
    arg [-lstdc++] ==> lib [stdc++]
    arg [-lm] ==> lib [m]
    arg [-lgcc_s] ==> lib [gcc_s]
    arg [-lgcc] ==> lib [gcc]
    arg [-lc] ==> lib [c]
    arg [-lgcc_s] ==> lib [gcc_s]
    arg [-lgcc] ==> lib [gcc]
    arg [/usr/lib/gcc/x86_64-linux-gnu/11/crtendS.o] ==> obj [/usr/lib/gcc/x86_64-linux-gnu/11/crtendS.o]
    arg [/usr/lib/gcc/x86_64-linux-gnu/11/../../../x86_64-linux-gnu/crtn.o] ==> obj [/usr/lib/gcc/x86_64-linux-gnu/11/../../../x86_64-linux-gnu/crtn.o]
  collapse obj [/usr/lib/gcc/x86_64-linux-gnu/11/../../../x86_64-linux-gnu/Scrt1.o] ==> [/usr/lib/x86_64-linux-gnu/Scrt1.o]
  collapse obj [/usr/lib/gcc/x86_64-linux-gnu/11/../../../x86_64-linux-gnu/crti.o] ==> [/usr/lib/x86_64-linux-gnu/crti.o]
  collapse obj [/usr/lib/gcc/x86_64-linux-gnu/11/../../../x86_64-linux-gnu/crtn.o] ==> [/usr/lib/x86_64-linux-gnu/crtn.o]
  collapse library dir [/usr/lib/gcc/x86_64-linux-gnu/11] ==> [/usr/lib/gcc/x86_64-linux-gnu/11]
  collapse library dir [/usr/lib/gcc/x86_64-linux-gnu/11/../../../x86_64-linux-gnu] ==> [/usr/lib/x86_64-linux-gnu]
  collapse library dir [/usr/lib/gcc/x86_64-linux-gnu/11/../../../../lib] ==> [/usr/lib]
  collapse library dir [/lib/x86_64-linux-gnu] ==> [/lib/x86_64-linux-gnu]
  collapse library dir [/lib/../lib] ==> [/lib]
  collapse library dir [/usr/lib/x86_64-linux-gnu] ==> [/usr/lib/x86_64-linux-gnu]
  collapse library dir [/usr/lib/../lib] ==> [/usr/lib]
  collapse library dir [/usr/lib/gcc/x86_64-linux-gnu/11/../../..] ==> [/usr/lib]
  implicit libs: [stdc++;m;gcc_s;gcc;c;gcc_s;gcc]
  implicit objs: [/usr/lib/x86_64-linux-gnu/Scrt1.o;/usr/lib/x86_64-linux-gnu/crti.o;/usr/lib/gcc/x86_64-linux-gnu/11/crtbeginS.o;/usr/lib/gcc/x86_64-linux-gnu/11/crtendS.o;/usr/lib/x86_64-linux-gnu/crtn.o]
  implicit dirs: [/usr/lib/gcc/x86_64-linux-gnu/11;/usr/lib/x86_64-linux-gnu;/usr/lib;/lib/x86_64-linux-gnu;/lib]
  implicit fwks: []


Determining if the include file coroutine exists passed with the following output:
Change Dir: /home/suzumiyaharuhi/rl_deploy_v2/deploy/build/legged_system/CMakeFiles/CMakeScratch/TryCompile-nGRP7H

Run Build Command(s):/usr/bin/gmake -f Makefile cmTC_cfe76/fast && /usr/bin/gmake  -f CMakeFiles/cmTC_cfe76.dir/build.make CMakeFiles/cmTC_cfe76.dir/build
gmake[1]: 进入目录“/home/suzumiyaharuhi/rl_deploy_v2/deploy/build/legged_system/CMakeFiles/CMakeScratch/TryCompile-nGRP7H”
Building CXX object CMakeFiles/cmTC_cfe76.dir/CheckIncludeFile.cxx.o
/usr/bin/c++   -fPIC  -std=c++20 -o CMakeFiles/cmTC_cfe76.dir/CheckIncludeFile.cxx.o -c /home/suzumiyaharuhi/rl_deploy_v2/deploy/build/legged_system/CMakeFiles/CMakeScratch/TryCompile-nGRP7H/CheckIncludeFile.cxx
Linking CXX executable cmTC_cfe76
/home/suzumiyaharuhi/.local/lib/python3.10/site-packages/cmake/data/bin/cmake -E cmake_link_script CMakeFiles/cmTC_cfe76.dir/link.txt --verbose=1
/usr/bin/c++  -fPIC  CMakeFiles/cmTC_cfe76.dir/CheckIncludeFile.cxx.o -o cmTC_cfe76 
gmake[1]: 离开目录“/home/suzumiyaharuhi/rl_deploy_v2/deploy/build/legged_system/CMakeFiles/CMakeScratch/TryCompile-nGRP7H”



Performing C++ SOURCE FILE Test CXX_COROUTINES_NO_AWAIT_NEEDED succeeded with the following output:
Change Dir: /home/suzumiyaharuhi/rl_deploy_v2/deploy/build/legged_system/CMakeFiles/CMakeScratch/TryCompile-NYnbfl

Run Build Command(s):/usr/bin/gmake -f Makefile cmTC_3fb97/fast && /usr/bin/gmake  -f CMakeFiles/cmTC_3fb97.dir/build.make CMakeFiles/cmTC_3fb97.dir/build
gmake[1]: 进入目录“/home/suzumiyaharuhi/rl_deploy_v2/deploy/build/legged_system/CMakeFiles/CMakeScratch/TryCompile-NYnbfl”
Building CXX object CMakeFiles/cmTC_3fb97.dir/src.cxx.o
/usr/bin/c++ -DCXX_COROUTINES_NO_AWAIT_NEEDED  -fPIC  -std=c++20 -o CMakeFiles/cmTC_3fb97.dir/src.cxx.o -c /home/suzumiyaharuhi/rl_deploy_v2/deploy/build/legged_system/CMakeFiles/CMakeScratch/TryCompile-NYnbfl/src.cxx
Linking CXX executable cmTC_3fb97
/home/suzumiyaharuhi/.local/lib/python3.10/site-packages/cmake/data/bin/cmake -E cmake_link_script CMakeFiles/cmTC_3fb97.dir/link.txt --verbose=1
/usr/bin/c++  -fPIC  CMakeFiles/cmTC_3fb97.dir/src.cxx.o -o cmTC_3fb97 
gmake[1]: 离开目录“/home/suzumiyaharuhi/rl_deploy_v2/deploy/build/legged_system/CMakeFiles/CMakeScratch/TryCompile-NYnbfl”


Source file was:
        #include <utility>
        #include <coroutine>

        struct present {
          struct promise_type {
            int result;
            present get_return_object() { return present{*this}; }
            std::suspend_never initial_suspend() { return {}; }
            std::suspend_always final_suspend() noexcept { return {}; }
            void return_value(int i) { result = i; }
            void unhandled_exception() {}
          };
          friend struct promise_type;
          present(present&& that) : coro_(std::exchange(that.coro_, {})) {}
          ~present() { if(coro_) coro_.destroy(); }
          bool await_ready() const { return true; }
          void await_suspend(std::coroutine_handle<>) const {}
          int await_resume() const { return coro_.promise().result; }
        private:
          present(promise_type& promise)
            : coro_(std::coroutine_handle<promise_type>::from_promise(promise)) {}
          std::coroutine_handle<promise_type> coro_;
        };
        
        present f(int n) {
          if (n < 2)
            co_return 1;
          else
            co_return n * co_await f(n - 1);
        }
        
        int main() {
          return f(5).await_resume() != 120;
        }
    

Determining if the include file memory_resource exists passed with the following output:
Change Dir: /home/suzumiyaharuhi/rl_deploy_v2/deploy/build/legged_system/CMakeFiles/CMakeScratch/TryCompile-IiWhyM

Run Build Command(s):/usr/bin/gmake -f Makefile cmTC_06eb1/fast && /usr/bin/gmake  -f CMakeFiles/cmTC_06eb1.dir/build.make CMakeFiles/cmTC_06eb1.dir/build
gmake[1]: 进入目录“/home/suzumiyaharuhi/rl_deploy_v2/deploy/build/legged_system/CMakeFiles/CMakeScratch/TryCompile-IiWhyM”
Building CXX object CMakeFiles/cmTC_06eb1.dir/CheckIncludeFile.cxx.o
/usr/bin/c++   -fPIC -std=c++17 -std=c++20 -o CMakeFiles/cmTC_06eb1.dir/CheckIncludeFile.cxx.o -c /home/suzumiyaharuhi/rl_deploy_v2/deploy/build/legged_system/CMakeFiles/CMakeScratch/TryCompile-IiWhyM/CheckIncludeFile.cxx
Linking CXX executable cmTC_06eb1
/home/suzumiyaharuhi/.local/lib/python3.10/site-packages/cmake/data/bin/cmake -E cmake_link_script CMakeFiles/cmTC_06eb1.dir/link.txt --verbose=1
/usr/bin/c++  -fPIC -std=c++17 CMakeFiles/cmTC_06eb1.dir/CheckIncludeFile.cxx.o -o cmTC_06eb1 
gmake[1]: 离开目录“/home/suzumiyaharuhi/rl_deploy_v2/deploy/build/legged_system/CMakeFiles/CMakeScratch/TryCompile-IiWhyM”



Performing C++ SOURCE FILE Test CXX_MEMORY_RESOURCE_NO_LINK_NEEDED succeeded with the following output:
Change Dir: /home/suzumiyaharuhi/rl_deploy_v2/deploy/build/legged_system/CMakeFiles/CMakeScratch/TryCompile-XVEHPL

Run Build Command(s):/usr/bin/gmake -f Makefile cmTC_93f9c/fast && /usr/bin/gmake  -f CMakeFiles/cmTC_93f9c.dir/build.make CMakeFiles/cmTC_93f9c.dir/build
gmake[1]: 进入目录“/home/suzumiyaharuhi/rl_deploy_v2/deploy/build/legged_system/CMakeFiles/CMakeScratch/TryCompile-XVEHPL”
Building CXX object CMakeFiles/cmTC_93f9c.dir/src.cxx.o
/usr/bin/c++ -DCXX_MEMORY_RESOURCE_NO_LINK_NEEDED  -fPIC -std=c++17 -std=c++20 -o CMakeFiles/cmTC_93f9c.dir/src.cxx.o -c /home/suzumiyaharuhi/rl_deploy_v2/deploy/build/legged_system/CMakeFiles/CMakeScratch/TryCompile-XVEHPL/src.cxx
Linking CXX executable cmTC_93f9c
/home/suzumiyaharuhi/.local/lib/python3.10/site-packages/cmake/data/bin/cmake -E cmake_link_script CMakeFiles/cmTC_93f9c.dir/link.txt --verbose=1
/usr/bin/c++  -fPIC -std=c++17 CMakeFiles/cmTC_93f9c.dir/src.cxx.o -o cmTC_93f9c 
gmake[1]: 离开目录“/home/suzumiyaharuhi/rl_deploy_v2/deploy/build/legged_system/CMakeFiles/CMakeScratch/TryCompile-XVEHPL”


Source file was:
        #include <memory_resource>

        int main() {
            std::pmr::polymorphic_allocator<char> alloc{
                std::pmr::new_delete_resource()};
            (void) alloc;
        }
    

Determining if the epoll_create exist passed with the following output:
Change Dir: /home/suzumiyaharuhi/rl_deploy_v2/deploy/build/legged_system/CMakeFiles/CMakeScratch/TryCompile-9RJYrc

Run Build Command(s):/usr/bin/gmake -f Makefile cmTC_4c075/fast && /usr/bin/gmake  -f CMakeFiles/cmTC_4c075.dir/build.make CMakeFiles/cmTC_4c075.dir/build
gmake[1]: 进入目录“/home/suzumiyaharuhi/rl_deploy_v2/deploy/build/legged_system/CMakeFiles/CMakeScratch/TryCompile-9RJYrc”
Building C object CMakeFiles/cmTC_4c075.dir/CheckSymbolExists.c.o
/usr/bin/cc   -fPIC  -o CMakeFiles/cmTC_4c075.dir/CheckSymbolExists.c.o -c /home/suzumiyaharuhi/rl_deploy_v2/deploy/build/legged_system/CMakeFiles/CMakeScratch/TryCompile-9RJYrc/CheckSymbolExists.c
Linking C executable cmTC_4c075
/home/suzumiyaharuhi/.local/lib/python3.10/site-packages/cmake/data/bin/cmake -E cmake_link_script CMakeFiles/cmTC_4c075.dir/link.txt --verbose=1
/usr/bin/cc  -fPIC  CMakeFiles/cmTC_4c075.dir/CheckSymbolExists.c.o -o cmTC_4c075 
gmake[1]: 离开目录“/home/suzumiyaharuhi/rl_deploy_v2/deploy/build/legged_system/CMakeFiles/CMakeScratch/TryCompile-9RJYrc”


File CheckSymbolExists.c:
/* */
#include <sys/epoll.h>

int main(int argc, char** argv)
{
  (void)argv;
#ifndef epoll_create
  return ((int*)(&epoll_create))[argc];
#else
  (void)argc;
  return 0;
#endif
}
Performing C++ SOURCE FILE Test protobuf_HAVE_LD_VERSION_SCRIPT succeeded with the following output:
Change Dir: /home/suzumiyaharuhi/rl_deploy_v2/deploy/build/legged_system/CMakeFiles/CMakeScratch/TryCompile-9JZHmm

Run Build Command(s):/usr/bin/gmake -f Makefile cmTC_a6f47/fast && /usr/bin/gmake  -f CMakeFiles/cmTC_a6f47.dir/build.make CMakeFiles/cmTC_a6f47.dir/build
gmake[1]: Entering directory '/home/suzumiyaharuhi/rl_deploy_v2/deploy/build/legged_system/CMakeFiles/CMakeScratch/TryCompile-9JZHmm'
Building CXX object CMakeFiles/cmTC_a6f47.dir/src.cxx.o
/usr/bin/c++ -Dprotobuf_HAVE_LD_VERSION_SCRIPT  -fPIC  -std=c++11 -o CMakeFiles/cmTC_a6f47.dir/src.cxx.o -c /home/suzumiyaharuhi/rl_deploy_v2/deploy/build/legged_system/CMakeFiles/CMakeScratch/TryCompile-9JZHmm/src.cxx
Linking CXX executable cmTC_a6f47
/home/suzumiyaharuhi/.local/lib/python3.10/site-packages/cmake/data/bin/cmake -E cmake_link_script CMakeFiles/cmTC_a6f47.dir/link.txt --verbose=1
/usr/bin/c++  -fPIC  -Wl,--version-script=/home/suzumiyaharuhi/rl_deploy_v2/deploy/build/legged_system/_deps/protobuf-build/cmaketest.map CMakeFiles/cmTC_a6f47.dir/src.cxx.o -o cmTC_a6f47 
gmake[1]: Leaving directory '/home/suzumiyaharuhi/rl_deploy_v2/deploy/build/legged_system/CMakeFiles/CMakeScratch/TryCompile-9JZHmm'


Source file was:
int main() { return 0; }

Performing C SOURCE FILE Test CMAKE_HAVE_LIBC_PTHREAD succeeded with the following output:
Change Dir: /home/suzumiyaharuhi/rl_deploy_v2/deploy/build/legged_system/CMakeFiles/CMakeScratch/TryCompile-iigbh1

Run Build Command(s):/usr/bin/gmake -f Makefile cmTC_f8330/fast && /usr/bin/gmake  -f CMakeFiles/cmTC_f8330.dir/build.make CMakeFiles/cmTC_f8330.dir/build
gmake[1]: 进入目录“/home/suzumiyaharuhi/rl_deploy_v2/deploy/build/legged_system/CMakeFiles/CMakeScratch/TryCompile-iigbh1”
Building C object CMakeFiles/cmTC_f8330.dir/src.c.o
/usr/bin/cc -DCMAKE_HAVE_LIBC_PTHREAD  -fPIC  -o CMakeFiles/cmTC_f8330.dir/src.c.o -c /home/suzumiyaharuhi/rl_deploy_v2/deploy/build/legged_system/CMakeFiles/CMakeScratch/TryCompile-iigbh1/src.c
Linking C executable cmTC_f8330
/home/suzumiyaharuhi/.local/lib/python3.10/site-packages/cmake/data/bin/cmake -E cmake_link_script CMakeFiles/cmTC_f8330.dir/link.txt --verbose=1
/usr/bin/cc  -fPIC  CMakeFiles/cmTC_f8330.dir/src.c.o -o cmTC_f8330 
gmake[1]: 离开目录“/home/suzumiyaharuhi/rl_deploy_v2/deploy/build/legged_system/CMakeFiles/CMakeScratch/TryCompile-iigbh1”


Source file was:
#include <pthread.h>

static void* test_func(void* data)
{
  return data;
}

int main(void)
{
  pthread_t thread;
  pthread_create(&thread, NULL, test_func, NULL);
  pthread_detach(thread);
  pthread_cancel(thread);
  pthread_join(thread, NULL);
  pthread_atfork(NULL, NULL, NULL);
  pthread_exit(NULL);

  return 0;
}


Performing C++ SOURCE FILE Test protobuf_HAVE_BUILTIN_ATOMICS succeeded with the following output:
Change Dir: /home/suzumiyaharuhi/rl_deploy_v2/deploy/build/legged_system/CMakeFiles/CMakeScratch/TryCompile-cAwR8I

Run Build Command(s):/usr/bin/gmake -f Makefile cmTC_5182f/fast && /usr/bin/gmake  -f CMakeFiles/cmTC_5182f.dir/build.make CMakeFiles/cmTC_5182f.dir/build
gmake[1]: 进入目录“/home/suzumiyaharuhi/rl_deploy_v2/deploy/build/legged_system/CMakeFiles/CMakeScratch/TryCompile-cAwR8I”
Building CXX object CMakeFiles/cmTC_5182f.dir/src.cxx.o
/usr/bin/c++ -Dprotobuf_HAVE_BUILTIN_ATOMICS  -fPIC -std=c++11 -std=c++11 -o CMakeFiles/cmTC_5182f.dir/src.cxx.o -c /home/suzumiyaharuhi/rl_deploy_v2/deploy/build/legged_system/CMakeFiles/CMakeScratch/TryCompile-cAwR8I/src.cxx
Linking CXX executable cmTC_5182f
/home/suzumiyaharuhi/.local/lib/python3.10/site-packages/cmake/data/bin/cmake -E cmake_link_script CMakeFiles/cmTC_5182f.dir/link.txt --verbose=1
/usr/bin/c++  -fPIC -std=c++11 CMakeFiles/cmTC_5182f.dir/src.cxx.o -o cmTC_5182f 
gmake[1]: 离开目录“/home/suzumiyaharuhi/rl_deploy_v2/deploy/build/legged_system/CMakeFiles/CMakeScratch/TryCompile-cAwR8I”


Source file was:

    #include <atomic>
    int main() {
      return std::atomic<int64_t>{};
    }
  

Determining if the include file clocale exists passed with the following output:
Change Dir: /home/suzumiyaharuhi/rl_deploy_v2/deploy/build/legged_system/CMakeFiles/CMakeScratch/TryCompile-NThYtJ

Run Build Command(s):/usr/bin/gmake -f Makefile cmTC_e0662/fast && /usr/bin/gmake  -f CMakeFiles/cmTC_e0662.dir/build.make CMakeFiles/cmTC_e0662.dir/build
gmake[1]: 进入目录“/home/suzumiyaharuhi/rl_deploy_v2/deploy/build/legged_system/CMakeFiles/CMakeScratch/TryCompile-NThYtJ”
Building CXX object CMakeFiles/cmTC_e0662.dir/CheckIncludeFile.cxx.o
/usr/bin/c++   -fPIC  -std=c++11 -o CMakeFiles/cmTC_e0662.dir/CheckIncludeFile.cxx.o -c /home/suzumiyaharuhi/rl_deploy_v2/deploy/build/legged_system/CMakeFiles/CMakeScratch/TryCompile-NThYtJ/CheckIncludeFile.cxx
Linking CXX executable cmTC_e0662
/home/suzumiyaharuhi/.local/lib/python3.10/site-packages/cmake/data/bin/cmake -E cmake_link_script CMakeFiles/cmTC_e0662.dir/link.txt --verbose=1
/usr/bin/c++  -fPIC  CMakeFiles/cmTC_e0662.dir/CheckIncludeFile.cxx.o -o cmTC_e0662 
gmake[1]: 离开目录“/home/suzumiyaharuhi/rl_deploy_v2/deploy/build/legged_system/CMakeFiles/CMakeScratch/TryCompile-NThYtJ”



Determining if the localeconv exist passed with the following output:
Change Dir: /home/suzumiyaharuhi/rl_deploy_v2/deploy/build/legged_system/CMakeFiles/CMakeScratch/TryCompile-yW0miS

Run Build Command(s):/usr/bin/gmake -f Makefile cmTC_433d0/fast && /usr/bin/gmake  -f CMakeFiles/cmTC_433d0.dir/build.make CMakeFiles/cmTC_433d0.dir/build
gmake[1]: 进入目录“/home/suzumiyaharuhi/rl_deploy_v2/deploy/build/legged_system/CMakeFiles/CMakeScratch/TryCompile-yW0miS”
Building CXX object CMakeFiles/cmTC_433d0.dir/CheckSymbolExists.cxx.o
/usr/bin/c++   -fPIC  -std=c++11 -o CMakeFiles/cmTC_433d0.dir/CheckSymbolExists.cxx.o -c /home/suzumiyaharuhi/rl_deploy_v2/deploy/build/legged_system/CMakeFiles/CMakeScratch/TryCompile-yW0miS/CheckSymbolExists.cxx
Linking CXX executable cmTC_433d0
/home/suzumiyaharuhi/.local/lib/python3.10/site-packages/cmake/data/bin/cmake -E cmake_link_script CMakeFiles/cmTC_433d0.dir/link.txt --verbose=1
/usr/bin/c++  -fPIC  CMakeFiles/cmTC_433d0.dir/CheckSymbolExists.cxx.o -o cmTC_433d0 
gmake[1]: 离开目录“/home/suzumiyaharuhi/rl_deploy_v2/deploy/build/legged_system/CMakeFiles/CMakeScratch/TryCompile-yW0miS”


File CheckSymbolExists.cxx:
/* */
#include <clocale>

int main(int argc, char** argv)
{
  (void)argv;
#ifndef localeconv
  return ((int*)(&localeconv))[argc];
#else
  (void)argc;
  return 0;
#endif
}
Determining if the include file sys/types.h exists passed with the following output:
Change Dir: /home/suzumiyaharuhi/rl_deploy_v2/deploy/build/legged_system/CMakeFiles/CMakeScratch/TryCompile-KR4r8R

Run Build Command(s):/usr/bin/gmake -f Makefile cmTC_bd8bf/fast && /usr/bin/gmake  -f CMakeFiles/cmTC_bd8bf.dir/build.make CMakeFiles/cmTC_bd8bf.dir/build
gmake[1]: 进入目录“/home/suzumiyaharuhi/rl_deploy_v2/deploy/build/legged_system/CMakeFiles/CMakeScratch/TryCompile-KR4r8R”
Building CXX object CMakeFiles/cmTC_bd8bf.dir/CheckIncludeFile.cxx.o
/usr/bin/c++   -fPIC  -std=c++11 -o CMakeFiles/cmTC_bd8bf.dir/CheckIncludeFile.cxx.o -c /home/suzumiyaharuhi/rl_deploy_v2/deploy/build/legged_system/CMakeFiles/CMakeScratch/TryCompile-KR4r8R/CheckIncludeFile.cxx
Linking CXX executable cmTC_bd8bf
/home/suzumiyaharuhi/.local/lib/python3.10/site-packages/cmake/data/bin/cmake -E cmake_link_script CMakeFiles/cmTC_bd8bf.dir/link.txt --verbose=1
/usr/bin/c++  -fPIC  CMakeFiles/cmTC_bd8bf.dir/CheckIncludeFile.cxx.o -o cmTC_bd8bf 
gmake[1]: 离开目录“/home/suzumiyaharuhi/rl_deploy_v2/deploy/build/legged_system/CMakeFiles/CMakeScratch/TryCompile-KR4r8R”



Determining if the include file stdint.h exists passed with the following output:
Change Dir: /home/suzumiyaharuhi/rl_deploy_v2/deploy/build/legged_system/CMakeFiles/CMakeScratch/TryCompile-1cOQ8U

Run Build Command(s):/usr/bin/gmake -f Makefile cmTC_6ab04/fast && /usr/bin/gmake  -f CMakeFiles/cmTC_6ab04.dir/build.make CMakeFiles/cmTC_6ab04.dir/build
gmake[1]: 进入目录“/home/suzumiyaharuhi/rl_deploy_v2/deploy/build/legged_system/CMakeFiles/CMakeScratch/TryCompile-1cOQ8U”
Building CXX object CMakeFiles/cmTC_6ab04.dir/CheckIncludeFile.cxx.o
/usr/bin/c++   -fPIC  -std=c++11 -o CMakeFiles/cmTC_6ab04.dir/CheckIncludeFile.cxx.o -c /home/suzumiyaharuhi/rl_deploy_v2/deploy/build/legged_system/CMakeFiles/CMakeScratch/TryCompile-1cOQ8U/CheckIncludeFile.cxx
Linking CXX executable cmTC_6ab04
/home/suzumiyaharuhi/.local/lib/python3.10/site-packages/cmake/data/bin/cmake -E cmake_link_script CMakeFiles/cmTC_6ab04.dir/link.txt --verbose=1
/usr/bin/c++  -fPIC  CMakeFiles/cmTC_6ab04.dir/CheckIncludeFile.cxx.o -o cmTC_6ab04 
gmake[1]: 离开目录“/home/suzumiyaharuhi/rl_deploy_v2/deploy/build/legged_system/CMakeFiles/CMakeScratch/TryCompile-1cOQ8U”



Determining if the include file stddef.h exists passed with the following output:
Change Dir: /home/suzumiyaharuhi/rl_deploy_v2/deploy/build/legged_system/CMakeFiles/CMakeScratch/TryCompile-W8xm17

Run Build Command(s):/usr/bin/gmake -f Makefile cmTC_4be5e/fast && /usr/bin/gmake  -f CMakeFiles/cmTC_4be5e.dir/build.make CMakeFiles/cmTC_4be5e.dir/build
gmake[1]: 进入目录“/home/suzumiyaharuhi/rl_deploy_v2/deploy/build/legged_system/CMakeFiles/CMakeScratch/TryCompile-W8xm17”
Building CXX object CMakeFiles/cmTC_4be5e.dir/CheckIncludeFile.cxx.o
/usr/bin/c++   -fPIC  -std=c++11 -o CMakeFiles/cmTC_4be5e.dir/CheckIncludeFile.cxx.o -c /home/suzumiyaharuhi/rl_deploy_v2/deploy/build/legged_system/CMakeFiles/CMakeScratch/TryCompile-W8xm17/CheckIncludeFile.cxx
Linking CXX executable cmTC_4be5e
/home/suzumiyaharuhi/.local/lib/python3.10/site-packages/cmake/data/bin/cmake -E cmake_link_script CMakeFiles/cmTC_4be5e.dir/link.txt --verbose=1
/usr/bin/c++  -fPIC  CMakeFiles/cmTC_4be5e.dir/CheckIncludeFile.cxx.o -o cmTC_4be5e 
gmake[1]: 离开目录“/home/suzumiyaharuhi/rl_deploy_v2/deploy/build/legged_system/CMakeFiles/CMakeScratch/TryCompile-W8xm17”



Determining size of lconv passed with the following output:
Change Dir: /home/suzumiyaharuhi/rl_deploy_v2/deploy/build/legged_system/CMakeFiles/CMakeScratch/TryCompile-XuoKYn

Run Build Command(s):/usr/bin/gmake -f Makefile cmTC_7d253/fast && /usr/bin/gmake  -f CMakeFiles/cmTC_7d253.dir/build.make CMakeFiles/cmTC_7d253.dir/build
gmake[1]: 进入目录“/home/suzumiyaharuhi/rl_deploy_v2/deploy/build/legged_system/CMakeFiles/CMakeScratch/TryCompile-XuoKYn”
Building CXX object CMakeFiles/cmTC_7d253.dir/LCONV_SIZE.cpp.o
/usr/bin/c++   -fPIC  -std=c++11 -o CMakeFiles/cmTC_7d253.dir/LCONV_SIZE.cpp.o -c /home/suzumiyaharuhi/rl_deploy_v2/deploy/build/legged_system/CMakeFiles/CMakeScratch/TryCompile-XuoKYn/LCONV_SIZE.cpp
Linking CXX executable cmTC_7d253
/home/suzumiyaharuhi/.local/lib/python3.10/site-packages/cmake/data/bin/cmake -E cmake_link_script CMakeFiles/cmTC_7d253.dir/link.txt --verbose=1
/usr/bin/c++  -fPIC  CMakeFiles/cmTC_7d253.dir/LCONV_SIZE.cpp.o -o cmTC_7d253 
gmake[1]: 离开目录“/home/suzumiyaharuhi/rl_deploy_v2/deploy/build/legged_system/CMakeFiles/CMakeScratch/TryCompile-XuoKYn”



Performing C++ SOURCE FILE Test HAVE_DECIMAL_POINT succeeded with the following output:
Change Dir: /home/suzumiyaharuhi/rl_deploy_v2/deploy/build/legged_system/CMakeFiles/CMakeScratch/TryCompile-DU1q0v

Run Build Command(s):/usr/bin/gmake -f Makefile cmTC_0ee99/fast && /usr/bin/gmake  -f CMakeFiles/cmTC_0ee99.dir/build.make CMakeFiles/cmTC_0ee99.dir/build
gmake[1]: 进入目录“/home/suzumiyaharuhi/rl_deploy_v2/deploy/build/legged_system/CMakeFiles/CMakeScratch/TryCompile-DU1q0v”
Building CXX object CMakeFiles/cmTC_0ee99.dir/src.cxx.o
/usr/bin/c++ -DHAVE_DECIMAL_POINT  -fPIC  -std=c++11 -o CMakeFiles/cmTC_0ee99.dir/src.cxx.o -c /home/suzumiyaharuhi/rl_deploy_v2/deploy/build/legged_system/CMakeFiles/CMakeScratch/TryCompile-DU1q0v/src.cxx
Linking CXX executable cmTC_0ee99
/home/suzumiyaharuhi/.local/lib/python3.10/site-packages/cmake/data/bin/cmake -E cmake_link_script CMakeFiles/cmTC_0ee99.dir/link.txt --verbose=1
/usr/bin/c++  -fPIC  CMakeFiles/cmTC_0ee99.dir/src.cxx.o -o cmTC_0ee99 
gmake[1]: 离开目录“/home/suzumiyaharuhi/rl_deploy_v2/deploy/build/legged_system/CMakeFiles/CMakeScratch/TryCompile-DU1q0v”


Source file was:

#include <clocale>

int main()
{
  (void)sizeof(((lconv *)0)->decimal_point);
  return 0;
}


Determining if the include file unistd.h exists passed with the following output:
Change Dir: /home/suzumiyaharuhi/rl_deploy_v2/deploy/build/legged_system/CMakeFiles/CMakeScratch/TryCompile-ekyAQh

Run Build Command(s):/usr/bin/gmake -f Makefile cmTC_a66a8/fast && /usr/bin/gmake  -f CMakeFiles/cmTC_a66a8.dir/build.make CMakeFiles/cmTC_a66a8.dir/build
gmake[1]: 进入目录“/home/suzumiyaharuhi/rl_deploy_v2/deploy/build/legged_system/CMakeFiles/CMakeScratch/TryCompile-ekyAQh”
Building CXX object CMakeFiles/cmTC_a66a8.dir/CheckIncludeFile.cxx.o
/usr/bin/c++   -fPIC  -std=c++20 -o CMakeFiles/cmTC_a66a8.dir/CheckIncludeFile.cxx.o -c /home/suzumiyaharuhi/rl_deploy_v2/deploy/build/legged_system/CMakeFiles/CMakeScratch/TryCompile-ekyAQh/CheckIncludeFile.cxx
Linking CXX executable cmTC_a66a8
/home/suzumiyaharuhi/.local/lib/python3.10/site-packages/cmake/data/bin/cmake -E cmake_link_script CMakeFiles/cmTC_a66a8.dir/link.txt --verbose=1
/usr/bin/c++  -fPIC  CMakeFiles/cmTC_a66a8.dir/CheckIncludeFile.cxx.o -o cmTC_a66a8 
gmake[1]: 离开目录“/home/suzumiyaharuhi/rl_deploy_v2/deploy/build/legged_system/CMakeFiles/CMakeScratch/TryCompile-ekyAQh”



Determining if the include file inttypes.h exists passed with the following output:
Change Dir: /home/suzumiyaharuhi/rl_deploy_v2/deploy/build/legged_system/CMakeFiles/CMakeScratch/TryCompile-G3XhTW

Run Build Command(s):/usr/bin/gmake -f Makefile cmTC_9f2ee/fast && /usr/bin/gmake  -f CMakeFiles/cmTC_9f2ee.dir/build.make CMakeFiles/cmTC_9f2ee.dir/build
gmake[1]: 进入目录“/home/suzumiyaharuhi/rl_deploy_v2/deploy/build/legged_system/CMakeFiles/CMakeScratch/TryCompile-G3XhTW”
Building CXX object CMakeFiles/cmTC_9f2ee.dir/CheckIncludeFile.cxx.o
/usr/bin/c++   -fPIC  -std=c++20 -o CMakeFiles/cmTC_9f2ee.dir/CheckIncludeFile.cxx.o -c /home/suzumiyaharuhi/rl_deploy_v2/deploy/build/legged_system/CMakeFiles/CMakeScratch/TryCompile-G3XhTW/CheckIncludeFile.cxx
Linking CXX executable cmTC_9f2ee
/home/suzumiyaharuhi/.local/lib/python3.10/site-packages/cmake/data/bin/cmake -E cmake_link_script CMakeFiles/cmTC_9f2ee.dir/link.txt --verbose=1
/usr/bin/c++  -fPIC  CMakeFiles/cmTC_9f2ee.dir/CheckIncludeFile.cxx.o -o cmTC_9f2ee 
gmake[1]: 离开目录“/home/suzumiyaharuhi/rl_deploy_v2/deploy/build/legged_system/CMakeFiles/CMakeScratch/TryCompile-G3XhTW”



Determining if the include file sys/stat.h exists passed with the following output:
Change Dir: /home/suzumiyaharuhi/rl_deploy_v2/deploy/build/legged_system/CMakeFiles/CMakeScratch/TryCompile-MFbe9p

Run Build Command(s):/usr/bin/gmake -f Makefile cmTC_54687/fast && /usr/bin/gmake  -f CMakeFiles/cmTC_54687.dir/build.make CMakeFiles/cmTC_54687.dir/build
gmake[1]: 进入目录“/home/suzumiyaharuhi/rl_deploy_v2/deploy/build/legged_system/CMakeFiles/CMakeScratch/TryCompile-MFbe9p”
Building CXX object CMakeFiles/cmTC_54687.dir/CheckIncludeFile.cxx.o
/usr/bin/c++   -fPIC  -std=c++20 -o CMakeFiles/cmTC_54687.dir/CheckIncludeFile.cxx.o -c /home/suzumiyaharuhi/rl_deploy_v2/deploy/build/legged_system/CMakeFiles/CMakeScratch/TryCompile-MFbe9p/CheckIncludeFile.cxx
Linking CXX executable cmTC_54687
/home/suzumiyaharuhi/.local/lib/python3.10/site-packages/cmake/data/bin/cmake -E cmake_link_script CMakeFiles/cmTC_54687.dir/link.txt --verbose=1
/usr/bin/c++  -fPIC  CMakeFiles/cmTC_54687.dir/CheckIncludeFile.cxx.o -o cmTC_54687 
gmake[1]: 离开目录“/home/suzumiyaharuhi/rl_deploy_v2/deploy/build/legged_system/CMakeFiles/CMakeScratch/TryCompile-MFbe9p”



Determining if the include file fnmatch.h exists passed with the following output:
Change Dir: /home/suzumiyaharuhi/rl_deploy_v2/deploy/build/legged_system/CMakeFiles/CMakeScratch/TryCompile-k6WDin

Run Build Command(s):/usr/bin/gmake -f Makefile cmTC_557de/fast && /usr/bin/gmake  -f CMakeFiles/cmTC_557de.dir/build.make CMakeFiles/cmTC_557de.dir/build
gmake[1]: 进入目录“/home/suzumiyaharuhi/rl_deploy_v2/deploy/build/legged_system/CMakeFiles/CMakeScratch/TryCompile-k6WDin”
Building CXX object CMakeFiles/cmTC_557de.dir/CheckIncludeFile.cxx.o
/usr/bin/c++   -fPIC  -std=c++20 -o CMakeFiles/cmTC_557de.dir/CheckIncludeFile.cxx.o -c /home/suzumiyaharuhi/rl_deploy_v2/deploy/build/legged_system/CMakeFiles/CMakeScratch/TryCompile-k6WDin/CheckIncludeFile.cxx
Linking CXX executable cmTC_557de
/home/suzumiyaharuhi/.local/lib/python3.10/site-packages/cmake/data/bin/cmake -E cmake_link_script CMakeFiles/cmTC_557de.dir/link.txt --verbose=1
/usr/bin/c++  -fPIC  CMakeFiles/cmTC_557de.dir/CheckIncludeFile.cxx.o -o cmTC_557de 
gmake[1]: 离开目录“/home/suzumiyaharuhi/rl_deploy_v2/deploy/build/legged_system/CMakeFiles/CMakeScratch/TryCompile-k6WDin”



Determining size of uint32_t passed with the following output:
Change Dir: /home/suzumiyaharuhi/rl_deploy_v2/deploy/build/legged_system/CMakeFiles/CMakeScratch/TryCompile-euBFnA

Run Build Command(s):/usr/bin/gmake -f Makefile cmTC_d4693/fast && /usr/bin/gmake  -f CMakeFiles/cmTC_d4693.dir/build.make CMakeFiles/cmTC_d4693.dir/build
gmake[1]: 进入目录“/home/suzumiyaharuhi/rl_deploy_v2/deploy/build/legged_system/CMakeFiles/CMakeScratch/TryCompile-euBFnA”
Building CXX object CMakeFiles/cmTC_d4693.dir/uint32_t.cpp.o
/usr/bin/c++   -fPIC  -std=c++20 -o CMakeFiles/cmTC_d4693.dir/uint32_t.cpp.o -c /home/suzumiyaharuhi/rl_deploy_v2/deploy/build/legged_system/CMakeFiles/CMakeScratch/TryCompile-euBFnA/uint32_t.cpp
Linking CXX executable cmTC_d4693
/home/suzumiyaharuhi/.local/lib/python3.10/site-packages/cmake/data/bin/cmake -E cmake_link_script CMakeFiles/cmTC_d4693.dir/link.txt --verbose=1
/usr/bin/c++  -fPIC  CMakeFiles/cmTC_d4693.dir/uint32_t.cpp.o -o cmTC_d4693 
gmake[1]: 离开目录“/home/suzumiyaharuhi/rl_deploy_v2/deploy/build/legged_system/CMakeFiles/CMakeScratch/TryCompile-euBFnA”



Determining if the strtoll exist passed with the following output:
Change Dir: /home/suzumiyaharuhi/rl_deploy_v2/deploy/build/legged_system/CMakeFiles/CMakeScratch/TryCompile-ZbaO3u

Run Build Command(s):/usr/bin/gmake -f Makefile cmTC_74c42/fast && /usr/bin/gmake  -f CMakeFiles/cmTC_74c42.dir/build.make CMakeFiles/cmTC_74c42.dir/build
gmake[1]: 进入目录“/home/suzumiyaharuhi/rl_deploy_v2/deploy/build/legged_system/CMakeFiles/CMakeScratch/TryCompile-ZbaO3u”
Building CXX object CMakeFiles/cmTC_74c42.dir/CheckSymbolExists.cxx.o
/usr/bin/c++   -fPIC  -std=c++20 -o CMakeFiles/cmTC_74c42.dir/CheckSymbolExists.cxx.o -c /home/suzumiyaharuhi/rl_deploy_v2/deploy/build/legged_system/CMakeFiles/CMakeScratch/TryCompile-ZbaO3u/CheckSymbolExists.cxx
Linking CXX executable cmTC_74c42
/home/suzumiyaharuhi/.local/lib/python3.10/site-packages/cmake/data/bin/cmake -E cmake_link_script CMakeFiles/cmTC_74c42.dir/link.txt --verbose=1
/usr/bin/c++  -fPIC  CMakeFiles/cmTC_74c42.dir/CheckSymbolExists.cxx.o -o cmTC_74c42 
gmake[1]: 离开目录“/home/suzumiyaharuhi/rl_deploy_v2/deploy/build/legged_system/CMakeFiles/CMakeScratch/TryCompile-ZbaO3u”


File CheckSymbolExists.cxx:
/* */
#include <stdlib.h>

int main(int argc, char** argv)
{
  (void)argv;
#ifndef strtoll
  return ((int*)(&strtoll))[argc];
#else
  (void)argc;
  return 0;
#endif
}
Determining if the getcontext exist passed with the following output:
Change Dir: /home/suzumiyaharuhi/rl_deploy_v2/deploy/build/legged_system/CMakeFiles/CMakeScratch/TryCompile-InV6mA

Run Build Command(s):/usr/bin/gmake -f Makefile cmTC_7b7df/fast && /usr/bin/gmake  -f CMakeFiles/cmTC_7b7df.dir/build.make CMakeFiles/cmTC_7b7df.dir/build
gmake[1]: 进入目录“/home/suzumiyaharuhi/rl_deploy_v2/deploy/build/legged_system/CMakeFiles/CMakeScratch/TryCompile-InV6mA”
Building C object CMakeFiles/cmTC_7b7df.dir/CheckSymbolExists.c.o
/usr/bin/cc   -fPIC -Wno-deprecated-declarations -o CMakeFiles/cmTC_7b7df.dir/CheckSymbolExists.c.o -c /home/suzumiyaharuhi/rl_deploy_v2/deploy/build/legged_system/CMakeFiles/CMakeScratch/TryCompile-InV6mA/CheckSymbolExists.c
Linking C executable cmTC_7b7df
/home/suzumiyaharuhi/.local/lib/python3.10/site-packages/cmake/data/bin/cmake -E cmake_link_script CMakeFiles/cmTC_7b7df.dir/link.txt --verbose=1
/usr/bin/cc  -fPIC -Wno-deprecated-declarations CMakeFiles/cmTC_7b7df.dir/CheckSymbolExists.c.o -o cmTC_7b7df 
gmake[1]: 离开目录“/home/suzumiyaharuhi/rl_deploy_v2/deploy/build/legged_system/CMakeFiles/CMakeScratch/TryCompile-InV6mA”


File CheckSymbolExists.c:
/* */
#include <ucontext.h>

int main(int argc, char** argv)
{
  (void)argv;
#ifndef getcontext
  return ((int*)(&getcontext))[argc];
#else
  (void)argc;
  return 0;
#endif
}
