[0.084s] [34mcolcon[0m [1;30mDEBUG[0m [32mCommand line arguments: ['/usr/bin/colcon', 'build'][0m
[0.084s] [34mcolcon[0m [1;30mDEBUG[0m [32mParsed command line arguments: Namespace(log_base=None, log_level=None, verb_name='build', build_base='build', install_base='install', merge_install=False, symlink_install=False, test_result_base=None, continue_on_error=False, executor='parallel', parallel_workers=32, event_handlers=None, ignore_user_meta=False, metas=['./colcon.meta'], base_paths=['.'], packages_ignore=None, packages_ignore_regex=None, paths=None, packages_up_to=None, packages_up_to_regex=None, packages_above=None, packages_above_and_dependencies=None, packages_above_depth=None, packages_select_by_dep=None, packages_skip_by_dep=None, packages_skip_up_to=None, packages_select_build_failed=False, packages_skip_build_finished=False, packages_select_test_failures=False, packages_skip_test_passed=False, packages_select=None, packages_skip=None, packages_select_regex=None, packages_skip_regex=None, packages_start=None, packages_end=None, allow_overriding=[], cmake_args=None, cmake_target=None, cmake_target_skip_unavailable=False, cmake_clean_cache=False, cmake_clean_first=False, cmake_force_configure=False, ament_cmake_args=None, catkin_cmake_args=None, catkin_skip_building_tests=False, mixin_files=None, mixin=None, verb_parser=<colcon_mixin.mixin.mixin_argument.MixinArgumentDecorator object at 0x73f1d48b6950>, verb_extension=<colcon_core.verb.build.BuildVerb object at 0x73f1d49f0040>, main=<bound method BuildVerb.main of <colcon_core.verb.build.BuildVerb object at 0x73f1d49f0040>>, mixin_verb=('build',))[0m
[0.105s] [34mcolcon.colcon_core.package_discovery[0m [1;30mLevel 1[0m discover_packages(colcon_meta) check parameters
[0.105s] [34mcolcon.colcon_core.package_discovery[0m [1;30mLevel 1[0m discover_packages(recursive) check parameters
[0.105s] [34mcolcon.colcon_core.package_discovery[0m [1;30mLevel 1[0m discover_packages(ignore) check parameters
[0.105s] [34mcolcon.colcon_core.package_discovery[0m [1;30mLevel 1[0m discover_packages(path) check parameters
[0.105s] [34mcolcon.colcon_core.package_discovery[0m [1;30mLevel 1[0m discover_packages(colcon_meta) discover
[0.105s] [34mcolcon.colcon_core.package_discovery[0m [1;30mLevel 1[0m discover_packages(recursive) discover
[0.105s] [34mcolcon.colcon_core.package_discovery[0m [1;30mINFO[0m Crawling recursively for packages in '/home/suzumiyaharuhi/rl_deploy_v2/deploy'
[0.105s] [34mcolcon.colcon_core.package_identification[0m [1;30mLevel 1[0m _identify(.) by extensions ['ignore', 'ignore_ament_install']
[0.105s] [34mcolcon.colcon_core.package_identification[0m [1;30mLevel 1[0m _identify(.) by extension 'ignore'
[0.105s] [34mcolcon.colcon_core.package_identification[0m [1;30mLevel 1[0m _identify(.) by extension 'ignore_ament_install'
[0.105s] [34mcolcon.colcon_core.package_identification[0m [1;30mLevel 1[0m _identify(.) by extensions ['colcon_pkg']
[0.105s] [34mcolcon.colcon_core.package_identification[0m [1;30mLevel 1[0m _identify(.) by extension 'colcon_pkg'
[0.105s] [34mcolcon.colcon_core.package_identification[0m [1;30mLevel 1[0m _identify(.) by extensions ['colcon_meta']
[0.105s] [34mcolcon.colcon_core.package_identification[0m [1;30mLevel 1[0m _identify(.) by extension 'colcon_meta'
[0.105s] [34mcolcon.colcon_core.package_identification[0m [1;30mLevel 1[0m _identify(.) by extensions ['ros']
[0.105s] [34mcolcon.colcon_core.package_identification[0m [1;30mLevel 1[0m _identify(.) by extension 'ros'
[0.121s] [34mcolcon.colcon_core.package_identification[0m [1;30mLevel 1[0m _identify(.) by extensions ['cmake', 'python']
[0.121s] [34mcolcon.colcon_core.package_identification[0m [1;30mLevel 1[0m _identify(.) by extension 'cmake'
[0.121s] [34mcolcon.colcon_core.package_identification[0m [1;30mLevel 1[0m _identify(.) by extension 'python'
[0.121s] [34mcolcon.colcon_core.package_identification[0m [1;30mLevel 1[0m _identify(.) by extensions ['python_setup_py']
[0.121s] [34mcolcon.colcon_core.package_identification[0m [1;30mLevel 1[0m _identify(.) by extension 'python_setup_py'
[0.121s] [34mcolcon.colcon_core.package_identification[0m [1;30mLevel 1[0m _identify(build) by extensions ['ignore', 'ignore_ament_install']
[0.121s] [34mcolcon.colcon_core.package_identification[0m [1;30mLevel 1[0m _identify(build) by extension 'ignore'
[0.121s] [34mcolcon.colcon_core.package_identification[0m [1;30mLevel 1[0m _identify(build) ignored
[0.121s] [34mcolcon.colcon_core.package_identification[0m [1;30mLevel 1[0m _identify(cfg) by extensions ['ignore', 'ignore_ament_install']
[0.121s] [34mcolcon.colcon_core.package_identification[0m [1;30mLevel 1[0m _identify(cfg) by extension 'ignore'
[0.121s] [34mcolcon.colcon_core.package_identification[0m [1;30mLevel 1[0m _identify(cfg) by extension 'ignore_ament_install'
[0.121s] [34mcolcon.colcon_core.package_identification[0m [1;30mLevel 1[0m _identify(cfg) by extensions ['colcon_pkg']
[0.121s] [34mcolcon.colcon_core.package_identification[0m [1;30mLevel 1[0m _identify(cfg) by extension 'colcon_pkg'
[0.121s] [34mcolcon.colcon_core.package_identification[0m [1;30mLevel 1[0m _identify(cfg) by extensions ['colcon_meta']
[0.121s] [34mcolcon.colcon_core.package_identification[0m [1;30mLevel 1[0m _identify(cfg) by extension 'colcon_meta'
[0.121s] [34mcolcon.colcon_core.package_identification[0m [1;30mLevel 1[0m _identify(cfg) by extensions ['ros']
[0.121s] [34mcolcon.colcon_core.package_identification[0m [1;30mLevel 1[0m _identify(cfg) by extension 'ros'
[0.121s] [34mcolcon.colcon_core.package_identification[0m [1;30mLevel 1[0m _identify(cfg) by extensions ['cmake', 'python']
[0.121s] [34mcolcon.colcon_core.package_identification[0m [1;30mLevel 1[0m _identify(cfg) by extension 'cmake'
[0.121s] [34mcolcon.colcon_core.package_identification[0m [1;30mLevel 1[0m _identify(cfg) by extension 'python'
[0.121s] [34mcolcon.colcon_core.package_identification[0m [1;30mLevel 1[0m _identify(cfg) by extensions ['python_setup_py']
[0.121s] [34mcolcon.colcon_core.package_identification[0m [1;30mLevel 1[0m _identify(cfg) by extension 'python_setup_py'
[0.121s] [34mcolcon.colcon_core.package_identification[0m [1;30mLevel 1[0m _identify(cfg/tmp) by extensions ['ignore', 'ignore_ament_install']
[0.121s] [34mcolcon.colcon_core.package_identification[0m [1;30mLevel 1[0m _identify(cfg/tmp) by extension 'ignore'
[0.121s] [34mcolcon.colcon_core.package_identification[0m [1;30mLevel 1[0m _identify(cfg/tmp) by extension 'ignore_ament_install'
[0.122s] [34mcolcon.colcon_core.package_identification[0m [1;30mLevel 1[0m _identify(cfg/tmp) by extensions ['colcon_pkg']
[0.122s] [34mcolcon.colcon_core.package_identification[0m [1;30mLevel 1[0m _identify(cfg/tmp) by extension 'colcon_pkg'
[0.122s] [34mcolcon.colcon_core.package_identification[0m [1;30mLevel 1[0m _identify(cfg/tmp) by extensions ['colcon_meta']
[0.122s] [34mcolcon.colcon_core.package_identification[0m [1;30mLevel 1[0m _identify(cfg/tmp) by extension 'colcon_meta'
[0.122s] [34mcolcon.colcon_core.package_identification[0m [1;30mLevel 1[0m _identify(cfg/tmp) by extensions ['ros']
[0.122s] [34mcolcon.colcon_core.package_identification[0m [1;30mLevel 1[0m _identify(cfg/tmp) by extension 'ros'
[0.122s] [34mcolcon.colcon_core.package_identification[0m [1;30mLevel 1[0m _identify(cfg/tmp) by extensions ['cmake', 'python']
[0.122s] [34mcolcon.colcon_core.package_identification[0m [1;30mLevel 1[0m _identify(cfg/tmp) by extension 'cmake'
[0.122s] [34mcolcon.colcon_core.package_identification[0m [1;30mLevel 1[0m _identify(cfg/tmp) by extension 'python'
[0.122s] [34mcolcon.colcon_core.package_identification[0m [1;30mLevel 1[0m _identify(cfg/tmp) by extensions ['python_setup_py']
[0.122s] [34mcolcon.colcon_core.package_identification[0m [1;30mLevel 1[0m _identify(cfg/tmp) by extension 'python_setup_py'
[0.122s] [34mcolcon.colcon_core.package_identification[0m [1;30mLevel 1[0m _identify(deploy_assets) by extensions ['ignore', 'ignore_ament_install']
[0.122s] [34mcolcon.colcon_core.package_identification[0m [1;30mLevel 1[0m _identify(deploy_assets) by extension 'ignore'
[0.122s] [34mcolcon.colcon_core.package_identification[0m [1;30mLevel 1[0m _identify(deploy_assets) by extension 'ignore_ament_install'
[0.122s] [34mcolcon.colcon_core.package_identification[0m [1;30mLevel 1[0m _identify(deploy_assets) by extensions ['colcon_pkg']
[0.122s] [34mcolcon.colcon_core.package_identification[0m [1;30mLevel 1[0m _identify(deploy_assets) by extension 'colcon_pkg'
[0.122s] [34mcolcon.colcon_core.package_identification[0m [1;30mLevel 1[0m _identify(deploy_assets) by extensions ['colcon_meta']
[0.122s] [34mcolcon.colcon_core.package_identification[0m [1;30mLevel 1[0m _identify(deploy_assets) by extension 'colcon_meta'
[0.122s] [34mcolcon.colcon_core.package_identification[0m [1;30mLevel 1[0m _identify(deploy_assets) by extensions ['ros']
[0.122s] [34mcolcon.colcon_core.package_identification[0m [1;30mLevel 1[0m _identify(deploy_assets) by extension 'ros'
[0.123s] [34mcolcon.colcon_core.package_identification[0m [1;30mDEBUG[0m [32mPackage 'deploy_assets' with type 'ros.ament_cmake' and name 'deploy_assets'[0m
[0.123s] [34mcolcon.colcon_core.package_identification[0m [1;30mLevel 1[0m _identify(install) by extensions ['ignore', 'ignore_ament_install']
[0.123s] [34mcolcon.colcon_core.package_identification[0m [1;30mLevel 1[0m _identify(install) by extension 'ignore'
[0.123s] [34mcolcon.colcon_core.package_identification[0m [1;30mLevel 1[0m _identify(install) ignored
[0.123s] [34mcolcon.colcon_core.package_identification[0m [1;30mLevel 1[0m _identify(joint_msgs) by extensions ['ignore', 'ignore_ament_install']
[0.123s] [34mcolcon.colcon_core.package_identification[0m [1;30mLevel 1[0m _identify(joint_msgs) by extension 'ignore'
[0.123s] [34mcolcon.colcon_core.package_identification[0m [1;30mLevel 1[0m _identify(joint_msgs) by extension 'ignore_ament_install'
[0.123s] [34mcolcon.colcon_core.package_identification[0m [1;30mLevel 1[0m _identify(joint_msgs) by extensions ['colcon_pkg']
[0.123s] [34mcolcon.colcon_core.package_identification[0m [1;30mLevel 1[0m _identify(joint_msgs) by extension 'colcon_pkg'
[0.123s] [34mcolcon.colcon_core.package_identification[0m [1;30mLevel 1[0m _identify(joint_msgs) by extensions ['colcon_meta']
[0.123s] [34mcolcon.colcon_core.package_identification[0m [1;30mLevel 1[0m _identify(joint_msgs) by extension 'colcon_meta'
[0.123s] [34mcolcon.colcon_core.package_identification[0m [1;30mLevel 1[0m _identify(joint_msgs) by extensions ['ros']
[0.123s] [34mcolcon.colcon_core.package_identification[0m [1;30mLevel 1[0m _identify(joint_msgs) by extension 'ros'
[0.124s] [34mcolcon.colcon_core.package_identification[0m [1;30mDEBUG[0m [32mPackage 'joint_msgs' with type 'ros.ament_cmake' and name 'joint_msgs'[0m
[0.124s] [34mcolcon.colcon_core.package_identification[0m [1;30mLevel 1[0m _identify(legged_system) by extensions ['ignore', 'ignore_ament_install']
[0.124s] [34mcolcon.colcon_core.package_identification[0m [1;30mLevel 1[0m _identify(legged_system) by extension 'ignore'
[0.124s] [34mcolcon.colcon_core.package_identification[0m [1;30mLevel 1[0m _identify(legged_system) by extension 'ignore_ament_install'
[0.124s] [34mcolcon.colcon_core.package_identification[0m [1;30mLevel 1[0m _identify(legged_system) by extensions ['colcon_pkg']
[0.124s] [34mcolcon.colcon_core.package_identification[0m [1;30mLevel 1[0m _identify(legged_system) by extension 'colcon_pkg'
[0.124s] [34mcolcon.colcon_core.package_identification[0m [1;30mLevel 1[0m _identify(legged_system) by extensions ['colcon_meta']
[0.124s] [34mcolcon.colcon_core.package_identification[0m [1;30mLevel 1[0m _identify(legged_system) by extension 'colcon_meta'
[0.124s] [34mcolcon.colcon_core.package_identification[0m [1;30mLevel 1[0m _identify(legged_system) by extensions ['ros']
[0.124s] [34mcolcon.colcon_core.package_identification[0m [1;30mLevel 1[0m _identify(legged_system) by extension 'ros'
[0.124s] [34mcolcon.colcon_core.package_identification[0m [1;30mDEBUG[0m [32mPackage 'legged_system' with type 'ros.ament_cmake' and name 'legged_system'[0m
[0.124s] [34mcolcon.colcon_core.package_identification[0m [1;30mLevel 1[0m _identify(log) by extensions ['ignore', 'ignore_ament_install']
[0.124s] [34mcolcon.colcon_core.package_identification[0m [1;30mLevel 1[0m _identify(log) by extension 'ignore'
[0.124s] [34mcolcon.colcon_core.package_identification[0m [1;30mLevel 1[0m _identify(log) ignored
[0.124s] [34mcolcon.colcon_core.package_identification[0m [1;30mLevel 1[0m _identify(plotjuggler) by extensions ['ignore', 'ignore_ament_install']
[0.124s] [34mcolcon.colcon_core.package_identification[0m [1;30mLevel 1[0m _identify(plotjuggler) by extension 'ignore'
[0.125s] [34mcolcon.colcon_core.package_identification[0m [1;30mLevel 1[0m _identify(plotjuggler) by extension 'ignore_ament_install'
[0.125s] [34mcolcon.colcon_core.package_identification[0m [1;30mLevel 1[0m _identify(plotjuggler) by extensions ['colcon_pkg']
[0.125s] [34mcolcon.colcon_core.package_identification[0m [1;30mLevel 1[0m _identify(plotjuggler) by extension 'colcon_pkg'
[0.125s] [34mcolcon.colcon_core.package_identification[0m [1;30mLevel 1[0m _identify(plotjuggler) by extensions ['colcon_meta']
[0.125s] [34mcolcon.colcon_core.package_identification[0m [1;30mLevel 1[0m _identify(plotjuggler) by extension 'colcon_meta'
[0.125s] [34mcolcon.colcon_core.package_identification[0m [1;30mLevel 1[0m _identify(plotjuggler) by extensions ['ros']
[0.125s] [34mcolcon.colcon_core.package_identification[0m [1;30mLevel 1[0m _identify(plotjuggler) by extension 'ros'
[0.125s] [34mcolcon.colcon_core.package_identification[0m [1;30mLevel 1[0m _identify(plotjuggler) by extensions ['cmake', 'python']
[0.125s] [34mcolcon.colcon_core.package_identification[0m [1;30mLevel 1[0m _identify(plotjuggler) by extension 'cmake'
[0.125s] [34mcolcon.colcon_core.package_identification[0m [1;30mLevel 1[0m _identify(plotjuggler) by extension 'python'
[0.125s] [34mcolcon.colcon_core.package_identification[0m [1;30mLevel 1[0m _identify(plotjuggler) by extensions ['python_setup_py']
[0.125s] [34mcolcon.colcon_core.package_identification[0m [1;30mLevel 1[0m _identify(plotjuggler) by extension 'python_setup_py'
[0.125s] [34mcolcon.colcon_core.package_identification[0m [1;30mLevel 1[0m _identify(rl_controllers) by extensions ['ignore', 'ignore_ament_install']
[0.125s] [34mcolcon.colcon_core.package_identification[0m [1;30mLevel 1[0m _identify(rl_controllers) by extension 'ignore'
[0.125s] [34mcolcon.colcon_core.package_identification[0m [1;30mLevel 1[0m _identify(rl_controllers) by extension 'ignore_ament_install'
[0.125s] [34mcolcon.colcon_core.package_identification[0m [1;30mLevel 1[0m _identify(rl_controllers) by extensions ['colcon_pkg']
[0.125s] [34mcolcon.colcon_core.package_identification[0m [1;30mLevel 1[0m _identify(rl_controllers) by extension 'colcon_pkg'
[0.125s] [34mcolcon.colcon_core.package_identification[0m [1;30mLevel 1[0m _identify(rl_controllers) by extensions ['colcon_meta']
[0.125s] [34mcolcon.colcon_core.package_identification[0m [1;30mLevel 1[0m _identify(rl_controllers) by extension 'colcon_meta'
[0.125s] [34mcolcon.colcon_core.package_identification[0m [1;30mLevel 1[0m _identify(rl_controllers) by extensions ['ros']
[0.125s] [34mcolcon.colcon_core.package_identification[0m [1;30mLevel 1[0m _identify(rl_controllers) by extension 'ros'
[0.125s] [34mcolcon.colcon_core.package_identification[0m [1;30mDEBUG[0m [32mPackage 'rl_controllers' with type 'ros.ament_cmake' and name 'rl_controllers'[0m
[0.126s] [34mcolcon.colcon_core.package_identification[0m [1;30mLevel 1[0m _identify(robot_descriptions_public) by extensions ['ignore', 'ignore_ament_install']
[0.126s] [34mcolcon.colcon_core.package_identification[0m [1;30mLevel 1[0m _identify(robot_descriptions_public) by extension 'ignore'
[0.126s] [34mcolcon.colcon_core.package_identification[0m [1;30mLevel 1[0m _identify(robot_descriptions_public) by extension 'ignore_ament_install'
[0.126s] [34mcolcon.colcon_core.package_identification[0m [1;30mLevel 1[0m _identify(robot_descriptions_public) by extensions ['colcon_pkg']
[0.126s] [34mcolcon.colcon_core.package_identification[0m [1;30mLevel 1[0m _identify(robot_descriptions_public) by extension 'colcon_pkg'
[0.126s] [34mcolcon.colcon_core.package_identification[0m [1;30mLevel 1[0m _identify(robot_descriptions_public) by extensions ['colcon_meta']
[0.126s] [34mcolcon.colcon_core.package_identification[0m [1;30mLevel 1[0m _identify(robot_descriptions_public) by extension 'colcon_meta'
[0.126s] [34mcolcon.colcon_core.package_identification[0m [1;30mLevel 1[0m _identify(robot_descriptions_public) by extensions ['ros']
[0.126s] [34mcolcon.colcon_core.package_identification[0m [1;30mLevel 1[0m _identify(robot_descriptions_public) by extension 'ros'
[0.126s] [34mcolcon.colcon_core.package_identification[0m [1;30mDEBUG[0m [32mPackage 'robot_descriptions_public' with type 'ros.ament_cmake' and name 'robot_descriptions_public'[0m
[0.126s] [34mcolcon.colcon_core.package_discovery[0m [1;30mLevel 1[0m discover_packages(recursive) using defaults
[0.126s] [34mcolcon.colcon_core.package_discovery[0m [1;30mLevel 1[0m discover_packages(ignore) discover
[0.126s] [34mcolcon.colcon_core.package_discovery[0m [1;30mLevel 1[0m discover_packages(ignore) using defaults
[0.126s] [34mcolcon.colcon_core.package_discovery[0m [1;30mLevel 1[0m discover_packages(path) discover
[0.126s] [34mcolcon.colcon_core.package_discovery[0m [1;30mLevel 1[0m discover_packages(path) using defaults
[0.137s] [34mcolcon.colcon_core.package_discovery[0m [1;30mLevel 1[0m discover_packages(prefix_path) check parameters
[0.137s] [34mcolcon.colcon_core.package_discovery[0m [1;30mLevel 1[0m discover_packages(prefix_path) discover
[0.138s] [34mcolcon.colcon_installed_package_information.package_discovery[0m [1;30mDEBUG[0m [32mFound 1 installed packages in /home/suzumiyaharuhi/rl_deploy_v2/lxx2ultra_aimdk/install[0m
[0.138s] [34mcolcon.colcon_installed_package_information.package_discovery[0m [1;30mDEBUG[0m [32mFound 363 installed packages in /opt/ros/humble[0m
[0.139s] [34mcolcon.colcon_core.package_discovery[0m [1;30mLevel 1[0m discover_packages(prefix_path) using defaults
[0.164s] [34mcolcon.colcon_core.verb[0m [1;30mLevel 5[0m set package 'deploy_assets' build argument 'cmake_args' from command line to 'None'
[0.164s] [34mcolcon.colcon_core.verb[0m [1;30mLevel 5[0m set package 'deploy_assets' build argument 'cmake_target' from command line to 'None'
[0.164s] [34mcolcon.colcon_core.verb[0m [1;30mLevel 5[0m set package 'deploy_assets' build argument 'cmake_target_skip_unavailable' from command line to 'False'
[0.164s] [34mcolcon.colcon_core.verb[0m [1;30mLevel 5[0m set package 'deploy_assets' build argument 'cmake_clean_cache' from command line to 'False'
[0.164s] [34mcolcon.colcon_core.verb[0m [1;30mLevel 5[0m set package 'deploy_assets' build argument 'cmake_clean_first' from command line to 'False'
[0.164s] [34mcolcon.colcon_core.verb[0m [1;30mLevel 5[0m set package 'deploy_assets' build argument 'cmake_force_configure' from command line to 'False'
[0.164s] [34mcolcon.colcon_core.verb[0m [1;30mLevel 5[0m set package 'deploy_assets' build argument 'ament_cmake_args' from command line to 'None'
[0.164s] [34mcolcon.colcon_core.verb[0m [1;30mLevel 5[0m set package 'deploy_assets' build argument 'catkin_cmake_args' from command line to 'None'
[0.164s] [34mcolcon.colcon_core.verb[0m [1;30mLevel 5[0m set package 'deploy_assets' build argument 'catkin_skip_building_tests' from command line to 'False'
[0.164s] [34mcolcon.colcon_core.verb[0m [1;30mDEBUG[0m [32mBuilding package 'deploy_assets' with the following arguments: {'ament_cmake_args': None, 'build_base': '/home/suzumiyaharuhi/rl_deploy_v2/deploy/build/deploy_assets', 'catkin_cmake_args': None, 'catkin_skip_building_tests': False, 'cmake_args': None, 'cmake_clean_cache': False, 'cmake_clean_first': False, 'cmake_force_configure': False, 'cmake_target': None, 'cmake_target_skip_unavailable': False, 'install_base': '/home/suzumiyaharuhi/rl_deploy_v2/deploy/install/deploy_assets', 'merge_install': False, 'path': '/home/suzumiyaharuhi/rl_deploy_v2/deploy/deploy_assets', 'symlink_install': False, 'test_result_base': None}[0m
[0.164s] [34mcolcon.colcon_core.verb[0m [1;30mLevel 5[0m set package 'joint_msgs' build argument 'cmake_args' from command line to 'None'
[0.164s] [34mcolcon.colcon_core.verb[0m [1;30mLevel 5[0m set package 'joint_msgs' build argument 'cmake_target' from command line to 'None'
[0.164s] [34mcolcon.colcon_core.verb[0m [1;30mLevel 5[0m set package 'joint_msgs' build argument 'cmake_target_skip_unavailable' from command line to 'False'
[0.164s] [34mcolcon.colcon_core.verb[0m [1;30mLevel 5[0m set package 'joint_msgs' build argument 'cmake_clean_cache' from command line to 'False'
[0.164s] [34mcolcon.colcon_core.verb[0m [1;30mLevel 5[0m set package 'joint_msgs' build argument 'cmake_clean_first' from command line to 'False'
[0.164s] [34mcolcon.colcon_core.verb[0m [1;30mLevel 5[0m set package 'joint_msgs' build argument 'cmake_force_configure' from command line to 'False'
[0.164s] [34mcolcon.colcon_core.verb[0m [1;30mLevel 5[0m set package 'joint_msgs' build argument 'ament_cmake_args' from command line to 'None'
[0.164s] [34mcolcon.colcon_core.verb[0m [1;30mLevel 5[0m set package 'joint_msgs' build argument 'catkin_cmake_args' from command line to 'None'
[0.164s] [34mcolcon.colcon_core.verb[0m [1;30mLevel 5[0m set package 'joint_msgs' build argument 'catkin_skip_building_tests' from command line to 'False'
[0.164s] [34mcolcon.colcon_core.verb[0m [1;30mDEBUG[0m [32mBuilding package 'joint_msgs' with the following arguments: {'ament_cmake_args': None, 'build_base': '/home/suzumiyaharuhi/rl_deploy_v2/deploy/build/joint_msgs', 'catkin_cmake_args': None, 'catkin_skip_building_tests': False, 'cmake_args': None, 'cmake_clean_cache': False, 'cmake_clean_first': False, 'cmake_force_configure': False, 'cmake_target': None, 'cmake_target_skip_unavailable': False, 'install_base': '/home/suzumiyaharuhi/rl_deploy_v2/deploy/install/joint_msgs', 'merge_install': False, 'path': '/home/suzumiyaharuhi/rl_deploy_v2/deploy/joint_msgs', 'symlink_install': False, 'test_result_base': None}[0m
[0.164s] [34mcolcon.colcon_core.verb[0m [1;30mLevel 5[0m set package 'legged_system' build argument 'cmake_args' from command line to 'None'
[0.164s] [34mcolcon.colcon_core.verb[0m [1;30mLevel 5[0m set package 'legged_system' build argument 'cmake_target' from command line to 'None'
[0.164s] [34mcolcon.colcon_core.verb[0m [1;30mLevel 5[0m set package 'legged_system' build argument 'cmake_target_skip_unavailable' from command line to 'False'
[0.164s] [34mcolcon.colcon_core.verb[0m [1;30mLevel 5[0m set package 'legged_system' build argument 'cmake_clean_cache' from command line to 'False'
[0.164s] [34mcolcon.colcon_core.verb[0m [1;30mLevel 5[0m set package 'legged_system' build argument 'cmake_clean_first' from command line to 'False'
[0.164s] [34mcolcon.colcon_core.verb[0m [1;30mLevel 5[0m set package 'legged_system' build argument 'cmake_force_configure' from command line to 'False'
[0.165s] [34mcolcon.colcon_core.verb[0m [1;30mLevel 5[0m set package 'legged_system' build argument 'ament_cmake_args' from command line to 'None'
[0.165s] [34mcolcon.colcon_core.verb[0m [1;30mLevel 5[0m set package 'legged_system' build argument 'catkin_cmake_args' from command line to 'None'
[0.165s] [34mcolcon.colcon_core.verb[0m [1;30mLevel 5[0m set package 'legged_system' build argument 'catkin_skip_building_tests' from command line to 'False'
[0.165s] [34mcolcon.colcon_core.verb[0m [1;30mDEBUG[0m [32mBuilding package 'legged_system' with the following arguments: {'ament_cmake_args': None, 'build_base': '/home/suzumiyaharuhi/rl_deploy_v2/deploy/build/legged_system', 'catkin_cmake_args': None, 'catkin_skip_building_tests': False, 'cmake_args': None, 'cmake_clean_cache': False, 'cmake_clean_first': False, 'cmake_force_configure': False, 'cmake_target': None, 'cmake_target_skip_unavailable': False, 'install_base': '/home/suzumiyaharuhi/rl_deploy_v2/deploy/install/legged_system', 'merge_install': False, 'path': '/home/suzumiyaharuhi/rl_deploy_v2/deploy/legged_system', 'symlink_install': False, 'test_result_base': None}[0m
[0.165s] [34mcolcon.colcon_core.verb[0m [1;30mLevel 5[0m set package 'rl_controllers' build argument 'cmake_args' from command line to 'None'
[0.165s] [34mcolcon.colcon_core.verb[0m [1;30mLevel 5[0m set package 'rl_controllers' build argument 'cmake_target' from command line to 'None'
[0.165s] [34mcolcon.colcon_core.verb[0m [1;30mLevel 5[0m set package 'rl_controllers' build argument 'cmake_target_skip_unavailable' from command line to 'False'
[0.165s] [34mcolcon.colcon_core.verb[0m [1;30mLevel 5[0m set package 'rl_controllers' build argument 'cmake_clean_cache' from command line to 'False'
[0.165s] [34mcolcon.colcon_core.verb[0m [1;30mLevel 5[0m set package 'rl_controllers' build argument 'cmake_clean_first' from command line to 'False'
[0.165s] [34mcolcon.colcon_core.verb[0m [1;30mLevel 5[0m set package 'rl_controllers' build argument 'cmake_force_configure' from command line to 'False'
[0.165s] [34mcolcon.colcon_core.verb[0m [1;30mLevel 5[0m set package 'rl_controllers' build argument 'ament_cmake_args' from command line to 'None'
[0.165s] [34mcolcon.colcon_core.verb[0m [1;30mLevel 5[0m set package 'rl_controllers' build argument 'catkin_cmake_args' from command line to 'None'
[0.165s] [34mcolcon.colcon_core.verb[0m [1;30mLevel 5[0m set package 'rl_controllers' build argument 'catkin_skip_building_tests' from command line to 'False'
[0.165s] [34mcolcon.colcon_core.verb[0m [1;30mDEBUG[0m [32mBuilding package 'rl_controllers' with the following arguments: {'ament_cmake_args': None, 'build_base': '/home/suzumiyaharuhi/rl_deploy_v2/deploy/build/rl_controllers', 'catkin_cmake_args': None, 'catkin_skip_building_tests': False, 'cmake_args': None, 'cmake_clean_cache': False, 'cmake_clean_first': False, 'cmake_force_configure': False, 'cmake_target': None, 'cmake_target_skip_unavailable': False, 'install_base': '/home/suzumiyaharuhi/rl_deploy_v2/deploy/install/rl_controllers', 'merge_install': False, 'path': '/home/suzumiyaharuhi/rl_deploy_v2/deploy/rl_controllers', 'symlink_install': False, 'test_result_base': None}[0m
[0.165s] [34mcolcon.colcon_core.verb[0m [1;30mLevel 5[0m set package 'robot_descriptions_public' build argument 'cmake_args' from command line to 'None'
[0.165s] [34mcolcon.colcon_core.verb[0m [1;30mLevel 5[0m set package 'robot_descriptions_public' build argument 'cmake_target' from command line to 'None'
[0.165s] [34mcolcon.colcon_core.verb[0m [1;30mLevel 5[0m set package 'robot_descriptions_public' build argument 'cmake_target_skip_unavailable' from command line to 'False'
[0.165s] [34mcolcon.colcon_core.verb[0m [1;30mLevel 5[0m set package 'robot_descriptions_public' build argument 'cmake_clean_cache' from command line to 'False'
[0.165s] [34mcolcon.colcon_core.verb[0m [1;30mLevel 5[0m set package 'robot_descriptions_public' build argument 'cmake_clean_first' from command line to 'False'
[0.165s] [34mcolcon.colcon_core.verb[0m [1;30mLevel 5[0m set package 'robot_descriptions_public' build argument 'cmake_force_configure' from command line to 'False'
[0.165s] [34mcolcon.colcon_core.verb[0m [1;30mLevel 5[0m set package 'robot_descriptions_public' build argument 'ament_cmake_args' from command line to 'None'
[0.165s] [34mcolcon.colcon_core.verb[0m [1;30mLevel 5[0m set package 'robot_descriptions_public' build argument 'catkin_cmake_args' from command line to 'None'
[0.165s] [34mcolcon.colcon_core.verb[0m [1;30mLevel 5[0m set package 'robot_descriptions_public' build argument 'catkin_skip_building_tests' from command line to 'False'
[0.165s] [34mcolcon.colcon_core.verb[0m [1;30mDEBUG[0m [32mBuilding package 'robot_descriptions_public' with the following arguments: {'ament_cmake_args': None, 'build_base': '/home/suzumiyaharuhi/rl_deploy_v2/deploy/build/robot_descriptions_public', 'catkin_cmake_args': None, 'catkin_skip_building_tests': False, 'cmake_args': None, 'cmake_clean_cache': False, 'cmake_clean_first': False, 'cmake_force_configure': False, 'cmake_target': None, 'cmake_target_skip_unavailable': False, 'install_base': '/home/suzumiyaharuhi/rl_deploy_v2/deploy/install/robot_descriptions_public', 'merge_install': False, 'path': '/home/suzumiyaharuhi/rl_deploy_v2/deploy/robot_descriptions_public', 'symlink_install': False, 'test_result_base': None}[0m
[0.165s] [34mcolcon.colcon_core.executor[0m [1;30mINFO[0m Executing jobs using 'parallel' executor
[0.166s] [34mcolcon.colcon_parallel_executor.executor.parallel[0m [1;30mDEBUG[0m [32mrun_until_complete[0m
[0.166s] [34mcolcon.colcon_ros.task.ament_cmake.build[0m [1;30mINFO[0m Building ROS package in '/home/suzumiyaharuhi/rl_deploy_v2/deploy/deploy_assets' with build type 'ament_cmake'
[0.166s] [34mcolcon.colcon_cmake.task.cmake.build[0m [1;30mINFO[0m Building CMake package in '/home/suzumiyaharuhi/rl_deploy_v2/deploy/deploy_assets'
[0.169s] [34mcolcon.colcon_core.plugin_system[0m [1;30mINFO[0m Skipping extension 'colcon_core.shell.bat': Not used on non-Windows systems
[0.169s] [34mcolcon.colcon_core.shell[0m [1;30mINFO[0m Skip shell extension 'powershell' for command environment: Not usable outside of PowerShell
[0.169s] [34mcolcon.colcon_core.shell[0m [1;30mDEBUG[0m [32mSkip shell extension 'dsv' for command environment[0m
[0.171s] [34mcolcon.colcon_ros.task.ament_cmake.build[0m [1;30mINFO[0m Building ROS package in '/home/suzumiyaharuhi/rl_deploy_v2/deploy/joint_msgs' with build type 'ament_cmake'
[0.171s] [34mcolcon.colcon_cmake.task.cmake.build[0m [1;30mINFO[0m Building CMake package in '/home/suzumiyaharuhi/rl_deploy_v2/deploy/joint_msgs'
[0.171s] [34mcolcon.colcon_core.shell[0m [1;30mINFO[0m Skip shell extension 'powershell' for command environment: Not usable outside of PowerShell
[0.171s] [34mcolcon.colcon_core.shell[0m [1;30mDEBUG[0m [32mSkip shell extension 'dsv' for command environment[0m
[0.172s] [34mcolcon.colcon_ros.task.ament_cmake.build[0m [1;30mINFO[0m Building ROS package in '/home/suzumiyaharuhi/rl_deploy_v2/deploy/legged_system' with build type 'ament_cmake'
[0.173s] [34mcolcon.colcon_cmake.task.cmake.build[0m [1;30mINFO[0m Building CMake package in '/home/suzumiyaharuhi/rl_deploy_v2/deploy/legged_system'
[0.173s] [34mcolcon.colcon_core.shell[0m [1;30mINFO[0m Skip shell extension 'powershell' for command environment: Not usable outside of PowerShell
[0.173s] [34mcolcon.colcon_core.shell[0m [1;30mDEBUG[0m [32mSkip shell extension 'dsv' for command environment[0m
[0.174s] [34mcolcon.colcon_ros.task.ament_cmake.build[0m [1;30mINFO[0m Building ROS package in '/home/suzumiyaharuhi/rl_deploy_v2/deploy/rl_controllers' with build type 'ament_cmake'
[0.174s] [34mcolcon.colcon_cmake.task.cmake.build[0m [1;30mINFO[0m Building CMake package in '/home/suzumiyaharuhi/rl_deploy_v2/deploy/rl_controllers'
[0.174s] [34mcolcon.colcon_core.shell[0m [1;30mINFO[0m Skip shell extension 'powershell' for command environment: Not usable outside of PowerShell
[0.174s] [34mcolcon.colcon_core.shell[0m [1;30mDEBUG[0m [32mSkip shell extension 'dsv' for command environment[0m
[0.176s] [34mcolcon.colcon_ros.task.ament_cmake.build[0m [1;30mINFO[0m Building ROS package in '/home/suzumiyaharuhi/rl_deploy_v2/deploy/robot_descriptions_public' with build type 'ament_cmake'
[0.176s] [34mcolcon.colcon_cmake.task.cmake.build[0m [1;30mINFO[0m Building CMake package in '/home/suzumiyaharuhi/rl_deploy_v2/deploy/robot_descriptions_public'
[0.176s] [34mcolcon.colcon_core.shell[0m [1;30mINFO[0m Skip shell extension 'powershell' for command environment: Not usable outside of PowerShell
[0.176s] [34mcolcon.colcon_core.shell[0m [1;30mDEBUG[0m [32mSkip shell extension 'dsv' for command environment[0m
[0.180s] [34mcolcon.colcon_core.event_handler.log_command[0m [1;30mDEBUG[0m [32mInvoking command in '/home/suzumiyaharuhi/rl_deploy_v2/deploy/build/deploy_assets': CMAKE_PREFIX_PATH=${CMAKE_PREFIX_PATH}:/opt/ros/humble /home/suzumiyaharuhi/.local/bin/cmake /home/suzumiyaharuhi/rl_deploy_v2/deploy/deploy_assets -DCMAKE_INSTALL_PREFIX=/home/suzumiyaharuhi/rl_deploy_v2/deploy/install/deploy_assets[0m
[0.181s] [34mcolcon.colcon_core.event_handler.log_command[0m [1;30mDEBUG[0m [32mInvoking command in '/home/suzumiyaharuhi/rl_deploy_v2/deploy/build/joint_msgs': CMAKE_PREFIX_PATH=${CMAKE_PREFIX_PATH}:/opt/ros/humble /home/suzumiyaharuhi/.local/bin/cmake /home/suzumiyaharuhi/rl_deploy_v2/deploy/joint_msgs -DCMAKE_INSTALL_PREFIX=/home/suzumiyaharuhi/rl_deploy_v2/deploy/install/joint_msgs[0m
[0.182s] [34mcolcon.colcon_core.event_handler.log_command[0m [1;30mDEBUG[0m [32mInvoking command in '/home/suzumiyaharuhi/rl_deploy_v2/deploy/build/legged_system': CMAKE_PREFIX_PATH=${CMAKE_PREFIX_PATH}:/opt/ros/humble /home/suzumiyaharuhi/.local/bin/cmake /home/suzumiyaharuhi/rl_deploy_v2/deploy/legged_system -DCMAKE_INSTALL_PREFIX=/home/suzumiyaharuhi/rl_deploy_v2/deploy/install/legged_system[0m
[0.184s] [34mcolcon.colcon_core.event_handler.log_command[0m [1;30mDEBUG[0m [32mInvoking command in '/home/suzumiyaharuhi/rl_deploy_v2/deploy/build/rl_controllers': CMAKE_PREFIX_PATH=${CMAKE_PREFIX_PATH}:/opt/ros/humble /home/suzumiyaharuhi/.local/bin/cmake /home/suzumiyaharuhi/rl_deploy_v2/deploy/rl_controllers -DCMAKE_INSTALL_PREFIX=/home/suzumiyaharuhi/rl_deploy_v2/deploy/install/rl_controllers[0m
[0.186s] [34mcolcon.colcon_core.event_handler.log_command[0m [1;30mDEBUG[0m [32mInvoking command in '/home/suzumiyaharuhi/rl_deploy_v2/deploy/build/robot_descriptions_public': CMAKE_PREFIX_PATH=${CMAKE_PREFIX_PATH}:/opt/ros/humble /home/suzumiyaharuhi/.local/bin/cmake /home/suzumiyaharuhi/rl_deploy_v2/deploy/robot_descriptions_public -DCMAKE_INSTALL_PREFIX=/home/suzumiyaharuhi/rl_deploy_v2/deploy/install/robot_descriptions_public[0m
[0.734s] [34mcolcon.colcon_core.event_handler.log_command[0m [1;30mDEBUG[0m [32mInvoked command in '/home/suzumiyaharuhi/rl_deploy_v2/deploy/build/deploy_assets' returned '0': CMAKE_PREFIX_PATH=${CMAKE_PREFIX_PATH}:/opt/ros/humble /home/suzumiyaharuhi/.local/bin/cmake /home/suzumiyaharuhi/rl_deploy_v2/deploy/deploy_assets -DCMAKE_INSTALL_PREFIX=/home/suzumiyaharuhi/rl_deploy_v2/deploy/install/deploy_assets[0m
[0.735s] [34mcolcon.colcon_core.event_handler.log_command[0m [1;30mDEBUG[0m [32mInvoking command in '/home/suzumiyaharuhi/rl_deploy_v2/deploy/build/deploy_assets': CMAKE_PREFIX_PATH=${CMAKE_PREFIX_PATH}:/opt/ros/humble /home/suzumiyaharuhi/.local/bin/cmake --build /home/suzumiyaharuhi/rl_deploy_v2/deploy/build/deploy_assets -- -j32 -l32[0m
[0.746s] [34mcolcon.colcon_core.event_handler.log_command[0m [1;30mDEBUG[0m [32mInvoked command in '/home/suzumiyaharuhi/rl_deploy_v2/deploy/build/robot_descriptions_public' returned '0': CMAKE_PREFIX_PATH=${CMAKE_PREFIX_PATH}:/opt/ros/humble /home/suzumiyaharuhi/.local/bin/cmake /home/suzumiyaharuhi/rl_deploy_v2/deploy/robot_descriptions_public -DCMAKE_INSTALL_PREFIX=/home/suzumiyaharuhi/rl_deploy_v2/deploy/install/robot_descriptions_public[0m
[0.748s] [34mcolcon.colcon_core.event_handler.log_command[0m [1;30mDEBUG[0m [32mInvoking command in '/home/suzumiyaharuhi/rl_deploy_v2/deploy/build/robot_descriptions_public': CMAKE_PREFIX_PATH=${CMAKE_PREFIX_PATH}:/opt/ros/humble /home/suzumiyaharuhi/.local/bin/cmake --build /home/suzumiyaharuhi/rl_deploy_v2/deploy/build/robot_descriptions_public -- -j32 -l32[0m
[0.765s] [34mcolcon.colcon_core.event_handler.log_command[0m [1;30mDEBUG[0m [32mInvoked command in '/home/suzumiyaharuhi/rl_deploy_v2/deploy/build/deploy_assets' returned '0': CMAKE_PREFIX_PATH=${CMAKE_PREFIX_PATH}:/opt/ros/humble /home/suzumiyaharuhi/.local/bin/cmake --build /home/suzumiyaharuhi/rl_deploy_v2/deploy/build/deploy_assets -- -j32 -l32[0m
[0.789s] [34mcolcon.colcon_core.event_handler.log_command[0m [1;30mDEBUG[0m [32mInvoking command in '/home/suzumiyaharuhi/rl_deploy_v2/deploy/build/deploy_assets': CMAKE_PREFIX_PATH=${CMAKE_PREFIX_PATH}:/opt/ros/humble /home/suzumiyaharuhi/.local/bin/cmake --install /home/suzumiyaharuhi/rl_deploy_v2/deploy/build/deploy_assets[0m
[0.789s] [34mcolcon.colcon_core.event_handler.log_command[0m [1;30mDEBUG[0m [32mInvoked command in '/home/suzumiyaharuhi/rl_deploy_v2/deploy/build/robot_descriptions_public' returned '0': CMAKE_PREFIX_PATH=${CMAKE_PREFIX_PATH}:/opt/ros/humble /home/suzumiyaharuhi/.local/bin/cmake --build /home/suzumiyaharuhi/rl_deploy_v2/deploy/build/robot_descriptions_public -- -j32 -l32[0m
[0.790s] [34mcolcon.colcon_core.event_handler.log_command[0m [1;30mDEBUG[0m [32mInvoking command in '/home/suzumiyaharuhi/rl_deploy_v2/deploy/build/robot_descriptions_public': CMAKE_PREFIX_PATH=${CMAKE_PREFIX_PATH}:/opt/ros/humble /home/suzumiyaharuhi/.local/bin/cmake --install /home/suzumiyaharuhi/rl_deploy_v2/deploy/build/robot_descriptions_public[0m
[0.837s] [34mcolcon.colcon_core.environment[0m [1;30mLevel 1[0m create_environment_scripts_only(deploy_assets)
[0.838s] [34mcolcon.colcon_core.event_handler.log_command[0m [1;30mDEBUG[0m [32mInvoked command in '/home/suzumiyaharuhi/rl_deploy_v2/deploy/build/deploy_assets' returned '0': CMAKE_PREFIX_PATH=${CMAKE_PREFIX_PATH}:/opt/ros/humble /home/suzumiyaharuhi/.local/bin/cmake --install /home/suzumiyaharuhi/rl_deploy_v2/deploy/build/deploy_assets[0m
[0.840s] [34mcolcon.colcon_core.environment[0m [1;30mLevel 1[0m checking '/home/suzumiyaharuhi/rl_deploy_v2/deploy/install/deploy_assets' for CMake module files
[0.840s] [34mcolcon.colcon_core.environment[0m [1;30mLevel 1[0m checking '/home/suzumiyaharuhi/rl_deploy_v2/deploy/install/deploy_assets' for CMake config files
[0.841s] [34mcolcon.colcon_core.shell[0m [1;30mLevel 1[0m create_environment_hook('deploy_assets', 'cmake_prefix_path')
[0.841s] [34mcolcon.colcon_core.shell[0m [1;30mINFO[0m Creating environment hook '/home/suzumiyaharuhi/rl_deploy_v2/deploy/install/deploy_assets/share/deploy_assets/hook/cmake_prefix_path.ps1'
[0.841s] [34mcolcon.colcon_core.shell[0m [1;30mINFO[0m Creating environment descriptor '/home/suzumiyaharuhi/rl_deploy_v2/deploy/install/deploy_assets/share/deploy_assets/hook/cmake_prefix_path.dsv'
[0.842s] [34mcolcon.colcon_core.shell[0m [1;30mINFO[0m Creating environment hook '/home/suzumiyaharuhi/rl_deploy_v2/deploy/install/deploy_assets/share/deploy_assets/hook/cmake_prefix_path.sh'
[0.842s] [34mcolcon.colcon_core.environment[0m [1;30mLevel 1[0m checking '/home/suzumiyaharuhi/rl_deploy_v2/deploy/install/deploy_assets/bin'
[0.842s] [34mcolcon.colcon_core.environment[0m [1;30mLevel 1[0m checking '/home/suzumiyaharuhi/rl_deploy_v2/deploy/install/deploy_assets/lib/pkgconfig/deploy_assets.pc'
[0.843s] [34mcolcon.colcon_core.environment[0m [1;30mLevel 1[0m checking '/home/suzumiyaharuhi/rl_deploy_v2/deploy/install/deploy_assets/lib/python3.10/site-packages'
[0.843s] [34mcolcon.colcon_core.environment[0m [1;30mLevel 1[0m checking '/home/suzumiyaharuhi/rl_deploy_v2/deploy/install/deploy_assets/bin'
[0.843s] [34mcolcon.colcon_core.shell[0m [1;30mINFO[0m Creating package script '/home/suzumiyaharuhi/rl_deploy_v2/deploy/install/deploy_assets/share/deploy_assets/package.ps1'
[0.844s] [34mcolcon.colcon_core.shell[0m [1;30mINFO[0m Creating package descriptor '/home/suzumiyaharuhi/rl_deploy_v2/deploy/install/deploy_assets/share/deploy_assets/package.dsv'
[0.844s] [34mcolcon.colcon_core.shell[0m [1;30mINFO[0m Creating package script '/home/suzumiyaharuhi/rl_deploy_v2/deploy/install/deploy_assets/share/deploy_assets/package.sh'
[0.845s] [34mcolcon.colcon_core.shell[0m [1;30mINFO[0m Creating package script '/home/suzumiyaharuhi/rl_deploy_v2/deploy/install/deploy_assets/share/deploy_assets/package.bash'
[0.846s] [34mcolcon.colcon_core.shell[0m [1;30mINFO[0m Creating package script '/home/suzumiyaharuhi/rl_deploy_v2/deploy/install/deploy_assets/share/deploy_assets/package.zsh'
[0.846s] [34mcolcon.colcon_core.environment[0m [1;30mLevel 1[0m create_file_with_runtime_dependencies(/home/suzumiyaharuhi/rl_deploy_v2/deploy/install/deploy_assets/share/colcon-core/packages/deploy_assets)
[0.847s] [34mcolcon.colcon_core.environment[0m [1;30mLevel 1[0m create_environment_scripts_only(deploy_assets)
[0.847s] [34mcolcon.colcon_core.environment[0m [1;30mLevel 1[0m checking '/home/suzumiyaharuhi/rl_deploy_v2/deploy/install/deploy_assets' for CMake module files
[0.847s] [34mcolcon.colcon_core.environment[0m [1;30mLevel 1[0m checking '/home/suzumiyaharuhi/rl_deploy_v2/deploy/install/deploy_assets' for CMake config files
[0.848s] [34mcolcon.colcon_core.shell[0m [1;30mLevel 1[0m create_environment_hook('deploy_assets', 'cmake_prefix_path')
[0.848s] [34mcolcon.colcon_core.shell[0m [1;30mINFO[0m Creating environment hook '/home/suzumiyaharuhi/rl_deploy_v2/deploy/install/deploy_assets/share/deploy_assets/hook/cmake_prefix_path.ps1'
[0.848s] [34mcolcon.colcon_core.shell[0m [1;30mINFO[0m Creating environment descriptor '/home/suzumiyaharuhi/rl_deploy_v2/deploy/install/deploy_assets/share/deploy_assets/hook/cmake_prefix_path.dsv'
[0.848s] [34mcolcon.colcon_core.shell[0m [1;30mINFO[0m Creating environment hook '/home/suzumiyaharuhi/rl_deploy_v2/deploy/install/deploy_assets/share/deploy_assets/hook/cmake_prefix_path.sh'
[0.849s] [34mcolcon.colcon_core.environment[0m [1;30mLevel 1[0m checking '/home/suzumiyaharuhi/rl_deploy_v2/deploy/install/deploy_assets/bin'
[0.849s] [34mcolcon.colcon_core.environment[0m [1;30mLevel 1[0m checking '/home/suzumiyaharuhi/rl_deploy_v2/deploy/install/deploy_assets/lib/pkgconfig/deploy_assets.pc'
[0.849s] [34mcolcon.colcon_core.environment[0m [1;30mLevel 1[0m checking '/home/suzumiyaharuhi/rl_deploy_v2/deploy/install/deploy_assets/lib/python3.10/site-packages'
[0.850s] [34mcolcon.colcon_core.environment[0m [1;30mLevel 1[0m checking '/home/suzumiyaharuhi/rl_deploy_v2/deploy/install/deploy_assets/bin'
[0.850s] [34mcolcon.colcon_core.shell[0m [1;30mINFO[0m Creating package script '/home/suzumiyaharuhi/rl_deploy_v2/deploy/install/deploy_assets/share/deploy_assets/package.ps1'
[0.850s] [34mcolcon.colcon_core.shell[0m [1;30mINFO[0m Creating package descriptor '/home/suzumiyaharuhi/rl_deploy_v2/deploy/install/deploy_assets/share/deploy_assets/package.dsv'
[0.851s] [34mcolcon.colcon_core.shell[0m [1;30mINFO[0m Creating package script '/home/suzumiyaharuhi/rl_deploy_v2/deploy/install/deploy_assets/share/deploy_assets/package.sh'
[0.851s] [34mcolcon.colcon_core.shell[0m [1;30mINFO[0m Creating package script '/home/suzumiyaharuhi/rl_deploy_v2/deploy/install/deploy_assets/share/deploy_assets/package.bash'
[0.851s] [34mcolcon.colcon_core.shell[0m [1;30mINFO[0m Creating package script '/home/suzumiyaharuhi/rl_deploy_v2/deploy/install/deploy_assets/share/deploy_assets/package.zsh'
[0.852s] [34mcolcon.colcon_core.environment[0m [1;30mLevel 1[0m create_file_with_runtime_dependencies(/home/suzumiyaharuhi/rl_deploy_v2/deploy/install/deploy_assets/share/colcon-core/packages/deploy_assets)
[0.973s] [34mcolcon.colcon_core.environment[0m [1;30mLevel 1[0m create_environment_scripts_only(robot_descriptions_public)
[0.973s] [34mcolcon.colcon_core.environment[0m [1;30mLevel 1[0m checking '/home/suzumiyaharuhi/rl_deploy_v2/deploy/install/robot_descriptions_public' for CMake module files
[0.973s] [34mcolcon.colcon_core.event_handler.log_command[0m [1;30mDEBUG[0m [32mInvoked command in '/home/suzumiyaharuhi/rl_deploy_v2/deploy/build/robot_descriptions_public' returned '0': CMAKE_PREFIX_PATH=${CMAKE_PREFIX_PATH}:/opt/ros/humble /home/suzumiyaharuhi/.local/bin/cmake --install /home/suzumiyaharuhi/rl_deploy_v2/deploy/build/robot_descriptions_public[0m
[0.974s] [34mcolcon.colcon_core.environment[0m [1;30mLevel 1[0m checking '/home/suzumiyaharuhi/rl_deploy_v2/deploy/install/robot_descriptions_public' for CMake config files
[0.974s] [34mcolcon.colcon_core.shell[0m [1;30mLevel 1[0m create_environment_hook('robot_descriptions_public', 'cmake_prefix_path')
[0.974s] [34mcolcon.colcon_core.shell[0m [1;30mINFO[0m Creating environment hook '/home/suzumiyaharuhi/rl_deploy_v2/deploy/install/robot_descriptions_public/share/robot_descriptions_public/hook/cmake_prefix_path.ps1'
[0.974s] [34mcolcon.colcon_core.shell[0m [1;30mINFO[0m Creating environment descriptor '/home/suzumiyaharuhi/rl_deploy_v2/deploy/install/robot_descriptions_public/share/robot_descriptions_public/hook/cmake_prefix_path.dsv'
[0.975s] [34mcolcon.colcon_core.shell[0m [1;30mINFO[0m Creating environment hook '/home/suzumiyaharuhi/rl_deploy_v2/deploy/install/robot_descriptions_public/share/robot_descriptions_public/hook/cmake_prefix_path.sh'
[0.975s] [34mcolcon.colcon_core.environment[0m [1;30mLevel 1[0m checking '/home/suzumiyaharuhi/rl_deploy_v2/deploy/install/robot_descriptions_public/bin'
[0.975s] [34mcolcon.colcon_core.environment[0m [1;30mLevel 1[0m checking '/home/suzumiyaharuhi/rl_deploy_v2/deploy/install/robot_descriptions_public/lib/pkgconfig/robot_descriptions_public.pc'
[0.975s] [34mcolcon.colcon_core.environment[0m [1;30mLevel 1[0m checking '/home/suzumiyaharuhi/rl_deploy_v2/deploy/install/robot_descriptions_public/lib/python3.10/site-packages'
[0.975s] [34mcolcon.colcon_core.environment[0m [1;30mLevel 1[0m checking '/home/suzumiyaharuhi/rl_deploy_v2/deploy/install/robot_descriptions_public/bin'
[0.976s] [34mcolcon.colcon_core.shell[0m [1;30mINFO[0m Creating package script '/home/suzumiyaharuhi/rl_deploy_v2/deploy/install/robot_descriptions_public/share/robot_descriptions_public/package.ps1'
[0.976s] [34mcolcon.colcon_core.shell[0m [1;30mINFO[0m Creating package descriptor '/home/suzumiyaharuhi/rl_deploy_v2/deploy/install/robot_descriptions_public/share/robot_descriptions_public/package.dsv'
[0.976s] [34mcolcon.colcon_core.shell[0m [1;30mINFO[0m Creating package script '/home/suzumiyaharuhi/rl_deploy_v2/deploy/install/robot_descriptions_public/share/robot_descriptions_public/package.sh'
[0.977s] [34mcolcon.colcon_core.shell[0m [1;30mINFO[0m Creating package script '/home/suzumiyaharuhi/rl_deploy_v2/deploy/install/robot_descriptions_public/share/robot_descriptions_public/package.bash'
[0.977s] [34mcolcon.colcon_core.shell[0m [1;30mINFO[0m Creating package script '/home/suzumiyaharuhi/rl_deploy_v2/deploy/install/robot_descriptions_public/share/robot_descriptions_public/package.zsh'
[0.977s] [34mcolcon.colcon_core.environment[0m [1;30mLevel 1[0m create_file_with_runtime_dependencies(/home/suzumiyaharuhi/rl_deploy_v2/deploy/install/robot_descriptions_public/share/colcon-core/packages/robot_descriptions_public)
[0.978s] [34mcolcon.colcon_core.environment[0m [1;30mLevel 1[0m create_environment_scripts_only(robot_descriptions_public)
[0.978s] [34mcolcon.colcon_core.environment[0m [1;30mLevel 1[0m checking '/home/suzumiyaharuhi/rl_deploy_v2/deploy/install/robot_descriptions_public' for CMake module files
[0.978s] [34mcolcon.colcon_core.environment[0m [1;30mLevel 1[0m checking '/home/suzumiyaharuhi/rl_deploy_v2/deploy/install/robot_descriptions_public' for CMake config files
[0.978s] [34mcolcon.colcon_core.shell[0m [1;30mLevel 1[0m create_environment_hook('robot_descriptions_public', 'cmake_prefix_path')
[0.978s] [34mcolcon.colcon_core.shell[0m [1;30mINFO[0m Creating environment hook '/home/suzumiyaharuhi/rl_deploy_v2/deploy/install/robot_descriptions_public/share/robot_descriptions_public/hook/cmake_prefix_path.ps1'
[0.979s] [34mcolcon.colcon_core.shell[0m [1;30mINFO[0m Creating environment descriptor '/home/suzumiyaharuhi/rl_deploy_v2/deploy/install/robot_descriptions_public/share/robot_descriptions_public/hook/cmake_prefix_path.dsv'
[0.979s] [34mcolcon.colcon_core.shell[0m [1;30mINFO[0m Creating environment hook '/home/suzumiyaharuhi/rl_deploy_v2/deploy/install/robot_descriptions_public/share/robot_descriptions_public/hook/cmake_prefix_path.sh'
[0.979s] [34mcolcon.colcon_core.environment[0m [1;30mLevel 1[0m checking '/home/suzumiyaharuhi/rl_deploy_v2/deploy/install/robot_descriptions_public/bin'
[0.979s] [34mcolcon.colcon_core.environment[0m [1;30mLevel 1[0m checking '/home/suzumiyaharuhi/rl_deploy_v2/deploy/install/robot_descriptions_public/lib/pkgconfig/robot_descriptions_public.pc'
[0.979s] [34mcolcon.colcon_core.environment[0m [1;30mLevel 1[0m checking '/home/suzumiyaharuhi/rl_deploy_v2/deploy/install/robot_descriptions_public/lib/python3.10/site-packages'
[0.980s] [34mcolcon.colcon_core.environment[0m [1;30mLevel 1[0m checking '/home/suzumiyaharuhi/rl_deploy_v2/deploy/install/robot_descriptions_public/bin'
[0.980s] [34mcolcon.colcon_core.shell[0m [1;30mINFO[0m Creating package script '/home/suzumiyaharuhi/rl_deploy_v2/deploy/install/robot_descriptions_public/share/robot_descriptions_public/package.ps1'
[0.980s] [34mcolcon.colcon_core.shell[0m [1;30mINFO[0m Creating package descriptor '/home/suzumiyaharuhi/rl_deploy_v2/deploy/install/robot_descriptions_public/share/robot_descriptions_public/package.dsv'
[0.982s] [34mcolcon.colcon_core.shell[0m [1;30mINFO[0m Creating package script '/home/suzumiyaharuhi/rl_deploy_v2/deploy/install/robot_descriptions_public/share/robot_descriptions_public/package.sh'
[0.983s] [34mcolcon.colcon_core.shell[0m [1;30mINFO[0m Creating package script '/home/suzumiyaharuhi/rl_deploy_v2/deploy/install/robot_descriptions_public/share/robot_descriptions_public/package.bash'
[0.983s] [34mcolcon.colcon_core.shell[0m [1;30mINFO[0m Creating package script '/home/suzumiyaharuhi/rl_deploy_v2/deploy/install/robot_descriptions_public/share/robot_descriptions_public/package.zsh'
[0.983s] [34mcolcon.colcon_core.environment[0m [1;30mLevel 1[0m create_file_with_runtime_dependencies(/home/suzumiyaharuhi/rl_deploy_v2/deploy/install/robot_descriptions_public/share/colcon-core/packages/robot_descriptions_public)
[1.220s] [34mcolcon.colcon_core.event_handler.log_command[0m [1;30mDEBUG[0m [32mInvoked command in '/home/suzumiyaharuhi/rl_deploy_v2/deploy/build/rl_controllers' returned '0': CMAKE_PREFIX_PATH=${CMAKE_PREFIX_PATH}:/opt/ros/humble /home/suzumiyaharuhi/.local/bin/cmake /home/suzumiyaharuhi/rl_deploy_v2/deploy/rl_controllers -DCMAKE_INSTALL_PREFIX=/home/suzumiyaharuhi/rl_deploy_v2/deploy/install/rl_controllers[0m
[1.221s] [34mcolcon.colcon_core.event_handler.log_command[0m [1;30mDEBUG[0m [32mInvoking command in '/home/suzumiyaharuhi/rl_deploy_v2/deploy/build/rl_controllers': CMAKE_PREFIX_PATH=${CMAKE_PREFIX_PATH}:/opt/ros/humble /home/suzumiyaharuhi/.local/bin/cmake --build /home/suzumiyaharuhi/rl_deploy_v2/deploy/build/rl_controllers -- -j32 -l32[0m
[1.331s] [34mcolcon.colcon_core.event_handler.log_command[0m [1;30mDEBUG[0m [32mInvoked command in '/home/suzumiyaharuhi/rl_deploy_v2/deploy/build/joint_msgs' returned '0': CMAKE_PREFIX_PATH=${CMAKE_PREFIX_PATH}:/opt/ros/humble /home/suzumiyaharuhi/.local/bin/cmake /home/suzumiyaharuhi/rl_deploy_v2/deploy/joint_msgs -DCMAKE_INSTALL_PREFIX=/home/suzumiyaharuhi/rl_deploy_v2/deploy/install/joint_msgs[0m
[1.332s] [34mcolcon.colcon_core.event_handler.log_command[0m [1;30mDEBUG[0m [32mInvoking command in '/home/suzumiyaharuhi/rl_deploy_v2/deploy/build/joint_msgs': CMAKE_PREFIX_PATH=${CMAKE_PREFIX_PATH}:/opt/ros/humble /home/suzumiyaharuhi/.local/bin/cmake --build /home/suzumiyaharuhi/rl_deploy_v2/deploy/build/joint_msgs -- -j32 -l32[0m
[3.037s] [34mcolcon.colcon_core.event_handler.log_command[0m [1;30mDEBUG[0m [32mInvoked command in '/home/suzumiyaharuhi/rl_deploy_v2/deploy/build/joint_msgs' returned '0': CMAKE_PREFIX_PATH=${CMAKE_PREFIX_PATH}:/opt/ros/humble /home/suzumiyaharuhi/.local/bin/cmake --build /home/suzumiyaharuhi/rl_deploy_v2/deploy/build/joint_msgs -- -j32 -l32[0m
[3.038s] [34mcolcon.colcon_core.event_handler.log_command[0m [1;30mDEBUG[0m [32mInvoking command in '/home/suzumiyaharuhi/rl_deploy_v2/deploy/build/joint_msgs': CMAKE_PREFIX_PATH=${CMAKE_PREFIX_PATH}:/opt/ros/humble /home/suzumiyaharuhi/.local/bin/cmake --install /home/suzumiyaharuhi/rl_deploy_v2/deploy/build/joint_msgs[0m
[3.114s] [34mcolcon.colcon_core.environment[0m [1;30mLevel 1[0m create_environment_scripts_only(joint_msgs)
[3.114s] [34mcolcon.colcon_core.environment[0m [1;30mLevel 1[0m checking '/home/suzumiyaharuhi/rl_deploy_v2/deploy/install/joint_msgs' for CMake module files
[3.115s] [34mcolcon.colcon_core.event_handler.log_command[0m [1;30mDEBUG[0m [32mInvoked command in '/home/suzumiyaharuhi/rl_deploy_v2/deploy/build/joint_msgs' returned '0': CMAKE_PREFIX_PATH=${CMAKE_PREFIX_PATH}:/opt/ros/humble /home/suzumiyaharuhi/.local/bin/cmake --install /home/suzumiyaharuhi/rl_deploy_v2/deploy/build/joint_msgs[0m
[3.115s] [34mcolcon.colcon_core.environment[0m [1;30mLevel 1[0m checking '/home/suzumiyaharuhi/rl_deploy_v2/deploy/install/joint_msgs' for CMake config files
[3.116s] [34mcolcon.colcon_core.shell[0m [1;30mLevel 1[0m create_environment_hook('joint_msgs', 'cmake_prefix_path')
[3.116s] [34mcolcon.colcon_core.shell[0m [1;30mINFO[0m Creating environment hook '/home/suzumiyaharuhi/rl_deploy_v2/deploy/install/joint_msgs/share/joint_msgs/hook/cmake_prefix_path.ps1'
[3.116s] [34mcolcon.colcon_core.shell[0m [1;30mINFO[0m Creating environment descriptor '/home/suzumiyaharuhi/rl_deploy_v2/deploy/install/joint_msgs/share/joint_msgs/hook/cmake_prefix_path.dsv'
[3.117s] [34mcolcon.colcon_core.shell[0m [1;30mINFO[0m Creating environment hook '/home/suzumiyaharuhi/rl_deploy_v2/deploy/install/joint_msgs/share/joint_msgs/hook/cmake_prefix_path.sh'
[3.117s] [34mcolcon.colcon_core.environment[0m [1;30mLevel 1[0m checking '/home/suzumiyaharuhi/rl_deploy_v2/deploy/install/joint_msgs/lib'
[3.117s] [34mcolcon.colcon_core.shell[0m [1;30mLevel 1[0m create_environment_hook('joint_msgs', 'ld_library_path_lib')
[3.117s] [34mcolcon.colcon_core.shell[0m [1;30mINFO[0m Creating environment hook '/home/suzumiyaharuhi/rl_deploy_v2/deploy/install/joint_msgs/share/joint_msgs/hook/ld_library_path_lib.ps1'
[3.117s] [34mcolcon.colcon_core.shell[0m [1;30mINFO[0m Creating environment descriptor '/home/suzumiyaharuhi/rl_deploy_v2/deploy/install/joint_msgs/share/joint_msgs/hook/ld_library_path_lib.dsv'
[3.117s] [34mcolcon.colcon_core.shell[0m [1;30mINFO[0m Creating environment hook '/home/suzumiyaharuhi/rl_deploy_v2/deploy/install/joint_msgs/share/joint_msgs/hook/ld_library_path_lib.sh'
[3.118s] [34mcolcon.colcon_core.environment[0m [1;30mLevel 1[0m checking '/home/suzumiyaharuhi/rl_deploy_v2/deploy/install/joint_msgs/bin'
[3.118s] [34mcolcon.colcon_core.environment[0m [1;30mLevel 1[0m checking '/home/suzumiyaharuhi/rl_deploy_v2/deploy/install/joint_msgs/lib/pkgconfig/joint_msgs.pc'
[3.118s] [34mcolcon.colcon_core.environment[0m [1;30mLevel 1[0m checking '/home/suzumiyaharuhi/rl_deploy_v2/deploy/install/joint_msgs/lib/python3.10/site-packages'
[3.118s] [34mcolcon.colcon_core.environment[0m [1;30mLevel 1[0m checking '/home/suzumiyaharuhi/rl_deploy_v2/deploy/install/joint_msgs/bin'
[3.118s] [34mcolcon.colcon_core.shell[0m [1;30mINFO[0m Creating package script '/home/suzumiyaharuhi/rl_deploy_v2/deploy/install/joint_msgs/share/joint_msgs/package.ps1'
[3.118s] [34mcolcon.colcon_core.shell[0m [1;30mINFO[0m Creating package descriptor '/home/suzumiyaharuhi/rl_deploy_v2/deploy/install/joint_msgs/share/joint_msgs/package.dsv'
[3.118s] [34mcolcon.colcon_core.shell[0m [1;30mINFO[0m Creating package script '/home/suzumiyaharuhi/rl_deploy_v2/deploy/install/joint_msgs/share/joint_msgs/package.sh'
[3.119s] [34mcolcon.colcon_core.shell[0m [1;30mINFO[0m Creating package script '/home/suzumiyaharuhi/rl_deploy_v2/deploy/install/joint_msgs/share/joint_msgs/package.bash'
[3.119s] [34mcolcon.colcon_core.shell[0m [1;30mINFO[0m Creating package script '/home/suzumiyaharuhi/rl_deploy_v2/deploy/install/joint_msgs/share/joint_msgs/package.zsh'
[3.119s] [34mcolcon.colcon_core.environment[0m [1;30mLevel 1[0m create_file_with_runtime_dependencies(/home/suzumiyaharuhi/rl_deploy_v2/deploy/install/joint_msgs/share/colcon-core/packages/joint_msgs)
[3.119s] [34mcolcon.colcon_core.environment[0m [1;30mLevel 1[0m create_environment_scripts_only(joint_msgs)
[3.119s] [34mcolcon.colcon_core.environment[0m [1;30mLevel 1[0m checking '/home/suzumiyaharuhi/rl_deploy_v2/deploy/install/joint_msgs' for CMake module files
[3.120s] [34mcolcon.colcon_core.environment[0m [1;30mLevel 1[0m checking '/home/suzumiyaharuhi/rl_deploy_v2/deploy/install/joint_msgs' for CMake config files
[3.120s] [34mcolcon.colcon_core.shell[0m [1;30mLevel 1[0m create_environment_hook('joint_msgs', 'cmake_prefix_path')
[3.120s] [34mcolcon.colcon_core.shell[0m [1;30mINFO[0m Creating environment hook '/home/suzumiyaharuhi/rl_deploy_v2/deploy/install/joint_msgs/share/joint_msgs/hook/cmake_prefix_path.ps1'
[3.120s] [34mcolcon.colcon_core.shell[0m [1;30mINFO[0m Creating environment descriptor '/home/suzumiyaharuhi/rl_deploy_v2/deploy/install/joint_msgs/share/joint_msgs/hook/cmake_prefix_path.dsv'
[3.120s] [34mcolcon.colcon_core.shell[0m [1;30mINFO[0m Creating environment hook '/home/suzumiyaharuhi/rl_deploy_v2/deploy/install/joint_msgs/share/joint_msgs/hook/cmake_prefix_path.sh'
[3.121s] [34mcolcon.colcon_core.environment[0m [1;30mLevel 1[0m checking '/home/suzumiyaharuhi/rl_deploy_v2/deploy/install/joint_msgs/lib'
[3.121s] [34mcolcon.colcon_core.shell[0m [1;30mLevel 1[0m create_environment_hook('joint_msgs', 'ld_library_path_lib')
[3.121s] [34mcolcon.colcon_core.shell[0m [1;30mINFO[0m Creating environment hook '/home/suzumiyaharuhi/rl_deploy_v2/deploy/install/joint_msgs/share/joint_msgs/hook/ld_library_path_lib.ps1'
[3.121s] [34mcolcon.colcon_core.shell[0m [1;30mINFO[0m Creating environment descriptor '/home/suzumiyaharuhi/rl_deploy_v2/deploy/install/joint_msgs/share/joint_msgs/hook/ld_library_path_lib.dsv'
[3.121s] [34mcolcon.colcon_core.shell[0m [1;30mINFO[0m Creating environment hook '/home/suzumiyaharuhi/rl_deploy_v2/deploy/install/joint_msgs/share/joint_msgs/hook/ld_library_path_lib.sh'
[3.121s] [34mcolcon.colcon_core.environment[0m [1;30mLevel 1[0m checking '/home/suzumiyaharuhi/rl_deploy_v2/deploy/install/joint_msgs/bin'
[3.121s] [34mcolcon.colcon_core.environment[0m [1;30mLevel 1[0m checking '/home/suzumiyaharuhi/rl_deploy_v2/deploy/install/joint_msgs/lib/pkgconfig/joint_msgs.pc'
[3.121s] [34mcolcon.colcon_core.environment[0m [1;30mLevel 1[0m checking '/home/suzumiyaharuhi/rl_deploy_v2/deploy/install/joint_msgs/lib/python3.10/site-packages'
[3.121s] [34mcolcon.colcon_core.environment[0m [1;30mLevel 1[0m checking '/home/suzumiyaharuhi/rl_deploy_v2/deploy/install/joint_msgs/bin'
[3.122s] [34mcolcon.colcon_core.shell[0m [1;30mINFO[0m Creating package script '/home/suzumiyaharuhi/rl_deploy_v2/deploy/install/joint_msgs/share/joint_msgs/package.ps1'
[3.122s] [34mcolcon.colcon_core.shell[0m [1;30mINFO[0m Creating package descriptor '/home/suzumiyaharuhi/rl_deploy_v2/deploy/install/joint_msgs/share/joint_msgs/package.dsv'
[3.122s] [34mcolcon.colcon_core.shell[0m [1;30mINFO[0m Creating package script '/home/suzumiyaharuhi/rl_deploy_v2/deploy/install/joint_msgs/share/joint_msgs/package.sh'
[3.122s] [34mcolcon.colcon_core.shell[0m [1;30mINFO[0m Creating package script '/home/suzumiyaharuhi/rl_deploy_v2/deploy/install/joint_msgs/share/joint_msgs/package.bash'
[3.122s] [34mcolcon.colcon_core.shell[0m [1;30mINFO[0m Creating package script '/home/suzumiyaharuhi/rl_deploy_v2/deploy/install/joint_msgs/share/joint_msgs/package.zsh'
[3.123s] [34mcolcon.colcon_core.environment[0m [1;30mLevel 1[0m create_file_with_runtime_dependencies(/home/suzumiyaharuhi/rl_deploy_v2/deploy/install/joint_msgs/share/colcon-core/packages/joint_msgs)
[10.246s] [34mcolcon.colcon_core.event_handler.log_command[0m [1;30mDEBUG[0m [32mInvoked command in '/home/suzumiyaharuhi/rl_deploy_v2/deploy/build/rl_controllers' returned '0': CMAKE_PREFIX_PATH=${CMAKE_PREFIX_PATH}:/opt/ros/humble /home/suzumiyaharuhi/.local/bin/cmake --build /home/suzumiyaharuhi/rl_deploy_v2/deploy/build/rl_controllers -- -j32 -l32[0m
[10.247s] [34mcolcon.colcon_core.event_handler.log_command[0m [1;30mDEBUG[0m [32mInvoking command in '/home/suzumiyaharuhi/rl_deploy_v2/deploy/build/rl_controllers': CMAKE_PREFIX_PATH=${CMAKE_PREFIX_PATH}:/opt/ros/humble /home/suzumiyaharuhi/.local/bin/cmake --install /home/suzumiyaharuhi/rl_deploy_v2/deploy/build/rl_controllers[0m
[10.281s] [34mcolcon.colcon_core.environment[0m [1;30mLevel 1[0m create_environment_scripts_only(rl_controllers)
[10.282s] [34mcolcon.colcon_core.event_handler.log_command[0m [1;30mDEBUG[0m [32mInvoked command in '/home/suzumiyaharuhi/rl_deploy_v2/deploy/build/rl_controllers' returned '0': CMAKE_PREFIX_PATH=${CMAKE_PREFIX_PATH}:/opt/ros/humble /home/suzumiyaharuhi/.local/bin/cmake --install /home/suzumiyaharuhi/rl_deploy_v2/deploy/build/rl_controllers[0m
[10.282s] [34mcolcon.colcon_core.environment[0m [1;30mLevel 1[0m checking '/home/suzumiyaharuhi/rl_deploy_v2/deploy/install/rl_controllers' for CMake module files
[10.282s] [34mcolcon.colcon_core.environment[0m [1;30mLevel 1[0m checking '/home/suzumiyaharuhi/rl_deploy_v2/deploy/install/rl_controllers' for CMake config files
[10.283s] [34mcolcon.colcon_core.shell[0m [1;30mLevel 1[0m create_environment_hook('rl_controllers', 'cmake_prefix_path')
[10.283s] [34mcolcon.colcon_core.shell[0m [1;30mINFO[0m Creating environment hook '/home/suzumiyaharuhi/rl_deploy_v2/deploy/install/rl_controllers/share/rl_controllers/hook/cmake_prefix_path.ps1'
[10.283s] [34mcolcon.colcon_core.shell[0m [1;30mINFO[0m Creating environment descriptor '/home/suzumiyaharuhi/rl_deploy_v2/deploy/install/rl_controllers/share/rl_controllers/hook/cmake_prefix_path.dsv'
[10.283s] [34mcolcon.colcon_core.shell[0m [1;30mINFO[0m Creating environment hook '/home/suzumiyaharuhi/rl_deploy_v2/deploy/install/rl_controllers/share/rl_controllers/hook/cmake_prefix_path.sh'
[10.284s] [34mcolcon.colcon_core.environment[0m [1;30mLevel 1[0m checking '/home/suzumiyaharuhi/rl_deploy_v2/deploy/install/rl_controllers/lib'
[10.284s] [34mcolcon.colcon_core.shell[0m [1;30mLevel 1[0m create_environment_hook('rl_controllers', 'ld_library_path_lib')
[10.284s] [34mcolcon.colcon_core.shell[0m [1;30mINFO[0m Creating environment hook '/home/suzumiyaharuhi/rl_deploy_v2/deploy/install/rl_controllers/share/rl_controllers/hook/ld_library_path_lib.ps1'
[10.284s] [34mcolcon.colcon_core.shell[0m [1;30mINFO[0m Creating environment descriptor '/home/suzumiyaharuhi/rl_deploy_v2/deploy/install/rl_controllers/share/rl_controllers/hook/ld_library_path_lib.dsv'
[10.285s] [34mcolcon.colcon_core.shell[0m [1;30mINFO[0m Creating environment hook '/home/suzumiyaharuhi/rl_deploy_v2/deploy/install/rl_controllers/share/rl_controllers/hook/ld_library_path_lib.sh'
[10.285s] [34mcolcon.colcon_core.environment[0m [1;30mLevel 1[0m checking '/home/suzumiyaharuhi/rl_deploy_v2/deploy/install/rl_controllers/bin'
[10.285s] [34mcolcon.colcon_core.environment[0m [1;30mLevel 1[0m checking '/home/suzumiyaharuhi/rl_deploy_v2/deploy/install/rl_controllers/lib/pkgconfig/rl_controllers.pc'
[10.285s] [34mcolcon.colcon_core.environment[0m [1;30mLevel 1[0m checking '/home/suzumiyaharuhi/rl_deploy_v2/deploy/install/rl_controllers/lib/python3.10/site-packages'
[10.285s] [34mcolcon.colcon_core.environment[0m [1;30mLevel 1[0m checking '/home/suzumiyaharuhi/rl_deploy_v2/deploy/install/rl_controllers/bin'
[10.286s] [34mcolcon.colcon_core.shell[0m [1;30mINFO[0m Creating package script '/home/suzumiyaharuhi/rl_deploy_v2/deploy/install/rl_controllers/share/rl_controllers/package.ps1'
[10.286s] [34mcolcon.colcon_core.shell[0m [1;30mINFO[0m Creating package descriptor '/home/suzumiyaharuhi/rl_deploy_v2/deploy/install/rl_controllers/share/rl_controllers/package.dsv'
[10.286s] [34mcolcon.colcon_core.shell[0m [1;30mINFO[0m Creating package script '/home/suzumiyaharuhi/rl_deploy_v2/deploy/install/rl_controllers/share/rl_controllers/package.sh'
[10.286s] [34mcolcon.colcon_core.shell[0m [1;30mINFO[0m Creating package script '/home/suzumiyaharuhi/rl_deploy_v2/deploy/install/rl_controllers/share/rl_controllers/package.bash'
[10.287s] [34mcolcon.colcon_core.shell[0m [1;30mINFO[0m Creating package script '/home/suzumiyaharuhi/rl_deploy_v2/deploy/install/rl_controllers/share/rl_controllers/package.zsh'
[10.287s] [34mcolcon.colcon_core.environment[0m [1;30mLevel 1[0m create_file_with_runtime_dependencies(/home/suzumiyaharuhi/rl_deploy_v2/deploy/install/rl_controllers/share/colcon-core/packages/rl_controllers)
[10.287s] [34mcolcon.colcon_core.environment[0m [1;30mLevel 1[0m create_environment_scripts_only(rl_controllers)
[10.287s] [34mcolcon.colcon_core.environment[0m [1;30mLevel 1[0m checking '/home/suzumiyaharuhi/rl_deploy_v2/deploy/install/rl_controllers' for CMake module files
[10.287s] [34mcolcon.colcon_core.environment[0m [1;30mLevel 1[0m checking '/home/suzumiyaharuhi/rl_deploy_v2/deploy/install/rl_controllers' for CMake config files
[10.287s] [34mcolcon.colcon_core.shell[0m [1;30mLevel 1[0m create_environment_hook('rl_controllers', 'cmake_prefix_path')
[10.287s] [34mcolcon.colcon_core.shell[0m [1;30mINFO[0m Creating environment hook '/home/suzumiyaharuhi/rl_deploy_v2/deploy/install/rl_controllers/share/rl_controllers/hook/cmake_prefix_path.ps1'
[10.288s] [34mcolcon.colcon_core.shell[0m [1;30mINFO[0m Creating environment descriptor '/home/suzumiyaharuhi/rl_deploy_v2/deploy/install/rl_controllers/share/rl_controllers/hook/cmake_prefix_path.dsv'
[10.288s] [34mcolcon.colcon_core.shell[0m [1;30mINFO[0m Creating environment hook '/home/suzumiyaharuhi/rl_deploy_v2/deploy/install/rl_controllers/share/rl_controllers/hook/cmake_prefix_path.sh'
[10.288s] [34mcolcon.colcon_core.environment[0m [1;30mLevel 1[0m checking '/home/suzumiyaharuhi/rl_deploy_v2/deploy/install/rl_controllers/lib'
[10.288s] [34mcolcon.colcon_core.shell[0m [1;30mLevel 1[0m create_environment_hook('rl_controllers', 'ld_library_path_lib')
[10.288s] [34mcolcon.colcon_core.shell[0m [1;30mINFO[0m Creating environment hook '/home/suzumiyaharuhi/rl_deploy_v2/deploy/install/rl_controllers/share/rl_controllers/hook/ld_library_path_lib.ps1'
[10.288s] [34mcolcon.colcon_core.shell[0m [1;30mINFO[0m Creating environment descriptor '/home/suzumiyaharuhi/rl_deploy_v2/deploy/install/rl_controllers/share/rl_controllers/hook/ld_library_path_lib.dsv'
[10.288s] [34mcolcon.colcon_core.shell[0m [1;30mINFO[0m Creating environment hook '/home/suzumiyaharuhi/rl_deploy_v2/deploy/install/rl_controllers/share/rl_controllers/hook/ld_library_path_lib.sh'
[10.289s] [34mcolcon.colcon_core.environment[0m [1;30mLevel 1[0m checking '/home/suzumiyaharuhi/rl_deploy_v2/deploy/install/rl_controllers/bin'
[10.289s] [34mcolcon.colcon_core.environment[0m [1;30mLevel 1[0m checking '/home/suzumiyaharuhi/rl_deploy_v2/deploy/install/rl_controllers/lib/pkgconfig/rl_controllers.pc'
[10.289s] [34mcolcon.colcon_core.environment[0m [1;30mLevel 1[0m checking '/home/suzumiyaharuhi/rl_deploy_v2/deploy/install/rl_controllers/lib/python3.10/site-packages'
[10.289s] [34mcolcon.colcon_core.environment[0m [1;30mLevel 1[0m checking '/home/suzumiyaharuhi/rl_deploy_v2/deploy/install/rl_controllers/bin'
[10.289s] [34mcolcon.colcon_core.shell[0m [1;30mINFO[0m Creating package script '/home/suzumiyaharuhi/rl_deploy_v2/deploy/install/rl_controllers/share/rl_controllers/package.ps1'
[10.289s] [34mcolcon.colcon_core.shell[0m [1;30mINFO[0m Creating package descriptor '/home/suzumiyaharuhi/rl_deploy_v2/deploy/install/rl_controllers/share/rl_controllers/package.dsv'
[10.289s] [34mcolcon.colcon_core.shell[0m [1;30mINFO[0m Creating package script '/home/suzumiyaharuhi/rl_deploy_v2/deploy/install/rl_controllers/share/rl_controllers/package.sh'
[10.290s] [34mcolcon.colcon_core.shell[0m [1;30mINFO[0m Creating package script '/home/suzumiyaharuhi/rl_deploy_v2/deploy/install/rl_controllers/share/rl_controllers/package.bash'
[10.290s] [34mcolcon.colcon_core.shell[0m [1;30mINFO[0m Creating package script '/home/suzumiyaharuhi/rl_deploy_v2/deploy/install/rl_controllers/share/rl_controllers/package.zsh'
[10.290s] [34mcolcon.colcon_core.environment[0m [1;30mLevel 1[0m create_file_with_runtime_dependencies(/home/suzumiyaharuhi/rl_deploy_v2/deploy/install/rl_controllers/share/colcon-core/packages/rl_controllers)
[25.471s] [34mcolcon.colcon_core.event_handler.log_command[0m [1;30mDEBUG[0m [32mInvoked command in '/home/suzumiyaharuhi/rl_deploy_v2/deploy/build/legged_system' returned '0': CMAKE_PREFIX_PATH=${CMAKE_PREFIX_PATH}:/opt/ros/humble /home/suzumiyaharuhi/.local/bin/cmake /home/suzumiyaharuhi/rl_deploy_v2/deploy/legged_system -DCMAKE_INSTALL_PREFIX=/home/suzumiyaharuhi/rl_deploy_v2/deploy/install/legged_system[0m
[25.471s] [34mcolcon.colcon_core.event_handler.log_command[0m [1;30mDEBUG[0m [32mInvoking command in '/home/suzumiyaharuhi/rl_deploy_v2/deploy/build/legged_system': CMAKE_PREFIX_PATH=${CMAKE_PREFIX_PATH}:/opt/ros/humble /home/suzumiyaharuhi/.local/bin/cmake --build /home/suzumiyaharuhi/rl_deploy_v2/deploy/build/legged_system -- -j32 -l32[0m
[75.371s] [34mcolcon.colcon_core.event_handler.log_command[0m [1;30mDEBUG[0m [32mInvoked command in '/home/suzumiyaharuhi/rl_deploy_v2/deploy/build/legged_system' returned '0': CMAKE_PREFIX_PATH=${CMAKE_PREFIX_PATH}:/opt/ros/humble /home/suzumiyaharuhi/.local/bin/cmake --build /home/suzumiyaharuhi/rl_deploy_v2/deploy/build/legged_system -- -j32 -l32[0m
[75.373s] [34mcolcon.colcon_core.event_handler.log_command[0m [1;30mDEBUG[0m [32mInvoking command in '/home/suzumiyaharuhi/rl_deploy_v2/deploy/build/legged_system': CMAKE_PREFIX_PATH=${CMAKE_PREFIX_PATH}:/opt/ros/humble /home/suzumiyaharuhi/.local/bin/cmake --install /home/suzumiyaharuhi/rl_deploy_v2/deploy/build/legged_system[0m
[75.717s] [34mcolcon.colcon_core.environment[0m [1;30mLevel 1[0m create_environment_scripts_only(legged_system)
[75.717s] [34mcolcon.colcon_core.environment[0m [1;30mLevel 1[0m checking '/home/suzumiyaharuhi/rl_deploy_v2/deploy/install/legged_system' for CMake module files
[75.718s] [34mcolcon.colcon_core.event_handler.log_command[0m [1;30mDEBUG[0m [32mInvoked command in '/home/suzumiyaharuhi/rl_deploy_v2/deploy/build/legged_system' returned '0': CMAKE_PREFIX_PATH=${CMAKE_PREFIX_PATH}:/opt/ros/humble /home/suzumiyaharuhi/.local/bin/cmake --install /home/suzumiyaharuhi/rl_deploy_v2/deploy/build/legged_system[0m
[75.718s] [34mcolcon.colcon_core.environment[0m [1;30mLevel 1[0m checking '/home/suzumiyaharuhi/rl_deploy_v2/deploy/install/legged_system' for CMake config files
[75.718s] [34mcolcon.colcon_core.shell[0m [1;30mLevel 1[0m create_environment_hook('legged_system', 'cmake_prefix_path')
[75.718s] [34mcolcon.colcon_core.shell[0m [1;30mINFO[0m Creating environment hook '/home/suzumiyaharuhi/rl_deploy_v2/deploy/install/legged_system/share/legged_system/hook/cmake_prefix_path.ps1'
[75.718s] [34mcolcon.colcon_core.shell[0m [1;30mINFO[0m Creating environment descriptor '/home/suzumiyaharuhi/rl_deploy_v2/deploy/install/legged_system/share/legged_system/hook/cmake_prefix_path.dsv'
[75.719s] [34mcolcon.colcon_core.shell[0m [1;30mINFO[0m Creating environment hook '/home/suzumiyaharuhi/rl_deploy_v2/deploy/install/legged_system/share/legged_system/hook/cmake_prefix_path.sh'
[75.719s] [34mcolcon.colcon_core.environment[0m [1;30mLevel 1[0m checking '/home/suzumiyaharuhi/rl_deploy_v2/deploy/install/legged_system/lib'
[75.719s] [34mcolcon.colcon_core.shell[0m [1;30mLevel 1[0m create_environment_hook('legged_system', 'ld_library_path_lib')
[75.719s] [34mcolcon.colcon_core.shell[0m [1;30mINFO[0m Creating environment hook '/home/suzumiyaharuhi/rl_deploy_v2/deploy/install/legged_system/share/legged_system/hook/ld_library_path_lib.ps1'
[75.719s] [34mcolcon.colcon_core.shell[0m [1;30mINFO[0m Creating environment descriptor '/home/suzumiyaharuhi/rl_deploy_v2/deploy/install/legged_system/share/legged_system/hook/ld_library_path_lib.dsv'
[75.719s] [34mcolcon.colcon_core.shell[0m [1;30mINFO[0m Creating environment hook '/home/suzumiyaharuhi/rl_deploy_v2/deploy/install/legged_system/share/legged_system/hook/ld_library_path_lib.sh'
[75.720s] [34mcolcon.colcon_core.environment[0m [1;30mLevel 1[0m checking '/home/suzumiyaharuhi/rl_deploy_v2/deploy/install/legged_system/bin'
[75.720s] [34mcolcon.colcon_core.shell[0m [1;30mLevel 1[0m create_environment_hook('legged_system', 'path')
[75.720s] [34mcolcon.colcon_core.shell[0m [1;30mINFO[0m Creating environment hook '/home/suzumiyaharuhi/rl_deploy_v2/deploy/install/legged_system/share/legged_system/hook/path.ps1'
[75.720s] [34mcolcon.colcon_core.shell[0m [1;30mINFO[0m Creating environment descriptor '/home/suzumiyaharuhi/rl_deploy_v2/deploy/install/legged_system/share/legged_system/hook/path.dsv'
[75.720s] [34mcolcon.colcon_core.shell[0m [1;30mINFO[0m Creating environment hook '/home/suzumiyaharuhi/rl_deploy_v2/deploy/install/legged_system/share/legged_system/hook/path.sh'
[75.720s] [34mcolcon.colcon_core.environment[0m [1;30mLevel 1[0m checking '/home/suzumiyaharuhi/rl_deploy_v2/deploy/install/legged_system/lib/pkgconfig/legged_system.pc'
[75.720s] [34mcolcon.colcon_core.environment[0m [1;30mLevel 1[0m checking '/home/suzumiyaharuhi/rl_deploy_v2/deploy/install/legged_system/lib/python3.10/site-packages'
[75.720s] [34mcolcon.colcon_core.environment[0m [1;30mLevel 1[0m checking '/home/suzumiyaharuhi/rl_deploy_v2/deploy/install/legged_system/bin'
[75.721s] [34mcolcon.colcon_core.shell[0m [1;30mLevel 1[0m create_environment_hook('legged_system', 'pythonscriptspath')
[75.721s] [34mcolcon.colcon_core.shell[0m [1;30mINFO[0m Creating environment hook '/home/suzumiyaharuhi/rl_deploy_v2/deploy/install/legged_system/share/legged_system/hook/pythonscriptspath.ps1'
[75.721s] [34mcolcon.colcon_core.shell[0m [1;30mINFO[0m Creating environment descriptor '/home/suzumiyaharuhi/rl_deploy_v2/deploy/install/legged_system/share/legged_system/hook/pythonscriptspath.dsv'
[75.721s] [34mcolcon.colcon_core.shell[0m [1;30mINFO[0m Creating environment hook '/home/suzumiyaharuhi/rl_deploy_v2/deploy/install/legged_system/share/legged_system/hook/pythonscriptspath.sh'
[75.721s] [34mcolcon.colcon_core.shell[0m [1;30mINFO[0m Creating package script '/home/suzumiyaharuhi/rl_deploy_v2/deploy/install/legged_system/share/legged_system/package.ps1'
[75.722s] [34mcolcon.colcon_core.shell[0m [1;30mINFO[0m Creating package descriptor '/home/suzumiyaharuhi/rl_deploy_v2/deploy/install/legged_system/share/legged_system/package.dsv'
[75.722s] [34mcolcon.colcon_core.shell[0m [1;30mINFO[0m Creating package script '/home/suzumiyaharuhi/rl_deploy_v2/deploy/install/legged_system/share/legged_system/package.sh'
[75.722s] [34mcolcon.colcon_core.shell[0m [1;30mINFO[0m Creating package script '/home/suzumiyaharuhi/rl_deploy_v2/deploy/install/legged_system/share/legged_system/package.bash'
[75.722s] [34mcolcon.colcon_core.shell[0m [1;30mINFO[0m Creating package script '/home/suzumiyaharuhi/rl_deploy_v2/deploy/install/legged_system/share/legged_system/package.zsh'
[75.722s] [34mcolcon.colcon_core.environment[0m [1;30mLevel 1[0m create_file_with_runtime_dependencies(/home/suzumiyaharuhi/rl_deploy_v2/deploy/install/legged_system/share/colcon-core/packages/legged_system)
[75.723s] [34mcolcon.colcon_core.environment[0m [1;30mLevel 1[0m create_environment_scripts_only(legged_system)
[75.723s] [34mcolcon.colcon_core.environment[0m [1;30mLevel 1[0m checking '/home/suzumiyaharuhi/rl_deploy_v2/deploy/install/legged_system' for CMake module files
[75.723s] [34mcolcon.colcon_core.environment[0m [1;30mLevel 1[0m checking '/home/suzumiyaharuhi/rl_deploy_v2/deploy/install/legged_system' for CMake config files
[75.723s] [34mcolcon.colcon_core.shell[0m [1;30mLevel 1[0m create_environment_hook('legged_system', 'cmake_prefix_path')
[75.723s] [34mcolcon.colcon_core.shell[0m [1;30mINFO[0m Creating environment hook '/home/suzumiyaharuhi/rl_deploy_v2/deploy/install/legged_system/share/legged_system/hook/cmake_prefix_path.ps1'
[75.724s] [34mcolcon.colcon_core.shell[0m [1;30mINFO[0m Creating environment descriptor '/home/suzumiyaharuhi/rl_deploy_v2/deploy/install/legged_system/share/legged_system/hook/cmake_prefix_path.dsv'
[75.724s] [34mcolcon.colcon_core.shell[0m [1;30mINFO[0m Creating environment hook '/home/suzumiyaharuhi/rl_deploy_v2/deploy/install/legged_system/share/legged_system/hook/cmake_prefix_path.sh'
[75.724s] [34mcolcon.colcon_core.environment[0m [1;30mLevel 1[0m checking '/home/suzumiyaharuhi/rl_deploy_v2/deploy/install/legged_system/lib'
[75.724s] [34mcolcon.colcon_core.shell[0m [1;30mLevel 1[0m create_environment_hook('legged_system', 'ld_library_path_lib')
[75.724s] [34mcolcon.colcon_core.shell[0m [1;30mINFO[0m Creating environment hook '/home/suzumiyaharuhi/rl_deploy_v2/deploy/install/legged_system/share/legged_system/hook/ld_library_path_lib.ps1'
[75.724s] [34mcolcon.colcon_core.shell[0m [1;30mINFO[0m Creating environment descriptor '/home/suzumiyaharuhi/rl_deploy_v2/deploy/install/legged_system/share/legged_system/hook/ld_library_path_lib.dsv'
[75.724s] [34mcolcon.colcon_core.shell[0m [1;30mINFO[0m Creating environment hook '/home/suzumiyaharuhi/rl_deploy_v2/deploy/install/legged_system/share/legged_system/hook/ld_library_path_lib.sh'
[75.725s] [34mcolcon.colcon_core.environment[0m [1;30mLevel 1[0m checking '/home/suzumiyaharuhi/rl_deploy_v2/deploy/install/legged_system/bin'
[75.725s] [34mcolcon.colcon_core.shell[0m [1;30mLevel 1[0m create_environment_hook('legged_system', 'path')
[75.725s] [34mcolcon.colcon_core.shell[0m [1;30mINFO[0m Creating environment hook '/home/suzumiyaharuhi/rl_deploy_v2/deploy/install/legged_system/share/legged_system/hook/path.ps1'
[75.725s] [34mcolcon.colcon_core.shell[0m [1;30mINFO[0m Creating environment descriptor '/home/suzumiyaharuhi/rl_deploy_v2/deploy/install/legged_system/share/legged_system/hook/path.dsv'
[75.725s] [34mcolcon.colcon_core.shell[0m [1;30mINFO[0m Creating environment hook '/home/suzumiyaharuhi/rl_deploy_v2/deploy/install/legged_system/share/legged_system/hook/path.sh'
[75.725s] [34mcolcon.colcon_core.environment[0m [1;30mLevel 1[0m checking '/home/suzumiyaharuhi/rl_deploy_v2/deploy/install/legged_system/lib/pkgconfig/legged_system.pc'
[75.725s] [34mcolcon.colcon_core.environment[0m [1;30mLevel 1[0m checking '/home/suzumiyaharuhi/rl_deploy_v2/deploy/install/legged_system/lib/python3.10/site-packages'
[75.726s] [34mcolcon.colcon_core.environment[0m [1;30mLevel 1[0m checking '/home/suzumiyaharuhi/rl_deploy_v2/deploy/install/legged_system/bin'
[75.726s] [34mcolcon.colcon_core.shell[0m [1;30mLevel 1[0m create_environment_hook('legged_system', 'pythonscriptspath')
[75.726s] [34mcolcon.colcon_core.shell[0m [1;30mINFO[0m Creating environment hook '/home/suzumiyaharuhi/rl_deploy_v2/deploy/install/legged_system/share/legged_system/hook/pythonscriptspath.ps1'
[75.726s] [34mcolcon.colcon_core.shell[0m [1;30mINFO[0m Creating environment descriptor '/home/suzumiyaharuhi/rl_deploy_v2/deploy/install/legged_system/share/legged_system/hook/pythonscriptspath.dsv'
[75.726s] [34mcolcon.colcon_core.shell[0m [1;30mINFO[0m Creating environment hook '/home/suzumiyaharuhi/rl_deploy_v2/deploy/install/legged_system/share/legged_system/hook/pythonscriptspath.sh'
[75.726s] [34mcolcon.colcon_core.shell[0m [1;30mINFO[0m Creating package script '/home/suzumiyaharuhi/rl_deploy_v2/deploy/install/legged_system/share/legged_system/package.ps1'
[75.727s] [34mcolcon.colcon_core.shell[0m [1;30mINFO[0m Creating package descriptor '/home/suzumiyaharuhi/rl_deploy_v2/deploy/install/legged_system/share/legged_system/package.dsv'
[75.727s] [34mcolcon.colcon_core.shell[0m [1;30mINFO[0m Creating package script '/home/suzumiyaharuhi/rl_deploy_v2/deploy/install/legged_system/share/legged_system/package.sh'
[75.727s] [34mcolcon.colcon_core.shell[0m [1;30mINFO[0m Creating package script '/home/suzumiyaharuhi/rl_deploy_v2/deploy/install/legged_system/share/legged_system/package.bash'
[75.728s] [34mcolcon.colcon_core.shell[0m [1;30mINFO[0m Creating package script '/home/suzumiyaharuhi/rl_deploy_v2/deploy/install/legged_system/share/legged_system/package.zsh'
[75.728s] [34mcolcon.colcon_core.environment[0m [1;30mLevel 1[0m create_file_with_runtime_dependencies(/home/suzumiyaharuhi/rl_deploy_v2/deploy/install/legged_system/share/colcon-core/packages/legged_system)
[75.728s] [34mcolcon.colcon_parallel_executor.executor.parallel[0m [1;30mDEBUG[0m [32mclosing loop[0m
[75.729s] [34mcolcon.colcon_parallel_executor.executor.parallel[0m [1;30mDEBUG[0m [32mloop closed[0m
[75.729s] [34mcolcon.colcon_parallel_executor.executor.parallel[0m [1;30mDEBUG[0m [32mrun_until_complete finished with '0'[0m
[75.729s] [34mcolcon.colcon_core.event_reactor[0m [1;30mDEBUG[0m [32mjoining thread[0m
[75.805s] [34mcolcon.colcon_core.plugin_system[0m [1;30mINFO[0m Skipping extension 'colcon_notification.desktop_notification.terminal_notifier': Not used on non-Darwin systems
[75.805s] [34mcolcon.colcon_core.plugin_system[0m [1;30mINFO[0m Skipping extension 'colcon_notification.desktop_notification.win32': Not used on non-Windows systems
[75.806s] [34mcolcon.colcon_notification.desktop_notification[0m [1;30mINFO[0m Sending desktop notification using 'notify2'
[75.811s] [34mcolcon.colcon_core.event_reactor[0m [1;30mDEBUG[0m [32mjoined thread[0m
[75.811s] [34mcolcon.colcon_core.shell[0m [1;30mINFO[0m Creating prefix script '/home/suzumiyaharuhi/rl_deploy_v2/deploy/install/local_setup.ps1'
[75.812s] [34mcolcon.colcon_core.shell[0m [1;30mINFO[0m Creating prefix util module '/home/suzumiyaharuhi/rl_deploy_v2/deploy/install/_local_setup_util_ps1.py'
[75.812s] [34mcolcon.colcon_core.shell[0m [1;30mINFO[0m Creating prefix chain script '/home/suzumiyaharuhi/rl_deploy_v2/deploy/install/setup.ps1'
[75.813s] [34mcolcon.colcon_core.shell[0m [1;30mINFO[0m Creating prefix script '/home/suzumiyaharuhi/rl_deploy_v2/deploy/install/local_setup.sh'
[75.813s] [34mcolcon.colcon_core.shell[0m [1;30mINFO[0m Creating prefix util module '/home/suzumiyaharuhi/rl_deploy_v2/deploy/install/_local_setup_util_sh.py'
[75.814s] [34mcolcon.colcon_core.shell[0m [1;30mINFO[0m Creating prefix chain script '/home/suzumiyaharuhi/rl_deploy_v2/deploy/install/setup.sh'
[75.814s] [34mcolcon.colcon_core.shell[0m [1;30mINFO[0m Creating prefix script '/home/suzumiyaharuhi/rl_deploy_v2/deploy/install/local_setup.bash'
[75.815s] [34mcolcon.colcon_core.shell[0m [1;30mINFO[0m Creating prefix chain script '/home/suzumiyaharuhi/rl_deploy_v2/deploy/install/setup.bash'
[75.815s] [34mcolcon.colcon_core.shell[0m [1;30mINFO[0m Creating prefix script '/home/suzumiyaharuhi/rl_deploy_v2/deploy/install/local_setup.zsh'
[75.816s] [34mcolcon.colcon_core.shell[0m [1;30mINFO[0m Creating prefix chain script '/home/suzumiyaharuhi/rl_deploy_v2/deploy/install/setup.zsh'
