[0.009s] Invoking command in '/home/suzumiyaharuhi/rl_deploy_v2/deploy/build/joint_msgs': CMAKE_PREFIX_PATH=${CMAKE_PREFIX_PATH}:/opt/ros/humble /home/suzumiyaharuhi/.local/bin/cmake /home/suzumiyaharuhi/rl_deploy_v2/deploy/joint_msgs -DCMAKE_INSTALL_PREFIX=/home/suzumiyaharuhi/rl_deploy_v2/deploy/install/joint_msgs
[0.064s] -- The C compiler identification is GNU 11.4.0
[0.102s] -- The CXX compiler identification is GNU 11.4.0
[0.112s] -- Detecting C compiler ABI info
[0.155s] -- Detecting C compiler ABI info - done
[0.161s] -- Check for working C compiler: /usr/bin/cc - skipped
[0.161s] -- Detecting C compile features
[0.161s] -- Detecting C compile features - done
[0.163s] -- Detecting CXX compiler ABI info
[0.211s] -- Detecting CXX compiler ABI info - done
[0.220s] -- Check for working CXX compiler: /usr/bin/c++ - skipped
[0.220s] -- Detecting CXX compile features
[0.220s] -- Detecting CXX compile features - done
[0.223s] -- Found ament_cmake: 1.3.12 (/opt/ros/humble/share/ament_cmake/cmake)
[0.461s] -- Found Python3: /usr/bin/python3 (found version "3.10.12") found components: Interpreter 
[0.513s] -- Found std_msgs: 4.9.0 (/opt/ros/humble/share/std_msgs/cmake)
[0.534s] -- Found rosidl_generator_c: 3.1.8 (/opt/ros/humble/share/rosidl_generator_c/cmake)
[0.536s] -- Found rosidl_adapter: 3.1.8 (/opt/ros/humble/share/rosidl_adapter/cmake)
[0.541s] -- Found rosidl_generator_cpp: 3.1.8 (/opt/ros/humble/share/rosidl_generator_cpp/cmake)
[0.549s] -- Using all available rosidl_typesupport_c: rosidl_typesupport_fastrtps_c;rosidl_typesupport_introspection_c
[0.563s] -- Using all available rosidl_typesupport_cpp: rosidl_typesupport_fastrtps_cpp;rosidl_typesupport_introspection_cpp
[0.577s] -- Found rosidl_default_generators: 1.2.0 (/opt/ros/humble/share/rosidl_default_generators/cmake)
[0.762s] -- Found ament_cmake_ros: 0.10.0 (/opt/ros/humble/share/ament_cmake_ros/cmake)
[0.765s] [33mCMake Warning (dev) at /opt/ros/humble/share/ament_cmake_ros/cmake/build_shared_libs.cmake:15 (option):
[0.765s]   Policy CMP0077 is not set: option() honors normal variables.  Run "cmake
[0.765s]   --help-policy CMP0077" for policy details.  Use the cmake_policy command to
[0.766s]   set the policy and suppress this warning.
[0.766s] 
[0.766s]   For compatibility with older versions of CMake, option is clearing the
[0.766s]   normal variable 'BUILD_SHARED_LIBS'.
[0.766s] Call Stack (most recent call first):
[0.766s]   /opt/ros/humble/share/ament_cmake_ros/cmake/ament_cmake_ros-extras.cmake:24 (include)
[0.766s]   /opt/ros/humble/share/ament_cmake_ros/cmake/ament_cmake_rosConfig.cmake:41 (include)
[0.766s]   /opt/ros/humble/share/rosidl_typesupport_fastrtps_c/cmake/rosidl_typesupport_fastrtps_c_generate_interfaces.cmake:21 (find_package)
[0.766s]   /opt/ros/humble/share/ament_cmake_core/cmake/core/ament_execute_extensions.cmake:48 (include)
[0.766s]   /opt/ros/humble/share/rosidl_cmake/cmake/rosidl_generate_interfaces.cmake:286 (ament_execute_extensions)
[0.766s]   CMakeLists.txt:19 (rosidl_generate_interfaces)
[0.766s] This warning is for project developers.  Use -Wno-dev to suppress it.
[0.766s] [0m
[0.945s] -- Using all available rosidl_typesupport_c: rosidl_typesupport_fastrtps_c;rosidl_typesupport_introspection_c
[1.010s] -- Using all available rosidl_typesupport_cpp: rosidl_typesupport_fastrtps_cpp;rosidl_typesupport_introspection_cpp
[1.034s] -- Found PythonInterp: /usr/bin/python3 (found suitable version "3.10.12", minimum required is "3.6") 
[1.035s] -- Found python_cmake_module: 0.10.0 (/opt/ros/humble/share/python_cmake_module/cmake)
[1.063s] -- Found PythonLibs: /usr/lib/x86_64-linux-gnu/libpython3.10.so (found suitable version "3.10.12", minimum required is "3.5") 
[1.063s] -- Using PYTHON_EXECUTABLE: /usr/bin/python3
[1.063s] -- Using PYTHON_INCLUDE_DIRS: /usr/include/python3.10
[1.063s] -- Using PYTHON_LIBRARIES: /usr/lib/x86_64-linux-gnu/libpython3.10.so
[1.083s] -- Found PythonExtra: .so  
[1.121s] -- Configuring done
[1.144s] -- Generating done
[1.151s] -- Build files have been written to: /home/suzumiyaharuhi/rl_deploy_v2/deploy/build/joint_msgs
[1.159s] Invoked command in '/home/suzumiyaharuhi/rl_deploy_v2/deploy/build/joint_msgs' returned '0': CMAKE_PREFIX_PATH=${CMAKE_PREFIX_PATH}:/opt/ros/humble /home/suzumiyaharuhi/.local/bin/cmake /home/suzumiyaharuhi/rl_deploy_v2/deploy/joint_msgs -DCMAKE_INSTALL_PREFIX=/home/suzumiyaharuhi/rl_deploy_v2/deploy/install/joint_msgs
[1.160s] Invoking command in '/home/suzumiyaharuhi/rl_deploy_v2/deploy/build/joint_msgs': CMAKE_PREFIX_PATH=${CMAKE_PREFIX_PATH}:/opt/ros/humble /home/suzumiyaharuhi/.local/bin/cmake --build /home/suzumiyaharuhi/rl_deploy_v2/deploy/build/joint_msgs -- -j32 -l32
[1.200s] [  1%] [34m[1mGenerating C code for ROS interfaces[0m
[1.203s] [  2%] [34m[1mGenerating C++ code for ROS interfaces[0m
[1.205s] [  2%] Built target ament_cmake_python_copy_joint_msgs
[1.375s] running egg_info
[1.383s] creating joint_msgs.egg-info
[1.383s] writing joint_msgs.egg-info/PKG-INFO
[1.383s] writing dependency_links to joint_msgs.egg-info/dependency_links.txt
[1.383s] writing top-level names to joint_msgs.egg-info/top_level.txt
[1.384s] writing manifest file 'joint_msgs.egg-info/SOURCES.txt'
[1.410s] reading manifest file 'joint_msgs.egg-info/SOURCES.txt'
[1.410s] writing manifest file 'joint_msgs.egg-info/SOURCES.txt'
[1.428s] [  2%] Built target ament_cmake_python_build_joint_msgs_egg
[1.457s] [  4%] [32mBuilding C object CMakeFiles/joint_msgs__rosidl_generator_c.dir/rosidl_generator_c/joint_msgs/msg/detail/command__functions.c.o[0m
[1.457s] [  5%] [32mBuilding C object CMakeFiles/joint_msgs__rosidl_generator_c.dir/rosidl_generator_c/joint_msgs/msg/detail/joint_command__functions.c.o[0m
[1.457s] [  7%] [32mBuilding C object CMakeFiles/joint_msgs__rosidl_generator_c.dir/rosidl_generator_c/joint_msgs/msg/detail/joint_state__functions.c.o[0m
[1.457s] [  8%] [32mBuilding C object CMakeFiles/joint_msgs__rosidl_generator_c.dir/rosidl_generator_c/joint_msgs/msg/detail/state__functions.c.o[0m
[1.457s] [  9%] [32mBuilding C object CMakeFiles/joint_msgs__rosidl_generator_c.dir/rosidl_generator_c/joint_msgs/msg/detail/foot_sensor__functions.c.o[0m
[1.457s] [ 11%] [32mBuilding C object CMakeFiles/joint_msgs__rosidl_generator_c.dir/rosidl_generator_c/joint_msgs/msg/detail/foot_sensor_state__functions.c.o[0m
[1.464s] [ 11%] Built target joint_msgs__cpp
[1.468s] [ 12%] [34m[1mGenerating C++ type support dispatch for ROS interfaces[0m
[1.468s] [ 14%] [34m[1mGenerating C++ introspection for ROS interfaces[0m
[1.468s] [ 15%] [34m[1mGenerating C++ type support for eProsima Fast-RTPS[0m
[1.493s] [ 16%] [32m[1mLinking C shared library libjoint_msgs__rosidl_generator_c.so[0m
[1.513s] [ 16%] Built target joint_msgs__rosidl_generator_c
[1.517s] [ 18%] [34m[1mGenerating C type support for eProsima Fast-RTPS[0m
[1.517s] [ 19%] [34m[1mGenerating C introspection for ROS interfaces[0m
[1.517s] [ 21%] [34m[1mGenerating C type support dispatch for ROS interfaces[0m
[1.668s] [ 22%] [32mBuilding CXX object CMakeFiles/joint_msgs__rosidl_typesupport_cpp.dir/rosidl_typesupport_cpp/joint_msgs/msg/command__type_support.cpp.o[0m
[1.668s] [ 25%] [32mBuilding CXX object CMakeFiles/joint_msgs__rosidl_typesupport_cpp.dir/rosidl_typesupport_cpp/joint_msgs/msg/joint_state__type_support.cpp.o[0m
[1.668s] [ 25%] [32mBuilding CXX object CMakeFiles/joint_msgs__rosidl_typesupport_cpp.dir/rosidl_typesupport_cpp/joint_msgs/msg/joint_command__type_support.cpp.o[0m
[1.669s] [ 26%] [32mBuilding CXX object CMakeFiles/joint_msgs__rosidl_typesupport_cpp.dir/rosidl_typesupport_cpp/joint_msgs/msg/state__type_support.cpp.o[0m
[1.669s] [ 28%] [32mBuilding CXX object CMakeFiles/joint_msgs__rosidl_typesupport_cpp.dir/rosidl_typesupport_cpp/joint_msgs/msg/foot_sensor__type_support.cpp.o[0m
[1.669s] [ 29%] [32mBuilding CXX object CMakeFiles/joint_msgs__rosidl_typesupport_cpp.dir/rosidl_typesupport_cpp/joint_msgs/msg/foot_sensor_state__type_support.cpp.o[0m
[1.685s] [ 30%] [32mBuilding CXX object CMakeFiles/joint_msgs__rosidl_typesupport_c.dir/rosidl_typesupport_c/joint_msgs/msg/command__type_support.cpp.o[0m
[1.685s] [ 32%] [32mBuilding CXX object CMakeFiles/joint_msgs__rosidl_typesupport_c.dir/rosidl_typesupport_c/joint_msgs/msg/joint_command__type_support.cpp.o[0m
[1.686s] [ 33%] [32mBuilding CXX object CMakeFiles/joint_msgs__rosidl_typesupport_c.dir/rosidl_typesupport_c/joint_msgs/msg/joint_state__type_support.cpp.o[0m
[1.686s] [ 35%] [32mBuilding CXX object CMakeFiles/joint_msgs__rosidl_typesupport_c.dir/rosidl_typesupport_c/joint_msgs/msg/state__type_support.cpp.o[0m
[1.686s] [ 36%] [32mBuilding CXX object CMakeFiles/joint_msgs__rosidl_typesupport_c.dir/rosidl_typesupport_c/joint_msgs/msg/foot_sensor__type_support.cpp.o[0m
[1.686s] [ 38%] [32mBuilding CXX object CMakeFiles/joint_msgs__rosidl_typesupport_c.dir/rosidl_typesupport_c/joint_msgs/msg/foot_sensor_state__type_support.cpp.o[0m
[1.707s] [ 39%] [32m[1mLinking CXX shared library libjoint_msgs__rosidl_typesupport_c.so[0m
[1.723s] [ 40%] [32mBuilding C object CMakeFiles/joint_msgs__rosidl_typesupport_introspection_c.dir/rosidl_typesupport_introspection_c/joint_msgs/msg/detail/joint_state__type_support.c.o[0m
[1.723s] [ 43%] [32mBuilding C object CMakeFiles/joint_msgs__rosidl_typesupport_introspection_c.dir/rosidl_typesupport_introspection_c/joint_msgs/msg/detail/command__type_support.c.o[0m
[1.723s] [ 43%] [32mBuilding C object CMakeFiles/joint_msgs__rosidl_typesupport_introspection_c.dir/rosidl_typesupport_introspection_c/joint_msgs/msg/detail/joint_command__type_support.c.o[0m
[1.723s] [ 45%] [32mBuilding C object CMakeFiles/joint_msgs__rosidl_typesupport_introspection_c.dir/rosidl_typesupport_introspection_c/joint_msgs/msg/detail/state__type_support.c.o[0m
[1.724s] [ 46%] [32mBuilding C object CMakeFiles/joint_msgs__rosidl_typesupport_introspection_c.dir/rosidl_typesupport_introspection_c/joint_msgs/msg/detail/foot_sensor__type_support.c.o[0m
[1.724s] [ 47%] [32mBuilding C object CMakeFiles/joint_msgs__rosidl_typesupport_introspection_c.dir/rosidl_typesupport_introspection_c/joint_msgs/msg/detail/foot_sensor_state__type_support.c.o[0m
[1.729s] [ 47%] Built target joint_msgs__rosidl_typesupport_c
[1.748s] [ 50%] [32mBuilding CXX object CMakeFiles/joint_msgs__rosidl_typesupport_fastrtps_c.dir/rosidl_typesupport_fastrtps_c/joint_msgs/msg/detail/joint_state__type_support_c.cpp.o[0m
[1.748s] [ 50%] [32mBuilding CXX object CMakeFiles/joint_msgs__rosidl_typesupport_fastrtps_c.dir/rosidl_typesupport_fastrtps_c/joint_msgs/msg/detail/state__type_support_c.cpp.o[0m
[1.749s] [ 53%] [32mBuilding CXX object CMakeFiles/joint_msgs__rosidl_typesupport_fastrtps_c.dir/rosidl_typesupport_fastrtps_c/joint_msgs/msg/detail/command__type_support_c.cpp.o[0m
[1.749s] [ 53%] [32mBuilding CXX object CMakeFiles/joint_msgs__rosidl_typesupport_fastrtps_c.dir/rosidl_typesupport_fastrtps_c/joint_msgs/msg/detail/joint_command__type_support_c.cpp.o[0m
[1.749s] [ 54%] [32mBuilding CXX object CMakeFiles/joint_msgs__rosidl_typesupport_fastrtps_c.dir/rosidl_typesupport_fastrtps_c/joint_msgs/msg/detail/foot_sensor__type_support_c.cpp.o[0m
[1.749s] [ 56%] [32mBuilding CXX object CMakeFiles/joint_msgs__rosidl_typesupport_fastrtps_c.dir/rosidl_typesupport_fastrtps_c/joint_msgs/msg/detail/foot_sensor_state__type_support_c.cpp.o[0m
[1.753s] [ 57%] [32m[1mLinking C shared library libjoint_msgs__rosidl_typesupport_introspection_c.so[0m
[1.773s] [ 57%] Built target joint_msgs__rosidl_typesupport_introspection_c
[1.782s] [ 60%] [32mBuilding CXX object CMakeFiles/joint_msgs__rosidl_typesupport_introspection_cpp.dir/rosidl_typesupport_introspection_cpp/joint_msgs/msg/detail/joint_command__type_support.cpp.o[0m
[1.783s] [ 60%] [32mBuilding CXX object CMakeFiles/joint_msgs__rosidl_typesupport_introspection_cpp.dir/rosidl_typesupport_introspection_cpp/joint_msgs/msg/detail/state__type_support.cpp.o[0m
[1.783s] [ 61%] [32mBuilding CXX object CMakeFiles/joint_msgs__rosidl_typesupport_introspection_cpp.dir/rosidl_typesupport_introspection_cpp/joint_msgs/msg/detail/command__type_support.cpp.o[0m
[1.783s] [ 63%] [32mBuilding CXX object CMakeFiles/joint_msgs__rosidl_typesupport_introspection_cpp.dir/rosidl_typesupport_introspection_cpp/joint_msgs/msg/detail/joint_state__type_support.cpp.o[0m
[1.783s] [ 64%] [32mBuilding CXX object CMakeFiles/joint_msgs__rosidl_typesupport_introspection_cpp.dir/rosidl_typesupport_introspection_cpp/joint_msgs/msg/detail/foot_sensor__type_support.cpp.o[0m
[1.783s] [ 66%] [32mBuilding CXX object CMakeFiles/joint_msgs__rosidl_typesupport_introspection_cpp.dir/rosidl_typesupport_introspection_cpp/joint_msgs/msg/detail/foot_sensor_state__type_support.cpp.o[0m
[1.885s] [ 69%] [32mBuilding CXX object CMakeFiles/joint_msgs__rosidl_typesupport_fastrtps_cpp.dir/rosidl_typesupport_fastrtps_cpp/joint_msgs/msg/detail/dds_fastrtps/command__type_support.cpp.o[0m
[1.885s] [ 69%] [32mBuilding CXX object CMakeFiles/joint_msgs__rosidl_typesupport_fastrtps_cpp.dir/rosidl_typesupport_fastrtps_cpp/joint_msgs/msg/detail/dds_fastrtps/joint_command__type_support.cpp.o[0m
[1.885s] [ 70%] [32mBuilding CXX object CMakeFiles/joint_msgs__rosidl_typesupport_fastrtps_cpp.dir/rosidl_typesupport_fastrtps_cpp/joint_msgs/msg/detail/dds_fastrtps/joint_state__type_support.cpp.o[0m
[1.886s] [ 71%] [32mBuilding CXX object CMakeFiles/joint_msgs__rosidl_typesupport_fastrtps_cpp.dir/rosidl_typesupport_fastrtps_cpp/joint_msgs/msg/detail/dds_fastrtps/state__type_support.cpp.o[0m
[1.886s] [ 73%] [32mBuilding CXX object CMakeFiles/joint_msgs__rosidl_typesupport_fastrtps_cpp.dir/rosidl_typesupport_fastrtps_cpp/joint_msgs/msg/detail/dds_fastrtps/foot_sensor__type_support.cpp.o[0m
[1.886s] [ 74%] [32mBuilding CXX object CMakeFiles/joint_msgs__rosidl_typesupport_fastrtps_cpp.dir/rosidl_typesupport_fastrtps_cpp/joint_msgs/msg/detail/dds_fastrtps/foot_sensor_state__type_support.cpp.o[0m
[1.936s] [ 76%] [32m[1mLinking CXX shared library libjoint_msgs__rosidl_typesupport_cpp.so[0m
[1.958s] [ 76%] Built target joint_msgs__rosidl_typesupport_cpp
[2.089s] [ 77%] [32m[1mLinking CXX shared library libjoint_msgs__rosidl_typesupport_fastrtps_c.so[0m
[2.135s] [ 77%] Built target joint_msgs__rosidl_typesupport_fastrtps_c
[2.163s] [ 78%] [32m[1mLinking CXX shared library libjoint_msgs__rosidl_typesupport_introspection_cpp.so[0m
[2.219s] [ 78%] Built target joint_msgs__rosidl_typesupport_introspection_cpp
[2.271s] [ 80%] [32m[1mLinking CXX shared library libjoint_msgs__rosidl_typesupport_fastrtps_cpp.so[0m
[2.314s] [ 80%] Built target joint_msgs__rosidl_typesupport_fastrtps_cpp
[2.321s] [ 80%] Built target joint_msgs
[2.328s] [ 81%] [34m[1mGenerating Python code for ROS interfaces[0m
[2.658s] [ 81%] Built target joint_msgs__py
[2.665s] [ 83%] [32mBuilding C object CMakeFiles/joint_msgs__rosidl_generator_py.dir/rosidl_generator_py/joint_msgs/msg/_command_s.c.o[0m
[2.665s] [ 84%] [32mBuilding C object CMakeFiles/joint_msgs__rosidl_generator_py.dir/rosidl_generator_py/joint_msgs/msg/_joint_command_s.c.o[0m
[2.665s] [ 85%] [32mBuilding C object CMakeFiles/joint_msgs__rosidl_generator_py.dir/rosidl_generator_py/joint_msgs/msg/_joint_state_s.c.o[0m
[2.665s] [ 87%] [32mBuilding C object CMakeFiles/joint_msgs__rosidl_generator_py.dir/rosidl_generator_py/joint_msgs/msg/_state_s.c.o[0m
[2.665s] [ 88%] [32mBuilding C object CMakeFiles/joint_msgs__rosidl_generator_py.dir/rosidl_generator_py/joint_msgs/msg/_foot_sensor_s.c.o[0m
[2.666s] [ 90%] [32mBuilding C object CMakeFiles/joint_msgs__rosidl_generator_py.dir/rosidl_generator_py/joint_msgs/msg/_foot_sensor_state_s.c.o[0m
[2.745s] [ 91%] [32m[1mLinking C shared library rosidl_generator_py/joint_msgs/libjoint_msgs__rosidl_generator_py.so[0m
[2.763s] [ 91%] Built target joint_msgs__rosidl_generator_py
[2.770s] [ 92%] [32mBuilding C object CMakeFiles/joint_msgs__rosidl_typesupport_fastrtps_c__pyext.dir/rosidl_generator_py/joint_msgs/_joint_msgs_s.ep.rosidl_typesupport_fastrtps_c.c.o[0m
[2.770s] [ 94%] [32mBuilding C object CMakeFiles/joint_msgs__rosidl_typesupport_introspection_c__pyext.dir/rosidl_generator_py/joint_msgs/_joint_msgs_s.ep.rosidl_typesupport_introspection_c.c.o[0m
[2.770s] [ 95%] [32mBuilding C object CMakeFiles/joint_msgs__rosidl_typesupport_c__pyext.dir/rosidl_generator_py/joint_msgs/_joint_msgs_s.ep.rosidl_typesupport_c.c.o[0m
[2.825s] [ 97%] [32m[1mLinking C shared library rosidl_generator_py/joint_msgs/joint_msgs_s__rosidl_typesupport_c.cpython-310-x86_64-linux-gnu.so[0m
[2.826s] [ 98%] [32m[1mLinking C shared library rosidl_generator_py/joint_msgs/joint_msgs_s__rosidl_typesupport_introspection_c.cpython-310-x86_64-linux-gnu.so[0m
[2.833s] [100%] [32m[1mLinking C shared library rosidl_generator_py/joint_msgs/joint_msgs_s__rosidl_typesupport_fastrtps_c.cpython-310-x86_64-linux-gnu.so[0m
[2.848s] [100%] Built target joint_msgs__rosidl_typesupport_c__pyext
[2.848s] [100%] Built target joint_msgs__rosidl_typesupport_introspection_c__pyext
[2.856s] [100%] Built target joint_msgs__rosidl_typesupport_fastrtps_c__pyext
[2.865s] Invoked command in '/home/suzumiyaharuhi/rl_deploy_v2/deploy/build/joint_msgs' returned '0': CMAKE_PREFIX_PATH=${CMAKE_PREFIX_PATH}:/opt/ros/humble /home/suzumiyaharuhi/.local/bin/cmake --build /home/suzumiyaharuhi/rl_deploy_v2/deploy/build/joint_msgs -- -j32 -l32
[2.867s] Invoking command in '/home/suzumiyaharuhi/rl_deploy_v2/deploy/build/joint_msgs': CMAKE_PREFIX_PATH=${CMAKE_PREFIX_PATH}:/opt/ros/humble /home/suzumiyaharuhi/.local/bin/cmake --install /home/suzumiyaharuhi/rl_deploy_v2/deploy/build/joint_msgs
[2.887s] -- Install configuration: ""
[2.887s] -- Installing: /home/suzumiyaharuhi/rl_deploy_v2/deploy/install/joint_msgs/share/ament_index/resource_index/rosidl_interfaces/joint_msgs
[2.888s] -- Installing: /home/suzumiyaharuhi/rl_deploy_v2/deploy/install/joint_msgs/include/joint_msgs/joint_msgs
[2.888s] -- Installing: /home/suzumiyaharuhi/rl_deploy_v2/deploy/install/joint_msgs/include/joint_msgs/joint_msgs/msg
[2.888s] -- Installing: /home/suzumiyaharuhi/rl_deploy_v2/deploy/install/joint_msgs/include/joint_msgs/joint_msgs/msg/joint_state.h
[2.888s] -- Installing: /home/suzumiyaharuhi/rl_deploy_v2/deploy/install/joint_msgs/include/joint_msgs/joint_msgs/msg/rosidl_generator_c__visibility_control.h
[2.888s] -- Installing: /home/suzumiyaharuhi/rl_deploy_v2/deploy/install/joint_msgs/include/joint_msgs/joint_msgs/msg/foot_sensor_state.h
[2.888s] -- Installing: /home/suzumiyaharuhi/rl_deploy_v2/deploy/install/joint_msgs/include/joint_msgs/joint_msgs/msg/foot_sensor.h
[2.888s] -- Installing: /home/suzumiyaharuhi/rl_deploy_v2/deploy/install/joint_msgs/include/joint_msgs/joint_msgs/msg/joint_command.h
[2.888s] -- Installing: /home/suzumiyaharuhi/rl_deploy_v2/deploy/install/joint_msgs/include/joint_msgs/joint_msgs/msg/detail
[2.888s] -- Installing: /home/suzumiyaharuhi/rl_deploy_v2/deploy/install/joint_msgs/include/joint_msgs/joint_msgs/msg/detail/command__type_support.h
[2.888s] -- Installing: /home/suzumiyaharuhi/rl_deploy_v2/deploy/install/joint_msgs/include/joint_msgs/joint_msgs/msg/detail/foot_sensor__struct.h
[2.888s] -- Installing: /home/suzumiyaharuhi/rl_deploy_v2/deploy/install/joint_msgs/include/joint_msgs/joint_msgs/msg/detail/joint_command__functions.c
[2.888s] -- Installing: /home/suzumiyaharuhi/rl_deploy_v2/deploy/install/joint_msgs/include/joint_msgs/joint_msgs/msg/detail/command__functions.c
[2.888s] -- Installing: /home/suzumiyaharuhi/rl_deploy_v2/deploy/install/joint_msgs/include/joint_msgs/joint_msgs/msg/detail/joint_state__functions.h
[2.889s] -- Installing: /home/suzumiyaharuhi/rl_deploy_v2/deploy/install/joint_msgs/include/joint_msgs/joint_msgs/msg/detail/foot_sensor__functions.h
[2.889s] -- Installing: /home/suzumiyaharuhi/rl_deploy_v2/deploy/install/joint_msgs/include/joint_msgs/joint_msgs/msg/detail/foot_sensor__type_support.h
[2.889s] -- Installing: /home/suzumiyaharuhi/rl_deploy_v2/deploy/install/joint_msgs/include/joint_msgs/joint_msgs/msg/detail/joint_state__functions.c
[2.889s] -- Installing: /home/suzumiyaharuhi/rl_deploy_v2/deploy/install/joint_msgs/include/joint_msgs/joint_msgs/msg/detail/state__functions.c
[2.889s] -- Installing: /home/suzumiyaharuhi/rl_deploy_v2/deploy/install/joint_msgs/include/joint_msgs/joint_msgs/msg/detail/command__struct.h
[2.889s] -- Installing: /home/suzumiyaharuhi/rl_deploy_v2/deploy/install/joint_msgs/include/joint_msgs/joint_msgs/msg/detail/command__functions.h
[2.889s] -- Installing: /home/suzumiyaharuhi/rl_deploy_v2/deploy/install/joint_msgs/include/joint_msgs/joint_msgs/msg/detail/joint_command__functions.h
[2.889s] -- Installing: /home/suzumiyaharuhi/rl_deploy_v2/deploy/install/joint_msgs/include/joint_msgs/joint_msgs/msg/detail/foot_sensor__functions.c
[2.889s] -- Installing: /home/suzumiyaharuhi/rl_deploy_v2/deploy/install/joint_msgs/include/joint_msgs/joint_msgs/msg/detail/joint_state__struct.h
[2.889s] -- Installing: /home/suzumiyaharuhi/rl_deploy_v2/deploy/install/joint_msgs/include/joint_msgs/joint_msgs/msg/detail/joint_command__type_support.h
[2.889s] -- Installing: /home/suzumiyaharuhi/rl_deploy_v2/deploy/install/joint_msgs/include/joint_msgs/joint_msgs/msg/detail/foot_sensor_state__functions.h
[2.890s] -- Installing: /home/suzumiyaharuhi/rl_deploy_v2/deploy/install/joint_msgs/include/joint_msgs/joint_msgs/msg/detail/joint_state__type_support.h
[2.890s] -- Installing: /home/suzumiyaharuhi/rl_deploy_v2/deploy/install/joint_msgs/include/joint_msgs/joint_msgs/msg/detail/foot_sensor_state__type_support.h
[2.890s] -- Installing: /home/suzumiyaharuhi/rl_deploy_v2/deploy/install/joint_msgs/include/joint_msgs/joint_msgs/msg/detail/foot_sensor_state__struct.h
[2.890s] -- Installing: /home/suzumiyaharuhi/rl_deploy_v2/deploy/install/joint_msgs/include/joint_msgs/joint_msgs/msg/detail/foot_sensor_state__functions.c
[2.890s] -- Installing: /home/suzumiyaharuhi/rl_deploy_v2/deploy/install/joint_msgs/include/joint_msgs/joint_msgs/msg/detail/state__struct.h
[2.890s] -- Installing: /home/suzumiyaharuhi/rl_deploy_v2/deploy/install/joint_msgs/include/joint_msgs/joint_msgs/msg/detail/joint_command__struct.h
[2.890s] -- Installing: /home/suzumiyaharuhi/rl_deploy_v2/deploy/install/joint_msgs/include/joint_msgs/joint_msgs/msg/detail/state__functions.h
[2.890s] -- Installing: /home/suzumiyaharuhi/rl_deploy_v2/deploy/install/joint_msgs/include/joint_msgs/joint_msgs/msg/detail/state__type_support.h
[2.890s] -- Installing: /home/suzumiyaharuhi/rl_deploy_v2/deploy/install/joint_msgs/include/joint_msgs/joint_msgs/msg/state.h
[2.890s] -- Installing: /home/suzumiyaharuhi/rl_deploy_v2/deploy/install/joint_msgs/include/joint_msgs/joint_msgs/msg/command.h
[2.890s] -- Installing: /home/suzumiyaharuhi/rl_deploy_v2/deploy/install/joint_msgs/share/joint_msgs/environment/library_path.sh
[2.891s] -- Installing: /home/suzumiyaharuhi/rl_deploy_v2/deploy/install/joint_msgs/share/joint_msgs/environment/library_path.dsv
[2.891s] -- Installing: /home/suzumiyaharuhi/rl_deploy_v2/deploy/install/joint_msgs/lib/libjoint_msgs__rosidl_generator_c.so
[2.891s] -- Set runtime path of "/home/suzumiyaharuhi/rl_deploy_v2/deploy/install/joint_msgs/lib/libjoint_msgs__rosidl_generator_c.so" to ""
[2.891s] -- Up-to-date: /home/suzumiyaharuhi/rl_deploy_v2/deploy/install/joint_msgs/include/joint_msgs/joint_msgs
[2.891s] -- Up-to-date: /home/suzumiyaharuhi/rl_deploy_v2/deploy/install/joint_msgs/include/joint_msgs/joint_msgs/msg
[2.891s] -- Up-to-date: /home/suzumiyaharuhi/rl_deploy_v2/deploy/install/joint_msgs/include/joint_msgs/joint_msgs/msg/detail
[2.891s] -- Installing: /home/suzumiyaharuhi/rl_deploy_v2/deploy/install/joint_msgs/include/joint_msgs/joint_msgs/msg/detail/foot_sensor_state__rosidl_typesupport_fastrtps_c.h
[2.891s] -- Installing: /home/suzumiyaharuhi/rl_deploy_v2/deploy/install/joint_msgs/include/joint_msgs/joint_msgs/msg/detail/command__rosidl_typesupport_fastrtps_c.h
[2.891s] -- Installing: /home/suzumiyaharuhi/rl_deploy_v2/deploy/install/joint_msgs/include/joint_msgs/joint_msgs/msg/detail/state__rosidl_typesupport_fastrtps_c.h
[2.891s] -- Installing: /home/suzumiyaharuhi/rl_deploy_v2/deploy/install/joint_msgs/include/joint_msgs/joint_msgs/msg/detail/joint_command__rosidl_typesupport_fastrtps_c.h
[2.892s] -- Installing: /home/suzumiyaharuhi/rl_deploy_v2/deploy/install/joint_msgs/include/joint_msgs/joint_msgs/msg/detail/joint_state__rosidl_typesupport_fastrtps_c.h
[2.892s] -- Installing: /home/suzumiyaharuhi/rl_deploy_v2/deploy/install/joint_msgs/include/joint_msgs/joint_msgs/msg/detail/foot_sensor__rosidl_typesupport_fastrtps_c.h
[2.892s] -- Installing: /home/suzumiyaharuhi/rl_deploy_v2/deploy/install/joint_msgs/include/joint_msgs/joint_msgs/msg/rosidl_typesupport_fastrtps_c__visibility_control.h
[2.892s] -- Installing: /home/suzumiyaharuhi/rl_deploy_v2/deploy/install/joint_msgs/lib/libjoint_msgs__rosidl_typesupport_fastrtps_c.so
[2.892s] -- Set runtime path of "/home/suzumiyaharuhi/rl_deploy_v2/deploy/install/joint_msgs/lib/libjoint_msgs__rosidl_typesupport_fastrtps_c.so" to ""
[2.892s] -- Up-to-date: /home/suzumiyaharuhi/rl_deploy_v2/deploy/install/joint_msgs/include/joint_msgs/joint_msgs
[2.892s] -- Up-to-date: /home/suzumiyaharuhi/rl_deploy_v2/deploy/install/joint_msgs/include/joint_msgs/joint_msgs/msg
[2.892s] -- Installing: /home/suzumiyaharuhi/rl_deploy_v2/deploy/install/joint_msgs/include/joint_msgs/joint_msgs/msg/joint_state.hpp
[2.892s] -- Installing: /home/suzumiyaharuhi/rl_deploy_v2/deploy/install/joint_msgs/include/joint_msgs/joint_msgs/msg/state.hpp
[2.892s] -- Installing: /home/suzumiyaharuhi/rl_deploy_v2/deploy/install/joint_msgs/include/joint_msgs/joint_msgs/msg/foot_sensor_state.hpp
[2.892s] -- Installing: /home/suzumiyaharuhi/rl_deploy_v2/deploy/install/joint_msgs/include/joint_msgs/joint_msgs/msg/rosidl_generator_cpp__visibility_control.hpp
[2.893s] -- Installing: /home/suzumiyaharuhi/rl_deploy_v2/deploy/install/joint_msgs/include/joint_msgs/joint_msgs/msg/command.hpp
[2.893s] -- Installing: /home/suzumiyaharuhi/rl_deploy_v2/deploy/install/joint_msgs/include/joint_msgs/joint_msgs/msg/foot_sensor.hpp
[2.893s] -- Installing: /home/suzumiyaharuhi/rl_deploy_v2/deploy/install/joint_msgs/include/joint_msgs/joint_msgs/msg/joint_command.hpp
[2.893s] -- Up-to-date: /home/suzumiyaharuhi/rl_deploy_v2/deploy/install/joint_msgs/include/joint_msgs/joint_msgs/msg/detail
[2.893s] -- Installing: /home/suzumiyaharuhi/rl_deploy_v2/deploy/install/joint_msgs/include/joint_msgs/joint_msgs/msg/detail/foot_sensor_state__type_support.hpp
[2.893s] -- Installing: /home/suzumiyaharuhi/rl_deploy_v2/deploy/install/joint_msgs/include/joint_msgs/joint_msgs/msg/detail/joint_command__traits.hpp
[2.893s] -- Installing: /home/suzumiyaharuhi/rl_deploy_v2/deploy/install/joint_msgs/include/joint_msgs/joint_msgs/msg/detail/foot_sensor_state__struct.hpp
[2.893s] -- Installing: /home/suzumiyaharuhi/rl_deploy_v2/deploy/install/joint_msgs/include/joint_msgs/joint_msgs/msg/detail/state__type_support.hpp
[2.893s] -- Installing: /home/suzumiyaharuhi/rl_deploy_v2/deploy/install/joint_msgs/include/joint_msgs/joint_msgs/msg/detail/foot_sensor_state__traits.hpp
[2.893s] -- Installing: /home/suzumiyaharuhi/rl_deploy_v2/deploy/install/joint_msgs/include/joint_msgs/joint_msgs/msg/detail/joint_command__type_support.hpp
[2.893s] -- Installing: /home/suzumiyaharuhi/rl_deploy_v2/deploy/install/joint_msgs/include/joint_msgs/joint_msgs/msg/detail/foot_sensor__struct.hpp
[2.893s] -- Installing: /home/suzumiyaharuhi/rl_deploy_v2/deploy/install/joint_msgs/include/joint_msgs/joint_msgs/msg/detail/joint_command__struct.hpp
[2.893s] -- Installing: /home/suzumiyaharuhi/rl_deploy_v2/deploy/install/joint_msgs/include/joint_msgs/joint_msgs/msg/detail/state__traits.hpp
[2.894s] -- Installing: /home/suzumiyaharuhi/rl_deploy_v2/deploy/install/joint_msgs/include/joint_msgs/joint_msgs/msg/detail/state__builder.hpp
[2.894s] -- Installing: /home/suzumiyaharuhi/rl_deploy_v2/deploy/install/joint_msgs/include/joint_msgs/joint_msgs/msg/detail/command__struct.hpp
[2.894s] -- Installing: /home/suzumiyaharuhi/rl_deploy_v2/deploy/install/joint_msgs/include/joint_msgs/joint_msgs/msg/detail/joint_state__struct.hpp
[2.894s] -- Installing: /home/suzumiyaharuhi/rl_deploy_v2/deploy/install/joint_msgs/include/joint_msgs/joint_msgs/msg/detail/foot_sensor_state__builder.hpp
[2.894s] -- Installing: /home/suzumiyaharuhi/rl_deploy_v2/deploy/install/joint_msgs/include/joint_msgs/joint_msgs/msg/detail/command__traits.hpp
[2.894s] -- Installing: /home/suzumiyaharuhi/rl_deploy_v2/deploy/install/joint_msgs/include/joint_msgs/joint_msgs/msg/detail/state__struct.hpp
[2.894s] -- Installing: /home/suzumiyaharuhi/rl_deploy_v2/deploy/install/joint_msgs/include/joint_msgs/joint_msgs/msg/detail/joint_state__builder.hpp
[2.894s] -- Installing: /home/suzumiyaharuhi/rl_deploy_v2/deploy/install/joint_msgs/include/joint_msgs/joint_msgs/msg/detail/joint_state__traits.hpp
[2.894s] -- Installing: /home/suzumiyaharuhi/rl_deploy_v2/deploy/install/joint_msgs/include/joint_msgs/joint_msgs/msg/detail/joint_state__type_support.hpp
[2.894s] -- Installing: /home/suzumiyaharuhi/rl_deploy_v2/deploy/install/joint_msgs/include/joint_msgs/joint_msgs/msg/detail/command__builder.hpp
[2.894s] -- Installing: /home/suzumiyaharuhi/rl_deploy_v2/deploy/install/joint_msgs/include/joint_msgs/joint_msgs/msg/detail/foot_sensor__builder.hpp
[2.894s] -- Installing: /home/suzumiyaharuhi/rl_deploy_v2/deploy/install/joint_msgs/include/joint_msgs/joint_msgs/msg/detail/foot_sensor__type_support.hpp
[2.894s] -- Installing: /home/suzumiyaharuhi/rl_deploy_v2/deploy/install/joint_msgs/include/joint_msgs/joint_msgs/msg/detail/joint_command__builder.hpp
[2.894s] -- Installing: /home/suzumiyaharuhi/rl_deploy_v2/deploy/install/joint_msgs/include/joint_msgs/joint_msgs/msg/detail/foot_sensor__traits.hpp
[2.894s] -- Installing: /home/suzumiyaharuhi/rl_deploy_v2/deploy/install/joint_msgs/include/joint_msgs/joint_msgs/msg/detail/command__type_support.hpp
[2.894s] -- Up-to-date: /home/suzumiyaharuhi/rl_deploy_v2/deploy/install/joint_msgs/include/joint_msgs/joint_msgs
[2.895s] -- Up-to-date: /home/suzumiyaharuhi/rl_deploy_v2/deploy/install/joint_msgs/include/joint_msgs/joint_msgs/msg
[2.895s] -- Installing: /home/suzumiyaharuhi/rl_deploy_v2/deploy/install/joint_msgs/include/joint_msgs/joint_msgs/msg/rosidl_typesupport_fastrtps_cpp__visibility_control.h
[2.895s] -- Up-to-date: /home/suzumiyaharuhi/rl_deploy_v2/deploy/install/joint_msgs/include/joint_msgs/joint_msgs/msg/detail
[2.895s] -- Installing: /home/suzumiyaharuhi/rl_deploy_v2/deploy/install/joint_msgs/include/joint_msgs/joint_msgs/msg/detail/joint_state__rosidl_typesupport_fastrtps_cpp.hpp
[2.895s] -- Installing: /home/suzumiyaharuhi/rl_deploy_v2/deploy/install/joint_msgs/include/joint_msgs/joint_msgs/msg/detail/foot_sensor__rosidl_typesupport_fastrtps_cpp.hpp
[2.895s] -- Installing: /home/suzumiyaharuhi/rl_deploy_v2/deploy/install/joint_msgs/include/joint_msgs/joint_msgs/msg/detail/state__rosidl_typesupport_fastrtps_cpp.hpp
[2.895s] -- Installing: /home/suzumiyaharuhi/rl_deploy_v2/deploy/install/joint_msgs/include/joint_msgs/joint_msgs/msg/detail/command__rosidl_typesupport_fastrtps_cpp.hpp
[2.895s] -- Installing: /home/suzumiyaharuhi/rl_deploy_v2/deploy/install/joint_msgs/include/joint_msgs/joint_msgs/msg/detail/dds_fastrtps
[2.895s] -- Installing: /home/suzumiyaharuhi/rl_deploy_v2/deploy/install/joint_msgs/include/joint_msgs/joint_msgs/msg/detail/joint_command__rosidl_typesupport_fastrtps_cpp.hpp
[2.895s] -- Installing: /home/suzumiyaharuhi/rl_deploy_v2/deploy/install/joint_msgs/include/joint_msgs/joint_msgs/msg/detail/foot_sensor_state__rosidl_typesupport_fastrtps_cpp.hpp
[2.895s] -- Installing: /home/suzumiyaharuhi/rl_deploy_v2/deploy/install/joint_msgs/lib/libjoint_msgs__rosidl_typesupport_fastrtps_cpp.so
[2.895s] -- Set runtime path of "/home/suzumiyaharuhi/rl_deploy_v2/deploy/install/joint_msgs/lib/libjoint_msgs__rosidl_typesupport_fastrtps_cpp.so" to ""
[2.895s] -- Up-to-date: /home/suzumiyaharuhi/rl_deploy_v2/deploy/install/joint_msgs/include/joint_msgs/joint_msgs
[2.895s] -- Up-to-date: /home/suzumiyaharuhi/rl_deploy_v2/deploy/install/joint_msgs/include/joint_msgs/joint_msgs/msg
[2.895s] -- Installing: /home/suzumiyaharuhi/rl_deploy_v2/deploy/install/joint_msgs/include/joint_msgs/joint_msgs/msg/rosidl_typesupport_introspection_c__visibility_control.h
[2.896s] -- Up-to-date: /home/suzumiyaharuhi/rl_deploy_v2/deploy/install/joint_msgs/include/joint_msgs/joint_msgs/msg/detail
[2.896s] -- Installing: /home/suzumiyaharuhi/rl_deploy_v2/deploy/install/joint_msgs/include/joint_msgs/joint_msgs/msg/detail/joint_command__type_support.c
[2.896s] -- Installing: /home/suzumiyaharuhi/rl_deploy_v2/deploy/install/joint_msgs/include/joint_msgs/joint_msgs/msg/detail/command__type_support.c
[2.896s] -- Installing: /home/suzumiyaharuhi/rl_deploy_v2/deploy/install/joint_msgs/include/joint_msgs/joint_msgs/msg/detail/foot_sensor__rosidl_typesupport_introspection_c.h
[2.896s] -- Installing: /home/suzumiyaharuhi/rl_deploy_v2/deploy/install/joint_msgs/include/joint_msgs/joint_msgs/msg/detail/state__rosidl_typesupport_introspection_c.h
[2.896s] -- Installing: /home/suzumiyaharuhi/rl_deploy_v2/deploy/install/joint_msgs/include/joint_msgs/joint_msgs/msg/detail/joint_state__type_support.c
[2.896s] -- Installing: /home/suzumiyaharuhi/rl_deploy_v2/deploy/install/joint_msgs/include/joint_msgs/joint_msgs/msg/detail/state__type_support.c
[2.896s] -- Installing: /home/suzumiyaharuhi/rl_deploy_v2/deploy/install/joint_msgs/include/joint_msgs/joint_msgs/msg/detail/joint_command__rosidl_typesupport_introspection_c.h
[2.896s] -- Installing: /home/suzumiyaharuhi/rl_deploy_v2/deploy/install/joint_msgs/include/joint_msgs/joint_msgs/msg/detail/joint_state__rosidl_typesupport_introspection_c.h
[2.896s] -- Installing: /home/suzumiyaharuhi/rl_deploy_v2/deploy/install/joint_msgs/include/joint_msgs/joint_msgs/msg/detail/foot_sensor_state__type_support.c
[2.896s] -- Installing: /home/suzumiyaharuhi/rl_deploy_v2/deploy/install/joint_msgs/include/joint_msgs/joint_msgs/msg/detail/command__rosidl_typesupport_introspection_c.h
[2.896s] -- Installing: /home/suzumiyaharuhi/rl_deploy_v2/deploy/install/joint_msgs/include/joint_msgs/joint_msgs/msg/detail/foot_sensor__type_support.c
[2.896s] -- Installing: /home/suzumiyaharuhi/rl_deploy_v2/deploy/install/joint_msgs/include/joint_msgs/joint_msgs/msg/detail/foot_sensor_state__rosidl_typesupport_introspection_c.h
[2.896s] -- Installing: /home/suzumiyaharuhi/rl_deploy_v2/deploy/install/joint_msgs/lib/libjoint_msgs__rosidl_typesupport_introspection_c.so
[2.896s] -- Set runtime path of "/home/suzumiyaharuhi/rl_deploy_v2/deploy/install/joint_msgs/lib/libjoint_msgs__rosidl_typesupport_introspection_c.so" to ""
[2.897s] -- Installing: /home/suzumiyaharuhi/rl_deploy_v2/deploy/install/joint_msgs/lib/libjoint_msgs__rosidl_typesupport_c.so
[2.897s] -- Set runtime path of "/home/suzumiyaharuhi/rl_deploy_v2/deploy/install/joint_msgs/lib/libjoint_msgs__rosidl_typesupport_c.so" to ""
[2.897s] -- Up-to-date: /home/suzumiyaharuhi/rl_deploy_v2/deploy/install/joint_msgs/include/joint_msgs/joint_msgs
[2.897s] -- Up-to-date: /home/suzumiyaharuhi/rl_deploy_v2/deploy/install/joint_msgs/include/joint_msgs/joint_msgs/msg
[2.897s] -- Up-to-date: /home/suzumiyaharuhi/rl_deploy_v2/deploy/install/joint_msgs/include/joint_msgs/joint_msgs/msg/detail
[2.897s] -- Installing: /home/suzumiyaharuhi/rl_deploy_v2/deploy/install/joint_msgs/include/joint_msgs/joint_msgs/msg/detail/foot_sensor_state__rosidl_typesupport_introspection_cpp.hpp
[2.897s] -- Installing: /home/suzumiyaharuhi/rl_deploy_v2/deploy/install/joint_msgs/include/joint_msgs/joint_msgs/msg/detail/foot_sensor__type_support.cpp
[2.897s] -- Installing: /home/suzumiyaharuhi/rl_deploy_v2/deploy/install/joint_msgs/include/joint_msgs/joint_msgs/msg/detail/joint_state__type_support.cpp
[2.897s] -- Installing: /home/suzumiyaharuhi/rl_deploy_v2/deploy/install/joint_msgs/include/joint_msgs/joint_msgs/msg/detail/state__type_support.cpp
[2.897s] -- Installing: /home/suzumiyaharuhi/rl_deploy_v2/deploy/install/joint_msgs/include/joint_msgs/joint_msgs/msg/detail/foot_sensor_state__type_support.cpp
[2.897s] -- Installing: /home/suzumiyaharuhi/rl_deploy_v2/deploy/install/joint_msgs/include/joint_msgs/joint_msgs/msg/detail/foot_sensor__rosidl_typesupport_introspection_cpp.hpp
[2.897s] -- Installing: /home/suzumiyaharuhi/rl_deploy_v2/deploy/install/joint_msgs/include/joint_msgs/joint_msgs/msg/detail/joint_state__rosidl_typesupport_introspection_cpp.hpp
[2.897s] -- Installing: /home/suzumiyaharuhi/rl_deploy_v2/deploy/install/joint_msgs/include/joint_msgs/joint_msgs/msg/detail/state__rosidl_typesupport_introspection_cpp.hpp
[2.897s] -- Installing: /home/suzumiyaharuhi/rl_deploy_v2/deploy/install/joint_msgs/include/joint_msgs/joint_msgs/msg/detail/command__rosidl_typesupport_introspection_cpp.hpp
[2.897s] -- Installing: /home/suzumiyaharuhi/rl_deploy_v2/deploy/install/joint_msgs/include/joint_msgs/joint_msgs/msg/detail/joint_command__type_support.cpp
[2.898s] -- Installing: /home/suzumiyaharuhi/rl_deploy_v2/deploy/install/joint_msgs/include/joint_msgs/joint_msgs/msg/detail/joint_command__rosidl_typesupport_introspection_cpp.hpp
[2.898s] -- Installing: /home/suzumiyaharuhi/rl_deploy_v2/deploy/install/joint_msgs/include/joint_msgs/joint_msgs/msg/detail/command__type_support.cpp
[2.898s] -- Installing: /home/suzumiyaharuhi/rl_deploy_v2/deploy/install/joint_msgs/lib/libjoint_msgs__rosidl_typesupport_introspection_cpp.so
[2.898s] -- Set runtime path of "/home/suzumiyaharuhi/rl_deploy_v2/deploy/install/joint_msgs/lib/libjoint_msgs__rosidl_typesupport_introspection_cpp.so" to ""
[2.898s] -- Installing: /home/suzumiyaharuhi/rl_deploy_v2/deploy/install/joint_msgs/lib/libjoint_msgs__rosidl_typesupport_cpp.so
[2.898s] -- Set runtime path of "/home/suzumiyaharuhi/rl_deploy_v2/deploy/install/joint_msgs/lib/libjoint_msgs__rosidl_typesupport_cpp.so" to ""
[2.898s] -- Installing: /home/suzumiyaharuhi/rl_deploy_v2/deploy/install/joint_msgs/share/joint_msgs/environment/pythonpath.sh
[2.898s] -- Installing: /home/suzumiyaharuhi/rl_deploy_v2/deploy/install/joint_msgs/share/joint_msgs/environment/pythonpath.dsv
[2.898s] -- Installing: /home/suzumiyaharuhi/rl_deploy_v2/deploy/install/joint_msgs/local/lib/python3.10/dist-packages/joint_msgs-0.1.0-py3.10.egg-info
[2.898s] -- Installing: /home/suzumiyaharuhi/rl_deploy_v2/deploy/install/joint_msgs/local/lib/python3.10/dist-packages/joint_msgs-0.1.0-py3.10.egg-info/dependency_links.txt
[2.898s] -- Installing: /home/suzumiyaharuhi/rl_deploy_v2/deploy/install/joint_msgs/local/lib/python3.10/dist-packages/joint_msgs-0.1.0-py3.10.egg-info/PKG-INFO
[2.898s] -- Installing: /home/suzumiyaharuhi/rl_deploy_v2/deploy/install/joint_msgs/local/lib/python3.10/dist-packages/joint_msgs-0.1.0-py3.10.egg-info/SOURCES.txt
[2.898s] -- Installing: /home/suzumiyaharuhi/rl_deploy_v2/deploy/install/joint_msgs/local/lib/python3.10/dist-packages/joint_msgs-0.1.0-py3.10.egg-info/top_level.txt
[2.899s] -- Installing: /home/suzumiyaharuhi/rl_deploy_v2/deploy/install/joint_msgs/local/lib/python3.10/dist-packages/joint_msgs
[2.899s] -- Installing: /home/suzumiyaharuhi/rl_deploy_v2/deploy/install/joint_msgs/local/lib/python3.10/dist-packages/joint_msgs/_joint_msgs_s.ep.rosidl_typesupport_fastrtps_c.c
[2.899s] -- Installing: /home/suzumiyaharuhi/rl_deploy_v2/deploy/install/joint_msgs/local/lib/python3.10/dist-packages/joint_msgs/joint_msgs_s__rosidl_typesupport_introspection_c.cpython-310-x86_64-linux-gnu.so
[2.899s] -- Installing: /home/suzumiyaharuhi/rl_deploy_v2/deploy/install/joint_msgs/local/lib/python3.10/dist-packages/joint_msgs/libjoint_msgs__rosidl_generator_py.so
[2.899s] -- Installing: /home/suzumiyaharuhi/rl_deploy_v2/deploy/install/joint_msgs/local/lib/python3.10/dist-packages/joint_msgs/joint_msgs_s__rosidl_typesupport_c.cpython-310-x86_64-linux-gnu.so
[2.899s] -- Installing: /home/suzumiyaharuhi/rl_deploy_v2/deploy/install/joint_msgs/local/lib/python3.10/dist-packages/joint_msgs/joint_msgs_s__rosidl_typesupport_fastrtps_c.cpython-310-x86_64-linux-gnu.so
[2.899s] -- Installing: /home/suzumiyaharuhi/rl_deploy_v2/deploy/install/joint_msgs/local/lib/python3.10/dist-packages/joint_msgs/msg
[2.899s] -- Installing: /home/suzumiyaharuhi/rl_deploy_v2/deploy/install/joint_msgs/local/lib/python3.10/dist-packages/joint_msgs/msg/_foot_sensor.py
[2.899s] -- Installing: /home/suzumiyaharuhi/rl_deploy_v2/deploy/install/joint_msgs/local/lib/python3.10/dist-packages/joint_msgs/msg/_joint_command_s.c
[2.899s] -- Installing: /home/suzumiyaharuhi/rl_deploy_v2/deploy/install/joint_msgs/local/lib/python3.10/dist-packages/joint_msgs/msg/_foot_sensor_state_s.c
[2.899s] -- Installing: /home/suzumiyaharuhi/rl_deploy_v2/deploy/install/joint_msgs/local/lib/python3.10/dist-packages/joint_msgs/msg/_joint_command.py
[2.899s] -- Installing: /home/suzumiyaharuhi/rl_deploy_v2/deploy/install/joint_msgs/local/lib/python3.10/dist-packages/joint_msgs/msg/_foot_sensor_state.py
[2.899s] -- Installing: /home/suzumiyaharuhi/rl_deploy_v2/deploy/install/joint_msgs/local/lib/python3.10/dist-packages/joint_msgs/msg/_joint_state.py
[2.899s] -- Installing: /home/suzumiyaharuhi/rl_deploy_v2/deploy/install/joint_msgs/local/lib/python3.10/dist-packages/joint_msgs/msg/_command.py
[2.899s] -- Installing: /home/suzumiyaharuhi/rl_deploy_v2/deploy/install/joint_msgs/local/lib/python3.10/dist-packages/joint_msgs/msg/_state_s.c
[2.899s] -- Installing: /home/suzumiyaharuhi/rl_deploy_v2/deploy/install/joint_msgs/local/lib/python3.10/dist-packages/joint_msgs/msg/_foot_sensor_s.c
[2.900s] -- Installing: /home/suzumiyaharuhi/rl_deploy_v2/deploy/install/joint_msgs/local/lib/python3.10/dist-packages/joint_msgs/msg/_joint_state_s.c
[2.900s] -- Installing: /home/suzumiyaharuhi/rl_deploy_v2/deploy/install/joint_msgs/local/lib/python3.10/dist-packages/joint_msgs/msg/_state.py
[2.900s] -- Installing: /home/suzumiyaharuhi/rl_deploy_v2/deploy/install/joint_msgs/local/lib/python3.10/dist-packages/joint_msgs/msg/__init__.py
[2.900s] -- Installing: /home/suzumiyaharuhi/rl_deploy_v2/deploy/install/joint_msgs/local/lib/python3.10/dist-packages/joint_msgs/msg/_command_s.c
[2.900s] -- Installing: /home/suzumiyaharuhi/rl_deploy_v2/deploy/install/joint_msgs/local/lib/python3.10/dist-packages/joint_msgs/_joint_msgs_s.ep.rosidl_typesupport_introspection_c.c
[2.900s] -- Installing: /home/suzumiyaharuhi/rl_deploy_v2/deploy/install/joint_msgs/local/lib/python3.10/dist-packages/joint_msgs/_joint_msgs_s.ep.rosidl_typesupport_c.c
[2.900s] -- Installing: /home/suzumiyaharuhi/rl_deploy_v2/deploy/install/joint_msgs/local/lib/python3.10/dist-packages/joint_msgs/__init__.py
[2.932s] Listing '/home/suzumiyaharuhi/rl_deploy_v2/deploy/install/joint_msgs/local/lib/python3.10/dist-packages/joint_msgs'...
[2.932s] Compiling '/home/suzumiyaharuhi/rl_deploy_v2/deploy/install/joint_msgs/local/lib/python3.10/dist-packages/joint_msgs/__init__.py'...
[2.932s] Listing '/home/suzumiyaharuhi/rl_deploy_v2/deploy/install/joint_msgs/local/lib/python3.10/dist-packages/joint_msgs/msg'...
[2.932s] Compiling '/home/suzumiyaharuhi/rl_deploy_v2/deploy/install/joint_msgs/local/lib/python3.10/dist-packages/joint_msgs/msg/__init__.py'...
[2.932s] Compiling '/home/suzumiyaharuhi/rl_deploy_v2/deploy/install/joint_msgs/local/lib/python3.10/dist-packages/joint_msgs/msg/_command.py'...
[2.932s] Compiling '/home/suzumiyaharuhi/rl_deploy_v2/deploy/install/joint_msgs/local/lib/python3.10/dist-packages/joint_msgs/msg/_foot_sensor.py'...
[2.932s] Compiling '/home/suzumiyaharuhi/rl_deploy_v2/deploy/install/joint_msgs/local/lib/python3.10/dist-packages/joint_msgs/msg/_foot_sensor_state.py'...
[2.932s] Compiling '/home/suzumiyaharuhi/rl_deploy_v2/deploy/install/joint_msgs/local/lib/python3.10/dist-packages/joint_msgs/msg/_joint_command.py'...
[2.932s] Compiling '/home/suzumiyaharuhi/rl_deploy_v2/deploy/install/joint_msgs/local/lib/python3.10/dist-packages/joint_msgs/msg/_joint_state.py'...
[2.932s] Compiling '/home/suzumiyaharuhi/rl_deploy_v2/deploy/install/joint_msgs/local/lib/python3.10/dist-packages/joint_msgs/msg/_state.py'...
[2.935s] -- Installing: /home/suzumiyaharuhi/rl_deploy_v2/deploy/install/joint_msgs/local/lib/python3.10/dist-packages/joint_msgs/joint_msgs_s__rosidl_typesupport_fastrtps_c.cpython-310-x86_64-linux-gnu.so
[2.935s] -- Set runtime path of "/home/suzumiyaharuhi/rl_deploy_v2/deploy/install/joint_msgs/local/lib/python3.10/dist-packages/joint_msgs/joint_msgs_s__rosidl_typesupport_fastrtps_c.cpython-310-x86_64-linux-gnu.so" to ""
[2.935s] -- Installing: /home/suzumiyaharuhi/rl_deploy_v2/deploy/install/joint_msgs/local/lib/python3.10/dist-packages/joint_msgs/joint_msgs_s__rosidl_typesupport_introspection_c.cpython-310-x86_64-linux-gnu.so
[2.935s] -- Set runtime path of "/home/suzumiyaharuhi/rl_deploy_v2/deploy/install/joint_msgs/local/lib/python3.10/dist-packages/joint_msgs/joint_msgs_s__rosidl_typesupport_introspection_c.cpython-310-x86_64-linux-gnu.so" to ""
[2.936s] -- Installing: /home/suzumiyaharuhi/rl_deploy_v2/deploy/install/joint_msgs/local/lib/python3.10/dist-packages/joint_msgs/joint_msgs_s__rosidl_typesupport_c.cpython-310-x86_64-linux-gnu.so
[2.936s] -- Set runtime path of "/home/suzumiyaharuhi/rl_deploy_v2/deploy/install/joint_msgs/local/lib/python3.10/dist-packages/joint_msgs/joint_msgs_s__rosidl_typesupport_c.cpython-310-x86_64-linux-gnu.so" to ""
[2.936s] -- Installing: /home/suzumiyaharuhi/rl_deploy_v2/deploy/install/joint_msgs/lib/libjoint_msgs__rosidl_generator_py.so
[2.936s] -- Set runtime path of "/home/suzumiyaharuhi/rl_deploy_v2/deploy/install/joint_msgs/lib/libjoint_msgs__rosidl_generator_py.so" to ""
[2.936s] -- Installing: /home/suzumiyaharuhi/rl_deploy_v2/deploy/install/joint_msgs/share/joint_msgs/msg/Command.idl
[2.936s] -- Installing: /home/suzumiyaharuhi/rl_deploy_v2/deploy/install/joint_msgs/share/joint_msgs/msg/JointCommand.idl
[2.936s] -- Installing: /home/suzumiyaharuhi/rl_deploy_v2/deploy/install/joint_msgs/share/joint_msgs/msg/JointState.idl
[2.936s] -- Installing: /home/suzumiyaharuhi/rl_deploy_v2/deploy/install/joint_msgs/share/joint_msgs/msg/State.idl
[2.936s] -- Installing: /home/suzumiyaharuhi/rl_deploy_v2/deploy/install/joint_msgs/share/joint_msgs/msg/FootSensor.idl
[2.936s] -- Installing: /home/suzumiyaharuhi/rl_deploy_v2/deploy/install/joint_msgs/share/joint_msgs/msg/FootSensorState.idl
[2.936s] -- Installing: /home/suzumiyaharuhi/rl_deploy_v2/deploy/install/joint_msgs/share/joint_msgs/msg/Command.msg
[2.936s] -- Installing: /home/suzumiyaharuhi/rl_deploy_v2/deploy/install/joint_msgs/share/joint_msgs/msg/JointCommand.msg
[2.936s] -- Installing: /home/suzumiyaharuhi/rl_deploy_v2/deploy/install/joint_msgs/share/joint_msgs/msg/JointState.msg
[2.937s] -- Installing: /home/suzumiyaharuhi/rl_deploy_v2/deploy/install/joint_msgs/share/joint_msgs/msg/State.msg
[2.937s] -- Installing: /home/suzumiyaharuhi/rl_deploy_v2/deploy/install/joint_msgs/share/joint_msgs/msg/FootSensor.msg
[2.937s] -- Installing: /home/suzumiyaharuhi/rl_deploy_v2/deploy/install/joint_msgs/share/joint_msgs/msg/FootSensorState.msg
[2.937s] -- Installing: /home/suzumiyaharuhi/rl_deploy_v2/deploy/install/joint_msgs/share/ament_index/resource_index/package_run_dependencies/joint_msgs
[2.937s] -- Installing: /home/suzumiyaharuhi/rl_deploy_v2/deploy/install/joint_msgs/share/ament_index/resource_index/parent_prefix_path/joint_msgs
[2.937s] -- Installing: /home/suzumiyaharuhi/rl_deploy_v2/deploy/install/joint_msgs/share/joint_msgs/environment/ament_prefix_path.sh
[2.937s] -- Installing: /home/suzumiyaharuhi/rl_deploy_v2/deploy/install/joint_msgs/share/joint_msgs/environment/ament_prefix_path.dsv
[2.937s] -- Installing: /home/suzumiyaharuhi/rl_deploy_v2/deploy/install/joint_msgs/share/joint_msgs/environment/path.sh
[2.937s] -- Installing: /home/suzumiyaharuhi/rl_deploy_v2/deploy/install/joint_msgs/share/joint_msgs/environment/path.dsv
[2.937s] -- Installing: /home/suzumiyaharuhi/rl_deploy_v2/deploy/install/joint_msgs/share/joint_msgs/local_setup.bash
[2.937s] -- Installing: /home/suzumiyaharuhi/rl_deploy_v2/deploy/install/joint_msgs/share/joint_msgs/local_setup.sh
[2.937s] -- Installing: /home/suzumiyaharuhi/rl_deploy_v2/deploy/install/joint_msgs/share/joint_msgs/local_setup.zsh
[2.938s] -- Installing: /home/suzumiyaharuhi/rl_deploy_v2/deploy/install/joint_msgs/share/joint_msgs/local_setup.dsv
[2.938s] -- Installing: /home/suzumiyaharuhi/rl_deploy_v2/deploy/install/joint_msgs/share/joint_msgs/package.dsv
[2.938s] -- Installing: /home/suzumiyaharuhi/rl_deploy_v2/deploy/install/joint_msgs/share/ament_index/resource_index/packages/joint_msgs
[2.938s] -- Installing: /home/suzumiyaharuhi/rl_deploy_v2/deploy/install/joint_msgs/share/joint_msgs/cmake/export_joint_msgs__rosidl_generator_cExport.cmake
[2.938s] -- Installing: /home/suzumiyaharuhi/rl_deploy_v2/deploy/install/joint_msgs/share/joint_msgs/cmake/export_joint_msgs__rosidl_generator_cExport-noconfig.cmake
[2.938s] -- Installing: /home/suzumiyaharuhi/rl_deploy_v2/deploy/install/joint_msgs/share/joint_msgs/cmake/export_joint_msgs__rosidl_typesupport_fastrtps_cExport.cmake
[2.938s] -- Installing: /home/suzumiyaharuhi/rl_deploy_v2/deploy/install/joint_msgs/share/joint_msgs/cmake/export_joint_msgs__rosidl_typesupport_fastrtps_cExport-noconfig.cmake
[2.938s] -- Installing: /home/suzumiyaharuhi/rl_deploy_v2/deploy/install/joint_msgs/share/joint_msgs/cmake/export_joint_msgs__rosidl_generator_cppExport.cmake
[2.938s] -- Installing: /home/suzumiyaharuhi/rl_deploy_v2/deploy/install/joint_msgs/share/joint_msgs/cmake/export_joint_msgs__rosidl_typesupport_fastrtps_cppExport.cmake
[2.938s] -- Installing: /home/suzumiyaharuhi/rl_deploy_v2/deploy/install/joint_msgs/share/joint_msgs/cmake/export_joint_msgs__rosidl_typesupport_fastrtps_cppExport-noconfig.cmake
[2.938s] -- Installing: /home/suzumiyaharuhi/rl_deploy_v2/deploy/install/joint_msgs/share/joint_msgs/cmake/joint_msgs__rosidl_typesupport_introspection_cExport.cmake
[2.938s] -- Installing: /home/suzumiyaharuhi/rl_deploy_v2/deploy/install/joint_msgs/share/joint_msgs/cmake/joint_msgs__rosidl_typesupport_introspection_cExport-noconfig.cmake
[2.939s] -- Installing: /home/suzumiyaharuhi/rl_deploy_v2/deploy/install/joint_msgs/share/joint_msgs/cmake/joint_msgs__rosidl_typesupport_cExport.cmake
[2.939s] -- Installing: /home/suzumiyaharuhi/rl_deploy_v2/deploy/install/joint_msgs/share/joint_msgs/cmake/joint_msgs__rosidl_typesupport_cExport-noconfig.cmake
[2.939s] -- Installing: /home/suzumiyaharuhi/rl_deploy_v2/deploy/install/joint_msgs/share/joint_msgs/cmake/joint_msgs__rosidl_typesupport_introspection_cppExport.cmake
[2.939s] -- Installing: /home/suzumiyaharuhi/rl_deploy_v2/deploy/install/joint_msgs/share/joint_msgs/cmake/joint_msgs__rosidl_typesupport_introspection_cppExport-noconfig.cmake
[2.939s] -- Installing: /home/suzumiyaharuhi/rl_deploy_v2/deploy/install/joint_msgs/share/joint_msgs/cmake/joint_msgs__rosidl_typesupport_cppExport.cmake
[2.939s] -- Installing: /home/suzumiyaharuhi/rl_deploy_v2/deploy/install/joint_msgs/share/joint_msgs/cmake/joint_msgs__rosidl_typesupport_cppExport-noconfig.cmake
[2.939s] -- Installing: /home/suzumiyaharuhi/rl_deploy_v2/deploy/install/joint_msgs/share/joint_msgs/cmake/export_joint_msgs__rosidl_generator_pyExport.cmake
[2.939s] -- Installing: /home/suzumiyaharuhi/rl_deploy_v2/deploy/install/joint_msgs/share/joint_msgs/cmake/export_joint_msgs__rosidl_generator_pyExport-noconfig.cmake
[2.939s] -- Installing: /home/suzumiyaharuhi/rl_deploy_v2/deploy/install/joint_msgs/share/joint_msgs/cmake/rosidl_cmake-extras.cmake
[2.939s] -- Installing: /home/suzumiyaharuhi/rl_deploy_v2/deploy/install/joint_msgs/share/joint_msgs/cmake/ament_cmake_export_dependencies-extras.cmake
[2.939s] -- Installing: /home/suzumiyaharuhi/rl_deploy_v2/deploy/install/joint_msgs/share/joint_msgs/cmake/ament_cmake_export_include_directories-extras.cmake
[2.939s] -- Installing: /home/suzumiyaharuhi/rl_deploy_v2/deploy/install/joint_msgs/share/joint_msgs/cmake/ament_cmake_export_libraries-extras.cmake
[2.939s] -- Installing: /home/suzumiyaharuhi/rl_deploy_v2/deploy/install/joint_msgs/share/joint_msgs/cmake/ament_cmake_export_targets-extras.cmake
[2.939s] -- Installing: /home/suzumiyaharuhi/rl_deploy_v2/deploy/install/joint_msgs/share/joint_msgs/cmake/rosidl_cmake_export_typesupport_targets-extras.cmake
[2.939s] -- Installing: /home/suzumiyaharuhi/rl_deploy_v2/deploy/install/joint_msgs/share/joint_msgs/cmake/rosidl_cmake_export_typesupport_libraries-extras.cmake
[2.939s] -- Installing: /home/suzumiyaharuhi/rl_deploy_v2/deploy/install/joint_msgs/share/joint_msgs/cmake/joint_msgsConfig.cmake
[2.939s] -- Installing: /home/suzumiyaharuhi/rl_deploy_v2/deploy/install/joint_msgs/share/joint_msgs/cmake/joint_msgsConfig-version.cmake
[2.939s] -- Installing: /home/suzumiyaharuhi/rl_deploy_v2/deploy/install/joint_msgs/share/joint_msgs/package.xml
[2.943s] Invoked command in '/home/suzumiyaharuhi/rl_deploy_v2/deploy/build/joint_msgs' returned '0': CMAKE_PREFIX_PATH=${CMAKE_PREFIX_PATH}:/opt/ros/humble /home/suzumiyaharuhi/.local/bin/cmake --install /home/suzumiyaharuhi/rl_deploy_v2/deploy/build/joint_msgs
