-- The C compiler identification is GNU 11.4.0
-- The CXX compiler identification is GNU 11.4.0
-- Detecting C compiler ABI info
-- Detecting C compiler ABI info - done
-- Check for working C compiler: /usr/bin/cc - skipped
-- Detecting C compile features
-- Detecting C compile features - done
-- Detecting CXX compiler ABI info
-- Detecting CXX compiler ABI info - done
-- Check for working CXX compiler: /usr/bin/c++ - skipped
-- Detecting CXX compile features
-- Detecting CXX compile features - done
-- Found ament_cmake: 1.3.12 (/opt/ros/humble/share/ament_cmake/cmake)
-- Found Python3: /usr/bin/python3 (found version "3.10.12") found components: Interpreter 
-- Configuring done
-- Generating done
-- Build files have been written to: /home/suzumiyaharuhi/rl_deploy_v2/deploy/build/deploy_assets
-- Install configuration: ""
-- Installing: /home/suzumiyaharuhi/rl_deploy_v2/deploy/install/deploy_assets/thirdparty
-- Installing: /home/suzumiyaharuhi/rl_deploy_v2/deploy/install/deploy_assets/thirdparty/onnxruntime-linux-x64-1.19.2
-- Installing: /home/suzumiyaharuhi/rl_deploy_v2/deploy/install/deploy_assets/thirdparty/onnxruntime-linux-x64-1.19.2/VERSION_NUMBER
-- Installing: /home/suzumiyaharuhi/rl_deploy_v2/deploy/install/deploy_assets/thirdparty/onnxruntime-linux-x64-1.19.2/lib
-- Installing: /home/suzumiyaharuhi/rl_deploy_v2/deploy/install/deploy_assets/thirdparty/onnxruntime-linux-x64-1.19.2/lib/libonnxruntime.so.1.19.2
-- Installing: /home/suzumiyaharuhi/rl_deploy_v2/deploy/install/deploy_assets/thirdparty/onnxruntime-linux-x64-1.19.2/lib/cmake
-- Installing: /home/suzumiyaharuhi/rl_deploy_v2/deploy/install/deploy_assets/thirdparty/onnxruntime-linux-x64-1.19.2/lib/cmake/onnxruntime
-- Installing: /home/suzumiyaharuhi/rl_deploy_v2/deploy/install/deploy_assets/thirdparty/onnxruntime-linux-x64-1.19.2/lib/cmake/onnxruntime/onnxruntimeConfigVersion.cmake
-- Installing: /home/suzumiyaharuhi/rl_deploy_v2/deploy/install/deploy_assets/thirdparty/onnxruntime-linux-x64-1.19.2/lib/cmake/onnxruntime/onnxruntimeConfig.cmake
-- Installing: /home/suzumiyaharuhi/rl_deploy_v2/deploy/install/deploy_assets/thirdparty/onnxruntime-linux-x64-1.19.2/lib/cmake/onnxruntime/onnxruntimeTargets-release.cmake
-- Installing: /home/suzumiyaharuhi/rl_deploy_v2/deploy/install/deploy_assets/thirdparty/onnxruntime-linux-x64-1.19.2/lib/cmake/onnxruntime/onnxruntimeTargets.cmake
-- Installing: /home/suzumiyaharuhi/rl_deploy_v2/deploy/install/deploy_assets/thirdparty/onnxruntime-linux-x64-1.19.2/lib/libonnxruntime.so
-- Installing: /home/suzumiyaharuhi/rl_deploy_v2/deploy/install/deploy_assets/thirdparty/onnxruntime-linux-x64-1.19.2/lib/libonnxruntime.so.1
-- Installing: /home/suzumiyaharuhi/rl_deploy_v2/deploy/install/deploy_assets/thirdparty/onnxruntime-linux-x64-1.19.2/lib/pkgconfig
-- Installing: /home/suzumiyaharuhi/rl_deploy_v2/deploy/install/deploy_assets/thirdparty/onnxruntime-linux-x64-1.19.2/lib/pkgconfig/libonnxruntime.pc
-- Installing: /home/suzumiyaharuhi/rl_deploy_v2/deploy/install/deploy_assets/thirdparty/onnxruntime-linux-x64-1.19.2/lib/libonnxruntime_providers_shared.so
-- Installing: /home/suzumiyaharuhi/rl_deploy_v2/deploy/install/deploy_assets/thirdparty/onnxruntime-linux-x64-1.19.2/include
-- Installing: /home/suzumiyaharuhi/rl_deploy_v2/deploy/install/deploy_assets/thirdparty/onnxruntime-linux-x64-1.19.2/include/onnxruntime_cxx_api.h
-- Installing: /home/suzumiyaharuhi/rl_deploy_v2/deploy/install/deploy_assets/thirdparty/onnxruntime-linux-x64-1.19.2/include/cpu_provider_factory.h
-- Installing: /home/suzumiyaharuhi/rl_deploy_v2/deploy/install/deploy_assets/thirdparty/onnxruntime-linux-x64-1.19.2/include/onnxruntime_run_options_config_keys.h
-- Installing: /home/suzumiyaharuhi/rl_deploy_v2/deploy/install/deploy_assets/thirdparty/onnxruntime-linux-x64-1.19.2/include/onnxruntime_lite_custom_op.h
-- Installing: /home/suzumiyaharuhi/rl_deploy_v2/deploy/install/deploy_assets/thirdparty/onnxruntime-linux-x64-1.19.2/include/onnxruntime_session_options_config_keys.h
-- Installing: /home/suzumiyaharuhi/rl_deploy_v2/deploy/install/deploy_assets/thirdparty/onnxruntime-linux-x64-1.19.2/include/onnxruntime_float16.h
-- Installing: /home/suzumiyaharuhi/rl_deploy_v2/deploy/install/deploy_assets/thirdparty/onnxruntime-linux-x64-1.19.2/include/provider_options.h
-- Installing: /home/suzumiyaharuhi/rl_deploy_v2/deploy/install/deploy_assets/thirdparty/onnxruntime-linux-x64-1.19.2/include/onnxruntime_c_api.h
-- Installing: /home/suzumiyaharuhi/rl_deploy_v2/deploy/install/deploy_assets/thirdparty/onnxruntime-linux-x64-1.19.2/include/onnxruntime_cxx_inline.h
-- Installing: /home/suzumiyaharuhi/rl_deploy_v2/deploy/install/deploy_assets/thirdparty/onnxruntime-linux-x64-1.19.2/include/core
-- Installing: /home/suzumiyaharuhi/rl_deploy_v2/deploy/install/deploy_assets/thirdparty/onnxruntime-linux-x64-1.19.2/include/core/providers
-- Installing: /home/suzumiyaharuhi/rl_deploy_v2/deploy/install/deploy_assets/thirdparty/onnxruntime-linux-x64-1.19.2/include/core/providers/resource.h
-- Installing: /home/suzumiyaharuhi/rl_deploy_v2/deploy/install/deploy_assets/thirdparty/onnxruntime-linux-x64-1.19.2/include/core/providers/custom_op_context.h
-- Installing: /home/suzumiyaharuhi/rl_deploy_v2/deploy/install/deploy_assets/thirdparty/onnxruntime-linux-x64-1.19.2/LICENSE
-- Installing: /home/suzumiyaharuhi/rl_deploy_v2/deploy/install/deploy_assets/thirdparty/onnxruntime-linux-x64-1.19.2/README.md
-- Installing: /home/suzumiyaharuhi/rl_deploy_v2/deploy/install/deploy_assets/thirdparty/onnxruntime-linux-x64-1.19.2/GIT_COMMIT_ID
-- Installing: /home/suzumiyaharuhi/rl_deploy_v2/deploy/install/deploy_assets/thirdparty/onnxruntime-linux-x64-1.19.2/Privacy.md
-- Installing: /home/suzumiyaharuhi/rl_deploy_v2/deploy/install/deploy_assets/thirdparty/onnxruntime-linux-x64-1.19.2/ThirdPartyNotices.txt
-- Installing: /home/suzumiyaharuhi/rl_deploy_v2/deploy/install/deploy_assets/scripts
-- Installing: /home/suzumiyaharuhi/rl_deploy_v2/deploy/install/deploy_assets/scripts/joy_interface.py
-- Installing: /home/suzumiyaharuhi/rl_deploy_v2/deploy/install/deploy_assets/scripts/start_rl_control_sim.sh
-- Installing: /home/suzumiyaharuhi/rl_deploy_v2/deploy/install/deploy_assets/scripts/package.sh
-- Installing: /home/suzumiyaharuhi/rl_deploy_v2/deploy/install/deploy_assets/scripts/start_rl_control_real.sh
-- Installing: /home/suzumiyaharuhi/rl_deploy_v2/deploy/install/deploy_assets/share/ament_index/resource_index/package_run_dependencies/deploy_assets
-- Installing: /home/suzumiyaharuhi/rl_deploy_v2/deploy/install/deploy_assets/share/ament_index/resource_index/parent_prefix_path/deploy_assets
-- Installing: /home/suzumiyaharuhi/rl_deploy_v2/deploy/install/deploy_assets/share/deploy_assets/environment/ament_prefix_path.sh
-- Installing: /home/suzumiyaharuhi/rl_deploy_v2/deploy/install/deploy_assets/share/deploy_assets/environment/ament_prefix_path.dsv
-- Installing: /home/suzumiyaharuhi/rl_deploy_v2/deploy/install/deploy_assets/share/deploy_assets/environment/path.sh
-- Installing: /home/suzumiyaharuhi/rl_deploy_v2/deploy/install/deploy_assets/share/deploy_assets/environment/path.dsv
-- Installing: /home/suzumiyaharuhi/rl_deploy_v2/deploy/install/deploy_assets/share/deploy_assets/local_setup.bash
-- Installing: /home/suzumiyaharuhi/rl_deploy_v2/deploy/install/deploy_assets/share/deploy_assets/local_setup.sh
-- Installing: /home/suzumiyaharuhi/rl_deploy_v2/deploy/install/deploy_assets/share/deploy_assets/local_setup.zsh
-- Installing: /home/suzumiyaharuhi/rl_deploy_v2/deploy/install/deploy_assets/share/deploy_assets/local_setup.dsv
-- Installing: /home/suzumiyaharuhi/rl_deploy_v2/deploy/install/deploy_assets/share/deploy_assets/package.dsv
-- Installing: /home/suzumiyaharuhi/rl_deploy_v2/deploy/install/deploy_assets/share/ament_index/resource_index/packages/deploy_assets
-- Installing: /home/suzumiyaharuhi/rl_deploy_v2/deploy/install/deploy_assets/share/deploy_assets/cmake/deploy_assetsConfig.cmake
-- Installing: /home/suzumiyaharuhi/rl_deploy_v2/deploy/install/deploy_assets/share/deploy_assets/cmake/deploy_assetsConfig-version.cmake
-- Installing: /home/suzumiyaharuhi/rl_deploy_v2/deploy/install/deploy_assets/share/deploy_assets/package.xml
